<html>
<body>
<pre>
<h1>礦ision Build Log</h1>
<h2>Tool Versions:</h2>
IDE-Version: μVision V5.21.1.0
Copyright (C) 2016 ARM Ltd and ARM Germany GmbH. All rights reserved.
License Information: 1 1, 1, LIC=KIVNB-211Y6-RF5IZ-JMEED-F08QE-68NHE
 
Tool Versions:
Toolchain:       MDK-ARM Professional  Version: 5.21a
Toolchain Path:  D:\QRS\MDK514\ARM\ARMCC\Bin
C Compiler:      Armcc.exe V5.06 update 3 (build 300)
Assembler:       Armasm.exe V5.06 update 3 (build 300)
Linker/Locator:  ArmLink.exe V5.06 update 3 (build 300)
Library Manager: ArmAr.exe V5.06 update 3 (build 300)
Hex Converter:   FromElf.exe V5.06 update 3 (build 300)
CPU DLL:         SARMCM3.DLL V5.21a
Dialog DLL:      DCM.DLL V1.13.8.0
Target DLL:      STLink\ST-LINKIII-KEIL_SWO.dll V2.0.18.0
Dialog DLL:      TCM.DLL V1.14.14.0
 
<h2>Project:</h2>
C:\Users\mywife\Desktop\毕业材料\毕设（基于stm32的火情监测系统）\code（keil - test\fire watch.uvprojx
Project File Date:  04/16/2026

<h2>Output:</h2>
*** Using Compiler 'V5.06 update 3 (build 300)', folder: 'D:\QRS\MDK514\ARM\ARMCC\Bin'
Rebuild target 'Target 1'
assembling startup_stm32f40_41xxx.s...
compiling system_stm32f4xx.c...
compiling misc.c...
compiling stm32f4xx_it.c...
compiling stm32f4xx_adc.c...
compiling stm32f4xx_crc.c...
compiling stm32f4xx_cec.c...
compiling stm32f4xx_can.c...
compiling stm32f4xx_dcmi.c...
compiling stm32f4xx_cryp_tdes.c...
compiling stm32f4xx_cryp.c...
compiling stm32f4xx_cryp_des.c...
compiling stm32f4xx_dbgmcu.c...
compiling stm32f4xx_dac.c...
compiling stm32f4xx_cryp_aes.c...
compiling stm32f4xx_dsi.c...
compiling stm32f4xx_exti.c...
compiling stm32f4xx_dma2d.c...
compiling stm32f4xx_flash.c...
compiling stm32f4xx_dfsdm.c...
compiling stm32f4xx_flash_ramfunc.c...
compiling stm32f4xx_dma.c...
compiling stm32f4xx_i2c.c...
compiling stm32f4xx_fmpi2c.c...
compiling stm32f4xx_hash_sha1.c...
compiling stm32f4xx_fsmc.c...
compiling stm32f4xx_gpio.c...
compiling stm32f4xx_hash_md5.c...
compiling stm32f4xx_hash.c...
compiling stm32f4xx_iwdg.c...
compiling stm32f4xx_lptim.c...
compiling stm32f4xx_qspi.c...
compiling stm32f4xx_rng.c...
compiling stm32f4xx_pwr.c...
compiling stm32f4xx_ltdc.c...
compiling stm32f4xx_rcc.c...
compiling stm32f4xx_syscfg.c...
compiling stm32f4xx_sdio.c...
compiling stm32f4xx_spdifrx.c...
compiling stm32f4xx_sai.c...
compiling stm32f4xx_spi.c...
compiling stm32f4xx_rtc.c...
compiling stm32f4xx_tim.c...
compiling stm32f4xx_wwdg.c...
compiling sys.c...
compiling stm32f4xx_usart.c...
compiling usart.c...
compiling usart2.c...
compiling delay.c...
compiling main.c...
Core\src\main.c(195): warning:  #223-D: function "My_DCMI_Init" declared implicitly
      My_DCMI_Init();
Core\src\main.c: 1 warning, 0 errors
compiling usart3.c...
Core\src\usart3.c(60): warning:  #223-D: function "Safe_Printf" declared implicitly
      Safe_Printf("[USART3] 鍒?濮?鍖?瀹?鎴?锛?娉?鐗?鐜?: %lu\r\n", bound);
Core\src\usart3.c(60): warning:  #870-D: invalid multibyte character sequence
      Safe_Printf("[USART3] 鍒?濮?鍖?瀹?鎴?锛?娉?鐗?鐜?: %lu\r\n", bound);
Core\src\usart3.c(80): warning:  #223-D: function "Safe_Printf" declared implicitly
      Safe_Printf("[USART3] 涓?鏂?閰?缃?瀹?鎴?\r\n");
Core\src\usart3.c: 3 warnings, 0 errors
compiling led.c...
compiling dht11.c...
compiling RTC.c...
compiling ESP8266.c...
compiling key.c...
compiling extsram.c...
compiling smoke.c...
Hardware_BSP\src\smoke.c(55): warning:  #223-D: function "printf" declared implicitly
              printf("[Smoke] ADC Timeout Error!\r\n");
Hardware_BSP\src\smoke.c: 1 warning, 0 errors
compiling water_pump.c...
compiling fire_detection.c...
compiling esp8266_report.c...
compiling sccb.c...
compiling ov5640.c...
Hardware_BSP\ov5640\ov5640.c(11): warning:  #47-D: incompatible redefinition of macro "OV5640_ADDR" (declared at line 27 of "Hardware_BSP\ov5640\sccb.h")
  #define OV5640_ADDR     0X78        //OV5640鐨?IIC鍦?鍧�
Hardware_BSP\ov5640\ov5640.c: 1 warning, 0 errors
compiling dcmi.c...
compiling task_network.c...
compiling jpeg_decoder.c...
Components\src\jpeg_decoder.c(164): warning:  #223-D: function "printf" declared implicitly
          printf("[JPEG Decoder] Prepare failed: %d\r\n", result);
Components\src\jpeg_decoder.c(178): warning:  #167-D: argument of type "uint32_t (*)(JDEC *, void *, JRECT *)" is incompatible with parameter of type "int (*)(JDEC *, void *, JRECT *)"
      result = jd_decomp(&jdec, output_func, decode_state.scale);
Components\src\jpeg_decoder.c(181): warning:  #223-D: function "printf" declared implicitly
          printf("[JPEG Decoder] Decompress failed: %d\r\n", result);
Components\src\jpeg_decoder.c(130): warning:  #550-D: variable "end_time" was set but never used
      uint32_t start_time, end_time;
Components\src\jpeg_decoder.c(285): warning:  #223-D: function "printf" declared implicitly
          printf("[JPEG Decoder] No decoded image\r\n");
Components\src\jpeg_decoder.c: 5 warnings, 0 errors
compiling image_preprocess.c...
compiling task_vision.c...
compiling task_hmi.c...
compiling ai_decision.c...
Application\src\ai_decision.c(90): warning:  #870-D: invalid multibyte character sequence
          Safe_Printf("=> 宸?鎭?澶? AI 鑷?鍔?鎵?绠?锛?\r\n");
Application\src\ai_decision.c(132): warning:  #1035-D: single-precision operand implicitly converted to double-precision
      if (g_core_state.virtual_current > 10.0) 
Application\src\ai_decision.c: 2 warnings, 0 errors
compiling jpeg_serial.c...
Components\src\jpeg_serial.c(496): warning:  #223-D: function "DCMI_DMA_Init" declared implicitly
      DCMI_DMA_Init((u32)jpeg_buf_a, JPEG_MAX_SIZE / 4, DMA_MemoryDataSize_Word, DMA_MemoryInc_Enable);
Components\src\jpeg_serial.c: 1 warning, 0 errors
compiling timers.c...
compiling list.c...
compiling event_groups.c...
compiling croutine.c...
compiling heap_4.c...
compiling queue.c...
compiling tasks.c...
compiling tjpgd.c...
compiling port.c...
linking...
Program Size: Code=37612 RO-data=3700 RW-data=312 ZI-data=127504  
FromELF: creating hex file...
".\Objects\fire watch.axf" - 0 Error(s), 14 Warning(s).

<h2>Collection of Component include folders:</h2>
  C:\Users\mywife\Desktop\毕业材料\毕设（基于stm32的火情监测系统）\code（keil - test\RTE
  D:\QRS\MDK514\ARM\PACK\Keil\STM32F4xx_DFP\2.14.0\Drivers\CMSIS\Device\ST\STM32F4xx\Include

<h2>Collection of Component Files used:</h2>
Build Time Elapsed:  00:00:31
</pre>
</body>
</html>
