Component: ARM Compiler 5.06 update 3 (build 300) Tool: armlink [4d35c9]

==============================================================================

Section Cross References

    system_stm32f4xx.o(i.SystemCoreClockUpdate) refers to system_stm32f4xx.o(.data) for SystemCoreClock
    system_stm32f4xx.o(i.SystemInit) refers to system_stm32f4xx.o(i.SetSysClock) for SetSysClock
    startup_stm32f40_41xxx.o(RESET) refers to startup_stm32f40_41xxx.o(STACK) for __initial_sp
    startup_stm32f40_41xxx.o(RESET) refers to startup_stm32f40_41xxx.o(.text) for Reset_Handler
    startup_stm32f40_41xxx.o(RESET) refers to stm32f4xx_it.o(i.NMI_Handler) for NMI_Handler
    startup_stm32f40_41xxx.o(RESET) refers to stm32f4xx_it.o(i.HardFault_Handler) for HardFault_Handler
    startup_stm32f40_41xxx.o(RESET) refers to stm32f4xx_it.o(i.MemManage_Handler) for MemManage_Handler
    startup_stm32f40_41xxx.o(RESET) refers to stm32f4xx_it.o(i.BusFault_Handler) for BusFault_Handler
    startup_stm32f40_41xxx.o(RESET) refers to stm32f4xx_it.o(i.UsageFault_Handler) for UsageFault_Handler
    startup_stm32f40_41xxx.o(RESET) refers to port.o(.emb_text) for SVC_Handler
    startup_stm32f40_41xxx.o(RESET) refers to stm32f4xx_it.o(i.DebugMon_Handler) for DebugMon_Handler
    startup_stm32f40_41xxx.o(RESET) refers to port.o(i.SysTick_Handler) for SysTick_Handler
    startup_stm32f40_41xxx.o(RESET) refers to usart.o(i.USART1_IRQHandler) for USART1_IRQHandler
    startup_stm32f40_41xxx.o(RESET) refers to usart2.o(i.USART2_IRQHandler) for USART2_IRQHandler
    startup_stm32f40_41xxx.o(RESET) refers to usart3.o(i.USART3_IRQHandler) for USART3_IRQHandler
    startup_stm32f40_41xxx.o(RESET) refers to jpeg_serial.o(i.DMA2_Stream1_IRQHandler) for DMA2_Stream1_IRQHandler
    startup_stm32f40_41xxx.o(RESET) refers to usart.o(i.DMA2_Stream7_IRQHandler) for DMA2_Stream7_IRQHandler
    startup_stm32f40_41xxx.o(RESET) refers to dcmi.o(i.DCMI_IRQHandler) for DCMI_IRQHandler
    startup_stm32f40_41xxx.o(.text) refers to system_stm32f4xx.o(i.SystemInit) for SystemInit
    startup_stm32f40_41xxx.o(.text) refers to entry.o(.ARM.Collect$$$$00000000) for __main
    stm32f4xx_adc.o(i.ADC_DeInit) refers to stm32f4xx_rcc.o(i.RCC_APB2PeriphResetCmd) for RCC_APB2PeriphResetCmd
    stm32f4xx_can.o(i.CAN_DeInit) refers to stm32f4xx_rcc.o(i.RCC_APB1PeriphResetCmd) for RCC_APB1PeriphResetCmd
    stm32f4xx_can.o(i.CAN_GetITStatus) refers to stm32f4xx_can.o(i.CheckITStatus) for CheckITStatus
    stm32f4xx_cryp.o(i.CRYP_DeInit) refers to stm32f4xx_rcc.o(i.RCC_AHB2PeriphResetCmd) for RCC_AHB2PeriphResetCmd
    stm32f4xx_cryp_aes.o(i.CRYP_AES_CBC) refers to stm32f4xx_cryp.o(i.CRYP_KeyStructInit) for CRYP_KeyStructInit
    stm32f4xx_cryp_aes.o(i.CRYP_AES_CBC) refers to stm32f4xx_cryp.o(i.CRYP_FIFOFlush) for CRYP_FIFOFlush
    stm32f4xx_cryp_aes.o(i.CRYP_AES_CBC) refers to stm32f4xx_cryp.o(i.CRYP_Init) for CRYP_Init
    stm32f4xx_cryp_aes.o(i.CRYP_AES_CBC) refers to stm32f4xx_cryp.o(i.CRYP_KeyInit) for CRYP_KeyInit
    stm32f4xx_cryp_aes.o(i.CRYP_AES_CBC) refers to stm32f4xx_cryp.o(i.CRYP_Cmd) for CRYP_Cmd
    stm32f4xx_cryp_aes.o(i.CRYP_AES_CBC) refers to stm32f4xx_cryp.o(i.CRYP_GetFlagStatus) for CRYP_GetFlagStatus
    stm32f4xx_cryp_aes.o(i.CRYP_AES_CBC) refers to stm32f4xx_cryp.o(i.CRYP_IVInit) for CRYP_IVInit
    stm32f4xx_cryp_aes.o(i.CRYP_AES_CBC) refers to stm32f4xx_cryp.o(i.CRYP_GetCmdStatus) for CRYP_GetCmdStatus
    stm32f4xx_cryp_aes.o(i.CRYP_AES_CBC) refers to stm32f4xx_cryp.o(i.CRYP_DataIn) for CRYP_DataIn
    stm32f4xx_cryp_aes.o(i.CRYP_AES_CBC) refers to stm32f4xx_cryp.o(i.CRYP_DataOut) for CRYP_DataOut
    stm32f4xx_cryp_aes.o(i.CRYP_AES_CCM) refers to stm32f4xx_cryp.o(i.CRYP_KeyStructInit) for CRYP_KeyStructInit
    stm32f4xx_cryp_aes.o(i.CRYP_AES_CCM) refers to stm32f4xx_cryp.o(i.CRYP_FIFOFlush) for CRYP_FIFOFlush
    stm32f4xx_cryp_aes.o(i.CRYP_AES_CCM) refers to stm32f4xx_cryp.o(i.CRYP_KeyInit) for CRYP_KeyInit
    stm32f4xx_cryp_aes.o(i.CRYP_AES_CCM) refers to stm32f4xx_cryp.o(i.CRYP_IVInit) for CRYP_IVInit
    stm32f4xx_cryp_aes.o(i.CRYP_AES_CCM) refers to stm32f4xx_cryp.o(i.CRYP_Init) for CRYP_Init
    stm32f4xx_cryp_aes.o(i.CRYP_AES_CCM) refers to stm32f4xx_cryp.o(i.CRYP_PhaseConfig) for CRYP_PhaseConfig
    stm32f4xx_cryp_aes.o(i.CRYP_AES_CCM) refers to stm32f4xx_cryp.o(i.CRYP_DataIn) for CRYP_DataIn
    stm32f4xx_cryp_aes.o(i.CRYP_AES_CCM) refers to stm32f4xx_cryp.o(i.CRYP_Cmd) for CRYP_Cmd
    stm32f4xx_cryp_aes.o(i.CRYP_AES_CCM) refers to stm32f4xx_cryp.o(i.CRYP_GetCmdStatus) for CRYP_GetCmdStatus
    stm32f4xx_cryp_aes.o(i.CRYP_AES_CCM) refers to stm32f4xx_cryp.o(i.CRYP_GetFlagStatus) for CRYP_GetFlagStatus
    stm32f4xx_cryp_aes.o(i.CRYP_AES_CCM) refers to stm32f4xx_cryp.o(i.CRYP_DataOut) for CRYP_DataOut
    stm32f4xx_cryp_aes.o(i.CRYP_AES_CTR) refers to stm32f4xx_cryp.o(i.CRYP_KeyStructInit) for CRYP_KeyStructInit
    stm32f4xx_cryp_aes.o(i.CRYP_AES_CTR) refers to stm32f4xx_cryp.o(i.CRYP_KeyInit) for CRYP_KeyInit
[...]
    .bss                                     0x20009748   Section    71680  jpeg_serial.o(.bss)
    STACK                                    0x2001af48   Section     1024  startup_stm32f40_41xxx.o(STACK)

    Global Symbols

    Symbol Name                              Value     Ov Type        Size  Object(Section)

    BuildAttributes$$THM_ISAv4$E$P$D$K$B$S$7EM$VFPi3$EXTD16$VFPS$VFMA$PE$A:L22UL41UL21$X:L11$S22US41US21$IEEE1$IW$USESV6$~STKCKD$USESV7$~SHL$OSPACE$ROPI$EBA8$MICROLIB$REQ8$PRES8$EABIv2 0x00000000   Number         0  anon$$obj.o ABSOLUTE
    __ARM_use_no_argv                        0x00000000   Number         0  main.o ABSOLUTE
    __use_no_errno                           0x00000000   Number         0  useno.o ABSOLUTE
    __use_no_exception_handling              0x00000000   Number         0  useno.o ABSOLUTE
    __use_no_fp                              0x00000000   Number         0  useno.o ABSOLUTE
    __use_no_heap                            0x00000000   Number         0  useno.o ABSOLUTE
    __use_no_heap_region                     0x00000000   Number         0  useno.o ABSOLUTE
    __use_no_semihosting                     0x00000000   Number         0  useno.o ABSOLUTE
    __use_no_semihosting_swi                 0x00000000   Number         0  useno.o ABSOLUTE
    __use_no_signal_handling                 0x00000000   Number         0  useno.o ABSOLUTE
    _printf_a                                0x00000000   Number         0  stubs.o ABSOLUTE
    _printf_c                                0x00000000   Number         0  stubs.o ABSOLUTE
    _printf_charcount                        0x00000000   Number         0  stubs.o ABSOLUTE
    _printf_d                                0x00000000   Number         0  stubs.o ABSOLUTE
    _printf_e                                0x00000000   Number         0  stubs.o ABSOLUTE
    _printf_f                                0x00000000   Number         0  stubs.o ABSOLUTE
    _printf_flags                            0x00000000   Number         0  stubs.o ABSOLUTE
    _printf_fp_dec                           0x00000000   Number         0  stubs.o ABSOLUTE
    _printf_fp_hex                           0x00000000   Number         0  stubs.o ABSOLUTE
    _printf_g                                0x00000000   Number         0  stubs.o ABSOLUTE
    _printf_i                                0x00000000   Number         0  stubs.o ABSOLUTE
    _printf_int_dec                          0x00000000   Number         0  stubs.o ABSOLUTE
    _printf_l                                0x00000000   Number         0  stubs.o ABSOLUTE
    _printf_lc                               0x00000000   Number         0  stubs.o ABSOLUTE
    _printf_ll                               0x00000000   Number         0  stubs.o ABSOLUTE
    _printf_lld                              0x00000000   Number         0  stubs.o ABSOLUTE
    _printf_lli                              0x00000000   Number         0  stubs.o ABSOLUTE
    _printf_llo                              0x00000000   Number         0  stubs.o ABSOLUTE
    _printf_llu                              0x00000000   Number         0  stubs.o ABSOLUTE
    _printf_llx                              0x00000000   Number         0  stubs.o ABSOLUTE
    _printf_longlong_dec                     0x00000000   Number         0  stubs.o ABSOLUTE
    _printf_longlong_hex                     0x00000000   Number         0  stubs.o ABSOLUTE
    _printf_longlong_oct                     0x00000000   Number         0  stubs.o ABSOLUTE
    _printf_ls                               0x00000000   Number         0  stubs.o ABSOLUTE
    _printf_mbtowc                           0x00000000   Number         0  stubs.o ABSOLUTE
    _printf_n                                0x00000000   Number         0  stubs.o ABSOLUTE
    _printf_o                                0x00000000   Number         0  stubs.o ABSOLUTE
    _printf_p                                0x00000000   Number         0  stubs.o ABSOLUTE
    _printf_percent                          0x00000000   Number         0  stubs.o ABSOLUTE
    _printf_pre_padding                      0x00000000   Number         0  stubs.o ABSOLUTE
    _printf_return_value                     0x00000000   Number         0  stubs.o ABSOLUTE
    _printf_s                                0x00000000   Number         0  stubs.o ABSOLUTE
    _printf_sizespec                         0x00000000   Number         0  stubs.o ABSOLUTE
    _printf_str                              0x00000000   Number         0  stubs.o ABSOLUTE
    _printf_truncate_signed                  0x00000000   Number         0  stubs.o ABSOLUTE
    _printf_truncate_unsigned                0x00000000   Number         0  stubs.o ABSOLUTE
    _printf_u                                0x00000000   Number         0  stubs.o ABSOLUTE
    _printf_wc                               0x00000000   Number         0  stubs.o ABSOLUTE
    _printf_wctomb                           0x00000000   Number         0  stubs.o ABSOLUTE
    _printf_widthprec                        0x00000000   Number         0  stubs.o ABSOLUTE
    _printf_x                                0x00000000   Number         0  stubs.o ABSOLUTE
    __cpp_initialize__aeabi_                  - Undefined Weak Reference
    __cxa_finalize                            - Undefined Weak Reference
    _clock_init                               - Undefined Weak Reference
    _microlib_exit                            - Undefined Weak Reference
    _scanf_longlong                           - Undefined Weak Reference
    _scanf_real                               - Undefined Weak Reference
    _scanf_string                             - Undefined Weak Reference
    __Vectors_Size                           0x00000188   Number         0  startup_stm32f40_41xxx.o ABSOLUTE
    __Vectors                                0x08000000   Data           4  startup_stm32f40_41xxx.o(RESET)
    __Vectors_End                            0x08000188   Data           0  startup_stm32f40_41xxx.o(RESET)
    __main                                   0x08000189   Thumb Code     0  entry.o(.ARM.Collect$$$$00000000)
    _main_stk                                0x08000189   Thumb Code     0  entry2.o(.ARM.Collect$$$$00000001)
    _main_scatterload                        0x0800018d   Thumb Code     0  entry5.o(.ARM.Collect$$$$00000004)
    __main_after_scatterload                 0x08000191   Thumb Code     0  entry5.o(.ARM.Collect$$$$00000004)
    _main_clock                              0x08000191   Thumb Code     0  entry7b.o(.ARM.Collect$$$$00000008)
    _main_cpp_init                           0x08000191   Thumb Code     0  entry8b.o(.ARM.Collect$$$$0000000A)
    _main_init                               0x08000191   Thumb Code     0  entry9a.o(.ARM.Collect$$$$0000000B)
    __rt_final_cpp                           0x08000199   Thumb Code     0  entry10a.o(.ARM.Collect$$$$0000000D)
    __rt_final_exit                          0x08000199   Thumb Code     0  entry11a.o(.ARM.Collect$$$$0000000F)
    SVC_Handler                              0x0800019d   Thumb Code    28  port.o(.emb_text)
    __asm___6_port_c_39a90d8d__prvStartFirstTask 0x080001bd   Thumb Code    28  port.o(.emb_text)
    __asm___6_port_c_39a90d8d__prvEnableVFP  0x080001dd   Thumb Code    16  port.o(.emb_text)
    PendSV_Handler                           0x080001f1   Thumb Code    88  port.o(.emb_text)
    vPortGetIPSR                             0x0800024d   Thumb Code     6  port.o(.emb_text)
    Reset_Handler                            0x08000255   Thumb Code     8  startup_stm32f40_41xxx.o(.text)
    ADC_IRQHandler                           0x0800026f   Thumb Code     0  startup_stm32f40_41xxx.o(.text)
    CAN1_RX0_IRQHandler                      0x0800026f   Thumb Code     0  startup_stm32f40_41xxx.o(.text)
    CAN1_RX1_IRQHandler                      0x0800026f   Thumb Code     0  startup_stm32f40_41xxx.o(.text)
    CAN1_SCE_IRQHandler                      0x0800026f   Thumb Code     0  startup_stm32f40_41xxx.o(.text)
    CAN1_TX_IRQHandler                       0x0800026f   Thumb Code     0  startup_stm32f40_41xxx.o(.text)
    CAN2_RX0_IRQHandler                      0x0800026f   Thumb Code     0  startup_stm32f40_41xxx.o(.text)
    CAN2_RX1_IRQHandler                      0x0800026f   Thumb Code     0  startup_stm32f40_41xxx.o(.text)
    CAN2_SCE_IRQHandler                      0x0800026f   Thumb Code     0  startup_stm32f40_41xxx.o(.text)
    CAN2_TX_IRQHandler                       0x0800026f   Thumb Code     0  startup_stm32f40_41xxx.o(.text)
    CRYP_IRQHandler                          0x0800026f   Thumb Code     0  startup_stm32f40_41xxx.o(.text)
    DMA1_Stream0_IRQHandler                  0x0800026f   Thumb Code     0  startup_stm32f40_41xxx.o(.text)
    DMA1_Stream1_IRQHandler                  0x0800026f   Thumb Code     0  startup_stm32f40_41xxx.o(.text)
    DMA1_Stream2_IRQHandler                  0x0800026f   Thumb Code     0  startup_stm32f40_41xxx.o(.text)
    DMA1_Stream3_IRQHandler                  0x0800026f   Thumb Code     0  startup_stm32f40_41xxx.o(.text)
    DMA1_Stream4_IRQHandler                  0x0800026f   Thumb Code     0  startup_stm32f40_41xxx.o(.text)
    DMA1_Stream5_IRQHandler                  0x0800026f   Thumb Code     0  startup_stm32f40_41xxx.o(.text)
    DMA1_Stream6_IRQHandler                  0x0800026f   Thumb Code     0  startup_stm32f40_41xxx.o(.text)
    DMA1_Stream7_IRQHandler                  0x0800026f   Thumb Code     0  startup_stm32f40_41xxx.o(.text)
    DMA2_Stream0_IRQHandler                  0x0800026f   Thumb Code     0  startup_stm32f40_41xxx.o(.text)
    DMA2_Stream2_IRQHandler                  0x0800026f   Thumb Code     0  startup_stm32f40_41xxx.o(.text)
    DMA2_Stream3_IRQHandler                  0x0800026f   Thumb Code     0  startup_stm32f40_41xxx.o(.text)
    DMA2_Stream4_IRQHandler                  0x0800026f   Thumb Code     0  startup_stm32f40_41xxx.o(.text)
    DMA2_Stream5_IRQHandler                  0x0800026f   Thumb Code     0  startup_stm32f40_41xxx.o(.text)
    DMA2_Stream6_IRQHandler                  0x0800026f   Thumb Code     0  startup_stm32f40_41xxx.o(.text)
    ETH_IRQHandler                           0x0800026f   Thumb Code     0  startup_stm32f40_41xxx.o(.text)
    ETH_WKUP_IRQHandler                      0x0800026f   Thumb Code     0  startup_stm32f40_41xxx.o(.text)
    EXTI0_IRQHandler                         0x0800026f   Thumb Code     0  startup_stm32f40_41xxx.o(.text)
    EXTI15_10_IRQHandler                     0x0800026f   Thumb Code     0  startup_stm32f40_41xxx.o(.text)
    EXTI1_IRQHandler                         0x0800026f   Thumb Code     0  startup_stm32f40_41xxx.o(.text)
    EXTI2_IRQHandler                         0x0800026f   Thumb Code     0  startup_stm32f40_41xxx.o(.text)
    EXTI3_IRQHandler                         0x0800026f   Thumb Code     0  startup_stm32f40_41xxx.o(.text)
    EXTI4_IRQHandler                         0x0800026f   Thumb Code     0  startup_stm32f40_41xxx.o(.text)
    EXTI9_5_IRQHandler                       0x0800026f   Thumb Code     0  startup_stm32f40_41xxx.o(.text)
    FLASH_IRQHandler                         0x0800026f   Thumb Code     0  startup_stm32f40_41xxx.o(.text)
    FPU_IRQHandler                           0x0800026f   Thumb Code     0  startup_stm32f40_41xxx.o(.text)
    FSMC_IRQHandler                          0x0800026f   Thumb Code     0  startup_stm32f40_41xxx.o(.text)
    HASH_RNG_IRQHandler                      0x0800026f   Thumb Code     0  startup_stm32f40_41xxx.o(.text)
    I2C1_ER_IRQHandler                       0x0800026f   Thumb Code     0  startup_stm32f40_41xxx.o(.text)
    I2C1_EV_IRQHandler                       0x0800026f   Thumb Code     0  startup_stm32f40_41xxx.o(.text)
    I2C2_ER_IRQHandler                       0x0800026f   Thumb Code     0  startup_stm32f40_41xxx.o(.text)
    I2C2_EV_IRQHandler                       0x0800026f   Thumb Code     0  startup_stm32f40_41xxx.o(.text)
    I2C3_ER_IRQHandler                       0x0800026f   Thumb Code     0  startup_stm32f40_41xxx.o(.text)
    I2C3_EV_IRQHandler                       0x0800026f   Thumb Code     0  startup_stm32f40_41xxx.o(.text)
    OTG_FS_IRQHandler                        0x0800026f   Thumb Code     0  startup_stm32f40_41xxx.o(.text)
    OTG_FS_WKUP_IRQHandler                   0x0800026f   Thumb Code     0  startup_stm32f40_41xxx.o(.text)
    OTG_HS_EP1_IN_IRQHandler                 0x0800026f   Thumb Code     0  startup_stm32f40_41xxx.o(.text)
    OTG_HS_EP1_OUT_IRQHandler                0x0800026f   Thumb Code     0  startup_stm32f40_41xxx.o(.text)
    OTG_HS_IRQHandler                        0x0800026f   Thumb Code     0  startup_stm32f40_41xxx.o(.text)
    OTG_HS_WKUP_IRQHandler                   0x0800026f   Thumb Code     0  startup_stm32f40_41xxx.o(.text)
    PVD_IRQHandler                           0x0800026f   Thumb Code     0  startup_stm32f40_41xxx.o(.text)
    RCC_IRQHandler                           0x0800026f   Thumb Code     0  startup_stm32f40_41xxx.o(.text)
    RTC_Alarm_IRQHandler                     0x0800026f   Thumb Code     0  startup_stm32f40_41xxx.o(.text)
    RTC_WKUP_IRQHandler                      0x0800026f   Thumb Code     0  startup_stm32f40_41xxx.o(.text)
    SDIO_IRQHandler                          0x0800026f   Thumb Code     0  startup_stm32f40_41xxx.o(.text)
    SPI1_IRQHandler                          0x0800026f   Thumb Code     0  startup_stm32f40_41xxx.o(.text)
    SPI2_IRQHandler                          0x0800026f   Thumb Code     0  startup_stm32f40_41xxx.o(.text)
    SPI3_IRQHandler                          0x0800026f   Thumb Code     0  startup_stm32f40_41xxx.o(.text)
    TAMP_STAMP_IRQHandler                    0x0800026f   Thumb Code     0  startup_stm32f40_41xxx.o(.text)
    TIM1_BRK_TIM9_IRQHandler                 0x0800026f   Thumb Code     0  startup_stm32f40_41xxx.o(.text)
    TIM1_CC_IRQHandler                       0x0800026f   Thumb Code     0  startup_stm32f40_41xxx.o(.text)
    TIM1_TRG_COM_TIM11_IRQHandler            0x0800026f   Thumb Code     0  startup_stm32f40_41xxx.o(.text)
    TIM1_UP_TIM10_IRQHandler                 0x0800026f   Thumb Code     0  startup_stm32f40_41xxx.o(.text)
    TIM2_IRQHandler                          0x0800026f   Thumb Code     0  startup_stm32f40_41xxx.o(.text)
    TIM3_IRQHandler                          0x0800026f   Thumb Code     0  startup_stm32f40_41xxx.o(.text)
    TIM4_IRQHandler                          0x0800026f   Thumb Code     0  startup_stm32f40_41xxx.o(.text)
    TIM5_IRQHandler                          0x0800026f   Thumb Code     0  startup_stm32f40_41xxx.o(.text)
    TIM6_DAC_IRQHandler                      0x0800026f   Thumb Code     0  startup_stm32f40_41xxx.o(.text)
    TIM7_IRQHandler                          0x0800026f   Thumb Code     0  startup_stm32f40_41xxx.o(.text)
    TIM8_BRK_TIM12_IRQHandler                0x0800026f   Thumb Code     0  startup_stm32f40_41xxx.o(.text)
    TIM8_CC_IRQHandler                       0x0800026f   Thumb Code     0  startup_stm32f40_41xxx.o(.text)
    TIM8_TRG_COM_TIM14_IRQHandler            0x0800026f   Thumb Code     0  startup_stm32f40_41xxx.o(.text)
    TIM8_UP_TIM13_IRQHandler                 0x0800026f   Thumb Code     0  startup_stm32f40_41xxx.o(.text)
    UART4_IRQHandler                         0x0800026f   Thumb Code     0  startup_stm32f40_41xxx.o(.text)
    UART5_IRQHandler                         0x0800026f   Thumb Code     0  startup_stm32f40_41xxx.o(.text)
    USART6_IRQHandler                        0x0800026f   Thumb Code     0  startup_stm32f40_41xxx.o(.text)
    WWDG_IRQHandler                          0x0800026f   Thumb Code     0  startup_stm32f40_41xxx.o(.text)
    __aeabi_memcpy                           0x08000279   Thumb Code    36  memcpya.o(.text)
    __aeabi_memcpy4                          0x08000279   Thumb Code     0  memcpya.o(.text)
    __aeabi_memcpy8                          0x08000279   Thumb Code     0  memcpya.o(.text)
    __aeabi_memset                           0x0800029d   Thumb Code    14  memseta.o(.text)
    __aeabi_memset4                          0x0800029d   Thumb Code     0  memseta.o(.text)
    __aeabi_memset8                          0x0800029d   Thumb Code     0  memseta.o(.text)
    __aeabi_memclr                           0x080002ab   Thumb Code     4  memseta.o(.text)
    __aeabi_memclr4                          0x080002ab   Thumb Code     0  memseta.o(.text)
    __aeabi_memclr8                          0x080002ab   Thumb Code     0  memseta.o(.text)
    _memset$wrapper                          0x080002af   Thumb Code    18  memseta.o(.text)
    strstr                                   0x080002c1   Thumb Code    36  strstr.o(.text)
    strncpy                                  0x080002e5   Thumb Code    24  strncpy.o(.text)
    strcmp                                   0x080002fd   Thumb Code    28  strcmp.o(.text)
    strncmp                                  0x08000319   Thumb Code    30  strncmp.o(.text)
    __0sscanf                                0x08000339   Thumb Code    48  __0sscanf.o(.text)
    _scanf_int                               0x08000371   Thumb Code   332  _scanf_int.o(.text)
    __aeabi_uidiv                            0x080004bd   Thumb Code     0  uidiv.o(.text)
    __aeabi_uidivmod                         0x080004bd   Thumb Code    44  uidiv.o(.text)
    __aeabi_uldivmod                         0x080004e9   Thumb Code    98  uldiv.o(.text)
    _chval                                   0x0800054b   Thumb Code    28  _chval.o(.text)
    __vfscanf_char                           0x08000575   Thumb Code    20  scanf_char.o(.text)
    _sgetc                                   0x08000591   Thumb Code    30  _sgetc.o(.text)
    _sbackspace                              0x080005af   Thumb Code    34  _sgetc.o(.text)
    __I$use$fp                               0x080005d1   Thumb Code     0  iusefp.o(.text)
    __aeabi_dadd                             0x080005d1   Thumb Code   322  dadd.o(.text)
    __aeabi_dsub                             0x08000713   Thumb Code     6  dadd.o(.text)
    __aeabi_drsub                            0x08000719   Thumb Code     6  dadd.o(.text)
    __aeabi_dmul                             0x0800071f   Thumb Code   228  dmul.o(.text)
    __aeabi_ddiv                             0x08000803   Thumb Code   222  ddiv.o(.text)
    __aeabi_d2ulz                            0x080008e1   Thumb Code    48  dfixul.o(.text)
    __aeabi_cdrcmple                         0x08000911   Thumb Code    48  cdrcmple.o(.text)
    __scatterload                            0x08000941   Thumb Code    28  init.o(.text)
    __scatterload_rt2                        0x08000941   Thumb Code     0  init.o(.text)
    __aeabi_llsl                             0x08000965   Thumb Code    30  llshl.o(.text)
    _ll_shift_l                              0x08000965   Thumb Code     0  llshl.o(.text)
    __aeabi_llsr                             0x08000983   Thumb Code    32  llushr.o(.text)
    _ll_ushift_r                             0x08000983   Thumb Code     0  llushr.o(.text)
    __aeabi_lasr                             0x080009a3   Thumb Code    36  llsshr.o(.text)
    _ll_sshift_r                             0x080009a3   Thumb Code     0  llsshr.o(.text)
    isspace                                  0x080009c7   Thumb Code    10  isspace_c.o(.text)
    __vfscanf                                0x080009d1   Thumb Code   808  _scanf.o(.text)
    _double_round                            0x08000cfd   Thumb Code    30  depilogue.o(.text)
    _double_epilogue                         0x08000d1b   Thumb Code   156  depilogue.o(.text)
    __ctype_lookup                           0x08000db9   Thumb Code    34  ctype_c.o(.text)
    __decompress                             0x08000de1   Thumb Code     0  __dczerorl2.o(.text)
    __decompress1                            0x08000de1   Thumb Code    86  __dczerorl2.o(.text)
    ADC_Cmd                                  0x08000e37   Thumb Code    22  stm32f4xx_adc.o(i.ADC_Cmd)
    ADC_GetConversionValue                   0x08000e4d   Thumb Code     8  stm32f4xx_adc.o(i.ADC_GetConversionValue)
    ADC_GetFlagStatus                        0x08000e55   Thumb Code    18  stm32f4xx_adc.o(i.ADC_GetFlagStatus)
    ADC_Init                                 0x08000e69   Thumb Code    74  stm32f4xx_adc.o(i.ADC_Init)
    ADC_RegularChannelConfig                 0x08000ebd   Thumb Code   184  stm32f4xx_adc.o(i.ADC_RegularChannelConfig)
    ADC_SoftwareStartConv                    0x08000f75   Thumb Code    10  stm32f4xx_adc.o(i.ADC_SoftwareStartConv)
    AI_Decision_Init                         0x08000f81   Thumb Code    50  ai_decision.o(i.AI_Decision_Init)
    AI_Emergency_Override                    0x08000fc5   Thumb Code    76  ai_decision.o(i.AI_Emergency_Override)
    AI_Execute_Cloud_Command                 0x08001055   Thumb Code   106  ai_decision.o(i.AI_Execute_Cloud_Command)
    AI_Fire_Decision_Center                  0x08001185   Thumb Code   346  ai_decision.o(i.AI_Fire_Decision_Center)
    AI_Get_System_Mode                       0x080012f9   Thumb Code    46  ai_decision.o(i.AI_Get_System_Mode)
    AI_Set_System_Mode                       0x08001331   Thumb Code    44  ai_decision.o(i.AI_Set_System_Mode)
    AI_Update_Virtual_Current                0x08001365   Thumb Code    56  ai_decision.o(i.AI_Update_Virtual_Current)
    AI_Update_Vision_Result                  0x080013a5   Thumb Code    48  ai_decision.o(i.AI_Update_Vision_Result)
    BusFault_Handler                         0x080013dd   Thumb Code     4  stm32f4xx_it.o(i.BusFault_Handler)
    DCMI_CaptureCmd                          0x080013e1   Thumb Code    30  stm32f4xx_dcmi.o(i.DCMI_CaptureCmd)
    DCMI_ClearITPendingBit                   0x08001405   Thumb Code     6  stm32f4xx_dcmi.o(i.DCMI_ClearITPendingBit)
    DCMI_Cmd                                 0x08001411   Thumb Code    30  stm32f4xx_dcmi.o(i.DCMI_Cmd)
    DCMI_DMA_Init                            0x08001435   Thumb Code   104  dcmi.o(i.DCMI_DMA_Init)
    DCMI_DeInit                              0x080014a5   Thumb Code    24  stm32f4xx_dcmi.o(i.DCMI_DeInit)
    DCMI_GetITStatus                         0x080014c1   Thumb Code    24  stm32f4xx_dcmi.o(i.DCMI_GetITStatus)
    DCMI_IRQHandler                          0x080014dd   Thumb Code   226  dcmi.o(i.DCMI_IRQHandler)
    DCMI_ITConfig                            0x080015f1   Thumb Code    30  stm32f4xx_dcmi.o(i.DCMI_ITConfig)
    DCMI_Init                                0x08001615   Thumb Code    60  stm32f4xx_dcmi.o(i.DCMI_Init)
    DCMI_StartOneFrame                       0x08001655   Thumb Code    82  jpeg_serial.o(i.DCMI_StartOneFrame)
    DHT11_Init                               0x08001769   Thumb Code    20  dht11.o(i.DHT11_Init)
    DHT11_Read_Data                          0x080017f7   Thumb Code    88  dht11.o(i.DHT11_Read_Data)
    DMA2_Stream1_IRQHandler                  0x08001885   Thumb Code    12  jpeg_serial.o(i.DMA2_Stream1_IRQHandler)
    DMA2_Stream7_IRQHandler                  0x08001899   Thumb Code    42  usart.o(i.DMA2_Stream7_IRQHandler)
    DMA_ClearFlag                            0x080018d5   Thumb Code    38  stm32f4xx_dma.o(i.DMA_ClearFlag)
    DMA_ClearITPendingBit                    0x08001909   Thumb Code    38  stm32f4xx_dma.o(i.DMA_ClearITPendingBit)
    DMA_Cmd                                  0x0800193d   Thumb Code    22  stm32f4xx_dma.o(i.DMA_Cmd)
    DMA_DeInit                               0x08001955   Thumb Code   324  stm32f4xx_dma.o(i.DMA_DeInit)
    DMA_GetCmdStatus                         0x08001aad   Thumb Code    20  stm32f4xx_dma.o(i.DMA_GetCmdStatus)
    DMA_GetCurrDataCounter                   0x08001ac1   Thumb Code     8  stm32f4xx_dma.o(i.DMA_GetCurrDataCounter)
    DMA_GetITStatus                          0x08001ac9   Thumb Code    82  stm32f4xx_dma.o(i.DMA_GetITStatus)
    DMA_ITConfig                             0x08001b2d   Thumb Code    58  stm32f4xx_dma.o(i.DMA_ITConfig)
    DMA_Init                                 0x08001b69   Thumb Code    82  stm32f4xx_dma.o(i.DMA_Init)
    DebugMon_Handler                         0x08001bc1   Thumb Code     2  stm32f4xx_it.o(i.DebugMon_Handler)
    ESP8266_CheckStatus                      0x08001bc5   Thumb Code    16  esp8266.o(i.ESP8266_CheckStatus)
    ESP8266_Init                             0x08001be1   Thumb Code   134  esp8266.o(i.ESP8266_Init)
    ESP8266_Report_CollectSensorData         0x08001ea1   Thumb Code   172  esp8266_report.o(i.ESP8266_Report_CollectSensorData)
    ESP8266_Report_Init                      0x08001f5d   Thumb Code    10  esp8266_report.o(i.ESP8266_Report_Init)
    ESP8266_Report_PackageJSON               0x08001fa1   Thumb Code   486  esp8266_report.o(i.ESP8266_Report_PackageJSON)
    ESP8266_Report_PollCommands              0x080021a1   Thumb Code    58  esp8266_report.o(i.ESP8266_Report_PollCommands)
    ESP8266_Report_SendSensorData            0x080021fd   Thumb Code    42  esp8266_report.o(i.ESP8266_Report_SendSensorData)
    ESP8266_SendATCommand                    0x08002231   Thumb Code   154  esp8266.o(i.ESP8266_SendATCommand)
    ESP8266_SetMode                          0x0800231d   Thumb Code    32  esp8266.o(i.ESP8266_SetMode)
    ESP8266_SetMuxMode                       0x08002351   Thumb Code    40  esp8266.o(i.ESP8266_SetMuxMode)
    Extsram_Init                             0x080023b5   Thumb Code   718  extsram.o(i.Extsram_Init)
    FSMC_NORSRAMCmd                          0x08002725   Thumb Code    46  stm32f4xx_fsmc.o(i.FSMC_NORSRAMCmd)
    FSMC_NORSRAMInit                         0x08002759   Thumb Code   282  stm32f4xx_fsmc.o(i.FSMC_NORSRAMInit)
    GPIO_Init                                0x0800287d   Thumb Code   144  stm32f4xx_gpio.o(i.GPIO_Init)
    GPIO_PinAFConfig                         0x0800290d   Thumb Code    70  stm32f4xx_gpio.o(i.GPIO_PinAFConfig)
    GPIO_ReadInputDataBit                    0x08002953   Thumb Code    18  stm32f4xx_gpio.o(i.GPIO_ReadInputDataBit)
    GPIO_ResetBits                           0x08002965   Thumb Code     4  stm32f4xx_gpio.o(i.GPIO_ResetBits)
    GPIO_SetBits                             0x08002969   Thumb Code     4  stm32f4xx_gpio.o(i.GPIO_SetBits)
    HMI_Task_Init                            0x0800296d   Thumb Code    24  task_hmi.o(i.HMI_Task_Init)
    HardFault_Handler                        0x08002999   Thumb Code     4  stm32f4xx_it.o(i.HardFault_Handler)
    KEY_Init                                 0x0800299d   Thumb Code    60  key.o(i.KEY_Init)
    KEY_Scan                                 0x080029e1   Thumb Code   188  key.o(i.KEY_Scan)
    LED_Init                                 0x08002aa9   Thumb Code    50  led.o(i.LED_Init)
    MemManage_Handler                        0x08002ae1   Thumb Code     4  stm32f4xx_it.o(i.MemManage_Handler)
    My_DCMI_Init                             0x08002ae5   Thumb Code   284  dcmi.o(i.My_DCMI_Init)
    NMI_Handler                              0x08002c15   Thumb Code     2  stm32f4xx_it.o(i.NMI_Handler)
    NVIC_Init                                0x08002c19   Thumb Code   106  misc.o(i.NVIC_Init)
    NVIC_PriorityGroupConfig                 0x08002c91   Thumb Code    10  misc.o(i.NVIC_PriorityGroupConfig)
    Network_Task_Init                        0x08002ca5   Thumb Code    24  task_network.o(i.Network_Task_Init)
    OV5640_Brightness                        0x08002cd1   Thumb Code    90  ov5640.o(i.OV5640_Brightness)
    OV5640_Color_Saturation                  0x08002d2d   Thumb Code   126  ov5640.o(i.OV5640_Color_Saturation)
    OV5640_Contrast                          0x08002db1   Thumb Code   120  ov5640.o(i.OV5640_Contrast)
    OV5640_Flash_Ctrl                        0x08002e29   Thumb Code    50  ov5640.o(i.OV5640_Flash_Ctrl)
    OV5640_HW_Reset                          0x08002e5d   Thumb Code    98  sccb.o(i.OV5640_HW_Reset)
    OV5640_Hue_Set                           0x08002ec5   Thumb Code   394  ov5640.o(i.OV5640_Hue_Set)
    OV5640_Init                              0x08003051   Thumb Code   352  ov5640.o(i.OV5640_Init)
    OV5640_Light_Mode                        0x08003469   Thumb Code    46  ov5640.o(i.OV5640_Light_Mode)
    OV5640_OutSize_Set                       0x08003497   Thumb Code   128  ov5640.o(i.OV5640_OutSize_Set)
    OV5640_RD_Reg                            0x08003517   Thumb Code    90  ov5640.o(i.OV5640_RD_Reg)
    OV5640_Read_ID                           0x08003571   Thumb Code    30  ov5640.o(i.OV5640_Read_ID)
    OV5640_Sharpness                         0x0800358f   Thumb Code   102  ov5640.o(i.OV5640_Sharpness)
    OV5640_WR_Reg                            0x080035f5   Thumb Code    78  ov5640.o(i.OV5640_WR_Reg)
    PWR_BackupAccessCmd                      0x08003645   Thumb Code     6  stm32f4xx_pwr.o(i.PWR_BackupAccessCmd)
    RCC_AHB1PeriphClockCmd                   0x08003651   Thumb Code    26  stm32f4xx_rcc.o(i.RCC_AHB1PeriphClockCmd)
    RCC_AHB2PeriphClockCmd                   0x08003671   Thumb Code    26  stm32f4xx_rcc.o(i.RCC_AHB2PeriphClockCmd)
    RCC_AHB3PeriphClockCmd                   0x08003691   Thumb Code    26  stm32f4xx_rcc.o(i.RCC_AHB3PeriphClockCmd)
    RCC_APB1PeriphClockCmd                   0x080036b1   Thumb Code    26  stm32f4xx_rcc.o(i.RCC_APB1PeriphClockCmd)
    RCC_APB2PeriphClockCmd                   0x080036d1   Thumb Code    26  stm32f4xx_rcc.o(i.RCC_APB2PeriphClockCmd)
    RCC_GetClocksFreq                        0x080036f1   Thumb Code   214  stm32f4xx_rcc.o(i.RCC_GetClocksFreq)
    RCC_GetFlagStatus                        0x080037d9   Thumb Code    60  stm32f4xx_rcc.o(i.RCC_GetFlagStatus)
    RCC_LSICmd                               0x08003819   Thumb Code     6  stm32f4xx_rcc.o(i.RCC_LSICmd)
    RCC_RTCCLKCmd                            0x08003825   Thumb Code     6  stm32f4xx_rcc.o(i.RCC_RTCCLKCmd)
    RCC_RTCCLKConfig                         0x08003831   Thumb Code    50  stm32f4xx_rcc.o(i.RCC_RTCCLKConfig)
    RTC_EnterInitMode                        0x080038a1   Thumb Code    76  stm32f4xx_rtc.o(i.RTC_EnterInitMode)
    RTC_ExitInitMode                         0x080038f1   Thumb Code    14  stm32f4xx_rtc.o(i.RTC_ExitInitMode)
    RTC_GetDate                              0x08003905   Thumb Code    68  stm32f4xx_rtc.o(i.RTC_GetDate)
    RTC_GetTime                              0x08003951   Thumb Code    72  stm32f4xx_rtc.o(i.RTC_GetTime)
    RTC_Get_Time                             0x080039a1   Thumb Code    64  rtc.o(i.RTC_Get_Time)
    RTC_Init                                 0x08003a09   Thumb Code    94  stm32f4xx_rtc.o(i.RTC_Init)
    RTC_Init_Custom                          0x08003a6d   Thumb Code   218  rtc.o(i.RTC_Init_Custom)
    RTC_SetDate                              0x08003c51   Thumb Code   190  stm32f4xx_rtc.o(i.RTC_SetDate)
    RTC_SetTime                              0x08003d19   Thumb Code   198  stm32f4xx_rtc.o(i.RTC_SetTime)
    RTC_Set_Time                             0x08003de9   Thumb Code   112  rtc.o(i.RTC_Set_Time)
    RTC_WaitForSynchro                       0x08003e75   Thumb Code    92  stm32f4xx_rtc.o(i.RTC_WaitForSynchro)
    SCCB_Init                                0x08003ed5   Thumb Code    78  sccb.o(i.SCCB_Init)
    SCCB_No_Ack                              0x08003f29   Thumb Code    56  sccb.o(i.SCCB_No_Ack)
    SCCB_RD_Byte                             0x08003f69   Thumb Code   100  sccb.o(i.SCCB_RD_Byte)
    SCCB_Start                               0x08003fd9   Thumb Code    42  sccb.o(i.SCCB_Start)
    SCCB_Stop                                0x0800400d   Thumb Code    42  sccb.o(i.SCCB_Stop)
    SCCB_WR_Byte                             0x08004041   Thumb Code   154  sccb.o(i.SCCB_WR_Byte)
    Safe_Printf                              0x080040e9   Thumb Code    38  main.o(i.Safe_Printf)
    Smoke_Get_ADC_Value                      0x0800426d   Thumb Code    52  smoke.o(i.Smoke_Get_ADC_Value)
    Smoke_Get_Concentration                  0x080042c5   Thumb Code   150  smoke.o(i.Smoke_Get_Concentration)
    Smoke_Sensor_Init                        0x08004375   Thumb Code     8  smoke.o(i.Smoke_Sensor_Init)
    SysTick_CLKSourceConfig                  0x0800437d   Thumb Code    40  misc.o(i.SysTick_CLKSourceConfig)
    SysTick_Handler                          0x080043a5   Thumb Code    46  port.o(i.SysTick_Handler)
    SystemInit                               0x080043d9   Thumb Code    88  system_stm32f4xx.o(i.SystemInit)
    USART1_IRQHandler                        0x08004441   Thumb Code   138  usart.o(i.USART1_IRQHandler)
    USART2_ConfigInterrupt                   0x080044d9   Thumb Code    46  usart2.o(i.USART2_ConfigInterrupt)
    USART2_IRQHandler                        0x0800450d   Thumb Code   158  usart2.o(i.USART2_IRQHandler)
    USART2_Init                              0x080045b9   Thumb Code   132  usart2.o(i.USART2_Init)
    USART2_Process_ESP32_Data                0x08004645   Thumb Code   156  usart2.o(i.USART2_Process_ESP32_Data)
    USART2_Send_Byte                         0x08004729   Thumb Code    42  usart2.o(i.USART2_Send_Byte)
    USART2_Send_String                       0x08004759   Thumb Code    28  usart2.o(i.USART2_Send_String)
    USART3_ConfigInterrupt                   0x08004775   Thumb Code    52  usart3.o(i.USART3_ConfigInterrupt)
    USART3_IRQHandler                        0x080047c5   Thumb Code   262  usart3.o(i.USART3_IRQHandler)
    USART3_Init                              0x08004919   Thumb Code   144  usart3.o(i.USART3_Init)
    USART3_Send_Data                         0x08004a21   Thumb Code    56  usart3.o(i.USART3_Send_Data)
    USART3_Send_String                       0x08004a5d   Thumb Code    52  usart3.o(i.USART3_Send_String)
    USART_ClearFlag                          0x08004a95   Thumb Code    18  stm32f4xx_usart.o(i.USART_ClearFlag)
    USART_Cmd                                0x08004aa7   Thumb Code    24  stm32f4xx_usart.o(i.USART_Cmd)
    USART_DMACmd                             0x08004abf   Thumb Code    18  stm32f4xx_usart.o(i.USART_DMACmd)
    USART_GetFlagStatus                      0x08004ad1   Thumb Code    26  stm32f4xx_usart.o(i.USART_GetFlagStatus)
    USART_GetITStatus                        0x08004aeb   Thumb Code    84  stm32f4xx_usart.o(i.USART_GetITStatus)
    USART_ITConfig                           0x08004b3f   Thumb Code    74  stm32f4xx_usart.o(i.USART_ITConfig)
    USART_Init                               0x08004b89   Thumb Code   204  stm32f4xx_usart.o(i.USART_Init)
    USART_ReceiveData                        0x08004c5d   Thumb Code    10  stm32f4xx_usart.o(i.USART_ReceiveData)
    USART_SendData                           0x08004c67   Thumb Code     8  stm32f4xx_usart.o(i.USART_SendData)
    UsageFault_Handler                       0x08004c6f   Thumb Code     4  stm32f4xx_it.o(i.UsageFault_Handler)
    Vision_Task_Init                         0x08004c75   Thumb Code    26  task_vision.o(i.Vision_Task_Init)
    WaterPump_GetStatus                      0x08004ca5   Thumb Code     6  water_pump.o(i.WaterPump_GetStatus)
    WaterPump_Init                           0x08004cb1   Thumb Code    60  water_pump.o(i.WaterPump_Init)
    WaterPump_Off                            0x08004cf5   Thumb Code    18  water_pump.o(i.WaterPump_Off)
    WaterPump_On                             0x08004d11   Thumb Code    18  water_pump.o(i.WaterPump_On)
    __0printf                                0x08004d2d   Thumb Code    22  printfa.o(i.__0printf)
    __1printf                                0x08004d2d   Thumb Code     0  printfa.o(i.__0printf)
    __2printf                                0x08004d2d   Thumb Code     0  printfa.o(i.__0printf)
    __c89printf                              0x08004d2d   Thumb Code     0  printfa.o(i.__0printf)
    printf                                   0x08004d2d   Thumb Code     0  printfa.o(i.__0printf)
    __0snprintf                              0x08004d4d   Thumb Code    44  printfa.o(i.__0snprintf)
    __1snprintf                              0x08004d4d   Thumb Code     0  printfa.o(i.__0snprintf)
    __2snprintf                              0x08004d4d   Thumb Code     0  printfa.o(i.__0snprintf)
    __c89snprintf                            0x08004d4d   Thumb Code     0  printfa.o(i.__0snprintf)
    snprintf                                 0x08004d4d   Thumb Code     0  printfa.o(i.__0snprintf)
    __0sprintf                               0x08004d7d   Thumb Code    34  printfa.o(i.__0sprintf)
    __1sprintf                               0x08004d7d   Thumb Code     0  printfa.o(i.__0sprintf)
    __2sprintf                               0x08004d7d   Thumb Code     0  printfa.o(i.__0sprintf)
    __c89sprintf                             0x08004d7d   Thumb Code     0  printfa.o(i.__0sprintf)
    sprintf                                  0x08004d7d   Thumb Code     0  printfa.o(i.__0sprintf)
    __0vprintf                               0x08004da5   Thumb Code     8  printfa.o(i.__0vprintf)
    __1vprintf                               0x08004da5   Thumb Code     0  printfa.o(i.__0vprintf)
    __2vprintf                               0x08004da5   Thumb Code     0  printfa.o(i.__0vprintf)
    __c89vprintf                             0x08004da5   Thumb Code     0  printfa.o(i.__0vprintf)
    vprintf                                  0x08004da5   Thumb Code     0  printfa.o(i.__0vprintf)
    __scatterload_copy                       0x08004db5   Thumb Code    14  handlers.o(i.__scatterload_copy)
    __scatterload_null                       0x08004dc3   Thumb Code     2  handlers.o(i.__scatterload_null)
    __scatterload_zeroinit                   0x08004dc5   Thumb Code    14  handlers.o(i.__scatterload_zeroinit)
    delay_init                               0x08005ec9   Thumb Code    40  delay.o(i.delay_init)
    delay_ms                                 0x08005ef5   Thumb Code    38  delay.o(i.delay_ms)
    delay_us                                 0x08005f1d   Thumb Code    68  delay.o(i.delay_us)
    fire_detection_check_flicker             0x08005f65   Thumb Code    50  fire_detection.o(i.fire_detection_check_flicker)
    fire_detection_init                      0x08005fa1   Thumb Code    70  fire_detection.o(i.fire_detection_init)
    fire_detection_is_fire_pixel             0x08006055   Thumb Code    50  fire_detection.o(i.fire_detection_is_fire_pixel)
    fire_detection_process_frame             0x0800608d   Thumb Code   286  fire_detection.o(i.fire_detection_process_frame)
    fire_detection_update_history            0x080061b1   Thumb Code    30  fire_detection.o(i.fire_detection_update_history)
    fputc                                    0x080061d9   Thumb Code    22  usart.o(i.fputc)
    image_preprocess_frame_rgb_to_hsv        0x08006389   Thumb Code    66  image_preprocess.o(i.image_preprocess_frame_rgb_to_hsv)
    image_preprocess_rgb_to_hsv              0x080063cb   Thumb Code   228  image_preprocess.o(i.image_preprocess_rgb_to_hsv)
    jd_decomp                                0x08006505   Thumb Code   162  tjpgd.o(i.jd_decomp)
    jd_prepare                               0x080065a7   Thumb Code   862  tjpgd.o(i.jd_prepare)
    jpeg_decoder_decode                      0x08006905   Thumb Code   122  jpeg_decoder.o(i.jpeg_decoder_decode)
    jpeg_decoder_get_state                   0x080069dd   Thumb Code     4  jpeg_decoder.o(i.jpeg_decoder_get_state)
    jpeg_decoder_init                        0x080069e5   Thumb Code    30  jpeg_decoder.o(i.jpeg_decoder_init)
    jpeg_decoder_load_row                    0x08006a09   Thumb Code    72  jpeg_decoder.o(i.jpeg_decoder_load_row)
    jpeg_decoder_load_rows                   0x08006a59   Thumb Code    56  jpeg_decoder.o(i.jpeg_decoder_load_rows)
    jpeg_decoder_process                     0x08006a95   Thumb Code    28  jpeg_decoder.o(i.jpeg_decoder_process)
    jpeg_decoder_process_with_row_buffer     0x08006ab1   Thumb Code   174  jpeg_decoder.o(i.jpeg_decoder_process_with_row_buffer)
    jpeg_serial_get_dropped_frames           0x08006b8d   Thumb Code     6  jpeg_serial.o(i.jpeg_serial_get_dropped_frames)
    jpeg_serial_get_frame_count              0x08006b99   Thumb Code     6  jpeg_serial.o(i.jpeg_serial_get_frame_count)
    jpeg_serial_init                         0x08006ba5   Thumb Code   226  jpeg_serial.o(i.jpeg_serial_init)
    led_off                                  0x08006e2d   Thumb Code    46  led.o(i.led_off)
    led_on                                   0x08006e71   Thumb Code    46  led.o(i.led_on)
    main                                     0x08006eb5   Thumb Code   184  main.o(i.main)
    millis                                   0x08007571   Thumb Code    20  delay.o(i.millis)
    process_jpeg_frame                       0x08007635   Thumb Code   414  jpeg_serial.o(i.process_jpeg_frame)
    pvPortMalloc                             0x08008105   Thumb Code   188  heap_4.o(i.pvPortMalloc)
    pvTaskIncrementMutexHeldCount            0x080081d5   Thumb Code    26  tasks.o(i.pvTaskIncrementMutexHeldCount)
    pxPortInitialiseStack                    0x080081f5   Thumb Code    38  port.o(i.pxPortInitialiseStack)
    serial_display_init                      0x08008309   Thumb Code    16  jpeg_serial.o(i.serial_display_init)
    serial_send_jpeg_data                    0x08008365   Thumb Code    90  jpeg_serial.o(i.serial_send_jpeg_data)
    start_task                               0x080083bf   Thumb Code    36  main.o(i.start_task)
    uart_init                                0x080083e5   Thumb Code   174  usart.o(i.uart_init)
    uart_send_byte                           0x0800849d   Thumb Code    42  usart.o(i.uart_send_byte)
    ulTaskNotifyTake                         0x080084cd   Thumb Code   108  tasks.o(i.ulTaskNotifyTake)
    usart1_dma_init                          0x08008541   Thumb Code   158  usart.o(i.usart1_dma_init)
    usart1_dma_send                          0x080085ed   Thumb Code    80  usart.o(i.usart1_dma_send)
    uxListRemove                             0x08008645   Thumb Code    40  list.o(i.uxListRemove)
    vListInitialise                          0x0800866d   Thumb Code    26  list.o(i.vListInitialise)
    vListInitialiseItem                      0x08008687   Thumb Code     6  list.o(i.vListInitialiseItem)
    vListInsert                              0x0800868d   Thumb Code    52  list.o(i.vListInsert)
    vListInsertEnd                           0x080086c1   Thumb Code    24  list.o(i.vListInsertEnd)
    vPortEnterCritical                       0x080086d9   Thumb Code    30  port.o(i.vPortEnterCritical)
    vPortExitCritical                        0x080086fd   Thumb Code    28  port.o(i.vPortExitCritical)
    vPortFree                                0x0800871d   Thumb Code    64  heap_4.o(i.vPortFree)
    vPortSetupTimerInterrupt                 0x08008765   Thumb Code    14  port.o(i.vPortSetupTimerInterrupt)
    vQueueWaitForMessageRestricted           0x08008779   Thumb Code    74  queue.o(i.vQueueWaitForMessageRestricted)
    vTaskDelay                               0x080087c5   Thumb Code    46  tasks.o(i.vTaskDelay)
    vTaskDelete                              0x080087f9   Thumb Code   166  tasks.o(i.vTaskDelete)
    vTaskMissedYield                         0x080088c5   Thumb Code     8  tasks.o(i.vTaskMissedYield)
    vTaskNotifyGiveFromISR                   0x080088d1   Thumb Code   154  tasks.o(i.vTaskNotifyGiveFromISR)
    vTaskPlaceOnEventList                    0x08008985   Thumb Code    28  tasks.o(i.vTaskPlaceOnEventList)
    vTaskPlaceOnEventListRestricted          0x080089a5   Thumb Code    36  tasks.o(i.vTaskPlaceOnEventListRestricted)
    vTaskPriorityInherit                     0x080089cd   Thumb Code   164  tasks.o(i.vTaskPriorityInherit)
    vTaskSetTimeOutState                     0x08008a7d   Thumb Code    14  tasks.o(i.vTaskSetTimeOutState)
    vTaskStartScheduler                      0x08008a95   Thumb Code    82  tasks.o(i.vTaskStartScheduler)
    vTaskSuspendAll                          0x08008b05   Thumb Code    12  tasks.o(i.vTaskSuspendAll)
    vTaskSwitchContext                       0x08008b15   Thumb Code    76  tasks.o(i.vTaskSwitchContext)
    xPortStartScheduler                      0x08008b75   Thumb Code    58  port.o(i.xPortStartScheduler)
    xQueueCreateMutex                        0x08008bbd   Thumb Code    34  queue.o(i.xQueueCreateMutex)
    xQueueGenericCreate                      0x08008bdf   Thumb Code    56  queue.o(i.xQueueGenericCreate)
    xQueueGenericReceive                     0x08008c19   Thumb Code   342  queue.o(i.xQueueGenericReceive)
    xQueueGenericReset                       0x08008d75   Thumb Code   122  queue.o(i.xQueueGenericReset)
    xQueueGenericSend                        0x08008df5   Thumb Code   276  queue.o(i.xQueueGenericSend)
    xQueueGenericSendFromISR                 0x08008f0d   Thumb Code   134  queue.o(i.xQueueGenericSendFromISR)
    xTaskCheckForTimeOut                     0x08008f95   Thumb Code    84  tasks.o(i.xTaskCheckForTimeOut)
    xTaskCreate                              0x08008ff1   Thumb Code    96  tasks.o(i.xTaskCreate)
    xTaskGetSchedulerState                   0x08009051   Thumb Code    24  tasks.o(i.xTaskGetSchedulerState)
    xTaskGetTickCount                        0x08009071   Thumb Code     6  tasks.o(i.xTaskGetTickCount)
    xTaskIncrementTick                       0x0800907d   Thumb Code   238  tasks.o(i.xTaskIncrementTick)
    xTaskPriorityDisinherit                  0x08009199   Thumb Code   122  tasks.o(i.xTaskPriorityDisinherit)
    xTaskRemoveFromEventList                 0x0800921d   Thumb Code   104  tasks.o(i.xTaskRemoveFromEventList)
    xTaskResumeAll                           0x0800929d   Thumb Code   196  tasks.o(i.xTaskResumeAll)
    xTimerCreateTimerTask                    0x08009385   Thumb Code    42  timers.o(i.xTimerCreateTimerTask)
    xTimerGenericCommand                     0x080093c5   Thumb Code   102  timers.o(i.xTimerGenericCommand)
    OV5640_SATURATION_TBL                    0x0800991c   Data          42  ov5640.o(.constdata)
    __ctype_categories                       0x08009e06   Data          64  ctype_c.o(.constdata)
    Region$$Table$$Base                      0x0800a0fc   Number         0  anon$$obj.o(Region$$Table)
    Region$$Table$$Limit                     0x0800a11c   Number         0  anon$$obj.o(Region$$Table)
    work                                     0x10000000   Data       16384  jpeg_decoder.o(.ARM.__AT_0x10000000)
    VisionTask_Handler                       0x2000001c   Data           4  task_vision.o(.data)
    g_uart_is_sending_image                  0x20000020   Data           1  task_vision.o(.data)
    Mutex_USART1                             0x2000002c   Data           4  main.o(.data)
    StartTask_Handler                        0x20000030   Data           4  main.o(.data)
    __stdout                                 0x20000034   Data           4  usart.o(.data)
    USART_RX_STA                             0x20000038   Data           2  usart.o(.data)
    usart1_dma_busy                          0x2000003a   Data           1  usart.o(.data)
    usart1_dma_complete                      0x2000003b   Data           1  usart.o(.data)
    ESP32_RX_STA                             0x2000003c   Data           2  usart2.o(.data)
    g_esp8266_upload_status                  0x2000003e   Data           1  usart3.o(.data)
    USART3_RX_STA                            0x20000040   Data           2  usart3.o(.data)
    RTC_TimeStruct                           0x20000043   Data           4  rtc.o(.data)
    RTC_DateStruct                           0x20000047   Data           4  rtc.o(.data)
    ov_frame                                 0x2000004c   Data           1  dcmi.o(.data)
    g_raw_frame_count                        0x20000050   Data           4  dcmi.o(.data)
    pxCurrentTCB                             0x20000070   Data           4  tasks.o(.data)
    buf_ctrl_a                               0x200000d0   Data          20  jpeg_serial.o(.data)
    buf_ctrl_b                               0x200000e4   Data          20  jpeg_serial.o(.data)
    current_capture_buf                      0x200000f8   Data           4  jpeg_serial.o(.data)
    current_send_buf                         0x200000fc   Data           4  jpeg_serial.o(.data)
    frame_info                               0x20000100   Data           8  jpeg_serial.o(.data)
    frame_valid                              0x20000108   Data           1  jpeg_serial.o(.data)
    jpeg_data_ok                             0x20000109   Data           1  jpeg_serial.o(.data)
    jpeg_data_len                            0x2000010c   Data           4  jpeg_serial.o(.data)
    ovx_mode                                 0x20000110   Data           1  jpeg_serial.o(.data)
    frame_done                               0x20000111   Data           1  jpeg_serial.o(.data)
    frame_length                             0x20000114   Data           4  jpeg_serial.o(.data)
    dropped_frames                           0x20000118   Data           4  jpeg_serial.o(.data)
    frame_count                              0x2000011c   Data           4  jpeg_serial.o(.data)
    g_processed_frame_count                  0x20000120   Data           4  jpeg_serial.o(.data)
    fire_detection_frame_count               0x20000124   Data           4  jpeg_serial.o(.data)
    dma_transfer_complete                    0x20000128   Data           1  jpeg_serial.o(.data)
    dma_transfer_count                       0x2000012c   Data           4  jpeg_serial.o(.data)
    completed_buffer                         0x20000130   Data           4  jpeg_serial.o(.data)
    USART_RX_BUF                             0x20000158   Data         200  usart.o(.bss)
    g_esp32_data                             0x20000220   Data          30  usart2.o(.bss)
    ESP32_RX_BUF                             0x2000023e   Data         128  usart2.o(.bss)
    USART3_RX_BUF                            0x200002be   Data         256  usart3.o(.bss)
    DCMI_InitStructure                       0x200003be   Data          14  dcmi.o(.bss)
    row_buffer                               0x20008334   Data        5120  jpeg_decoder.o(.bss)
    jpeg_buf_a                               0x20009748   Data       35840  jpeg_serial.o(.bss)
    jpeg_buf_b                               0x20012348   Data       35840  jpeg_serial.o(.bss)
    __initial_sp                             0x2001b348   Data           0  startup_stm32f40_41xxx.o(STACK)



==============================================================================

Memory Map of the image

  Image Entry point : 0x08000189

  Load Region LR_IROM1 (Base: 0x08000000, Size: 0x0000a254, Max: 0x00100000, ABSOLUTE, COMPRESSED[0x0000a14c])

    Execution Region ER_IROM1 (Base: 0x08000000, Size: 0x0000a11c, Max: 0x00100000, ABSOLUTE)

    Base Addr    Size         Type   Attr      Idx    E Section Name        Object

    0x08000000   0x00000188   Data   RO          214    RESET               startup_stm32f40_41xxx.o
    0x08000188   0x00000000   Code   RO         8055  * .ARM.Collect$$$$00000000  mc_w.l(entry.o)
    0x08000188   0x00000004   Code   RO         8341    .ARM.Collect$$$$00000001  mc_w.l(entry2.o)
    0x0800018c   0x00000004   Code   RO         8344    .ARM.Collect$$$$00000004  mc_w.l(entry5.o)
    0x08000190   0x00000000   Code   RO         8346    .ARM.Collect$$$$00000008  mc_w.l(entry7b.o)
    0x08000190   0x00000000   Code   RO         8348    .ARM.Collect$$$$0000000A  mc_w.l(entry8b.o)
    0x08000190   0x00000008   Code   RO         8349    .ARM.Collect$$$$0000000B  mc_w.l(entry9a.o)
    0x08000198   0x00000000   Code   RO         8351    .ARM.Collect$$$$0000000D  mc_w.l(entry10a.o)
    0x08000198   0x00000000   Code   RO         8353    .ARM.Collect$$$$0000000F  mc_w.l(entry11a.o)
    0x08000198   0x00000004   Code   RO         8342    .ARM.Collect$$$$00002712  mc_w.l(entry2.o)
    0x0800019c   0x000000b6   Code   RO         7541    .emb_text           port.o
    0x08000252   0x00000002   PAD
    0x08000254   0x00000024   Code   RO          215    .text               startup_stm32f40_41xxx.o
    0x08000278   0x00000024   Code   RO         8058    .text               mc_w.l(memcpya.o)
    0x0800029c   0x00000024   Code   RO         8060    .text               mc_w.l(memseta.o)
    0x080002c0   0x00000024   Code   RO         8062    .text               mc_w.l(strstr.o)
    0x080002e4   0x00000018   Code   RO         8064    .text               mc_w.l(strncpy.o)
    0x080002fc   0x0000001c   Code   RO         8068    .text               mc_w.l(strcmp.o)
    0x08000318   0x0000001e   Code   RO         8072    .text               mc_w.l(strncmp.o)
    0x08000336   0x00000002   PAD
    0x08000338   0x00000038   Code   RO         8337    .text               mc_w.l(__0sscanf.o)
    0x08000370   0x0000014c   Code   RO         8339    .text               mc_w.l(_scanf_int.o)
    0x080004bc   0x0000002c   Code   RO         8355    .text               mc_w.l(uidiv.o)
    0x080004e8   0x00000062   Code   RO         8357    .text               mc_w.l(uldiv.o)
    0x0800054a   0x0000001c   Code   RO         8359    .text               mc_w.l(_chval.o)
    0x08000566   0x00000002   PAD
    0x08000568   0x00000028   Code   RO         8361    .text               mc_w.l(scanf_char.o)
    0x08000590   0x00000040   Code   RO         8363    .text               mc_w.l(_sgetc.o)
    0x080005d0   0x00000000   Code   RO         8365    .text               mc_w.l(iusefp.o)
    0x080005d0   0x0000014e   Code   RO         8366    .text               mf_w.l(dadd.o)
    0x0800071e   0x000000e4   Code   RO         8368    .text               mf_w.l(dmul.o)
    0x08000802   0x000000de   Code   RO         8370    .text               mf_w.l(ddiv.o)
    0x080008e0   0x00000030   Code   RO         8372    .text               mf_w.l(dfixul.o)
    0x08000910   0x00000030   Code   RO         8374    .text               mf_w.l(cdrcmple.o)
    0x08000940   0x00000024   Code   RO         8376    .text               mc_w.l(init.o)
    0x08000964   0x0000001e   Code   RO         8378    .text               mc_w.l(llshl.o)
    0x08000982   0x00000020   Code   RO         8380    .text               mc_w.l(llushr.o)
    0x080009a2   0x00000024   Code   RO         8382    .text               mc_w.l(llsshr.o)
    0x080009c6   0x0000000a   Code   RO         8384    .text               mc_w.l(isspace_c.o)
    0x080009d0   0x0000032c   Code   RO         8386    .text               mc_w.l(_scanf.o)
    0x08000cfc   0x000000ba   Code   RO         8388    .text               mf_w.l(depilogue.o)
    0x08000db6   0x00000002   PAD
    0x08000db8   0x00000028   Code   RO         8390    .text               mc_w.l(ctype_c.o)
    0x08000de0   0x00000056   Code   RO         8401    .text               mc_w.l(__dczerorl2.o)
    0x08000e36   0x00000016   Code   RO          302    i.ADC_Cmd           stm32f4xx_adc.o
    0x08000e4c   0x00000008   Code   RO          314    i.ADC_GetConversionValue  stm32f4xx_adc.o
    0x08000e54   0x00000012   Code   RO          315    i.ADC_GetFlagStatus  stm32f4xx_adc.o
    0x08000e66   0x00000002   PAD
    0x08000e68   0x00000054   Code   RO          322    i.ADC_Init          stm32f4xx_adc.o
    0x08000ebc   0x000000b8   Code   RO          327    i.ADC_RegularChannelConfig  stm32f4xx_adc.o
    0x08000f74   0x0000000a   Code   RO          329    i.ADC_SoftwareStartConv  stm32f4xx_adc.o
    0x08000f7e   0x00000002   PAD
    0x08000f80   0x00000044   Code   RO         5253    i.AI_Decision_Init  ai_decision.o
    0x08000fc4   0x00000090   Code   RO         5254    i.AI_Emergency_Override  ai_decision.o
    0x08001054   0x00000130   Code   RO         5255    i.AI_Execute_Cloud_Command  ai_decision.o
    0x08001184   0x00000174   Code   RO         5256    i.AI_Fire_Decision_Center  ai_decision.o
    0x080012f8   0x00000038   Code   RO         5257    i.AI_Get_System_Mode  ai_decision.o
    0x08001330   0x00000034   Code   RO         5258    i.AI_Set_System_Mode  ai_decision.o
    0x08001364   0x00000040   Code   RO         5259    i.AI_Update_Virtual_Current  ai_decision.o
    0x080013a4   0x00000038   Code   RO         5260    i.AI_Update_Vision_Result  ai_decision.o
    0x080013dc   0x00000004   Code   RO            4    i.BusFault_Handler  stm32f4xx_it.o
    0x080013e0   0x00000024   Code   RO         1194    i.DCMI_CaptureCmd   stm32f4xx_dcmi.o
    0x08001404   0x0000000c   Code   RO         1196    i.DCMI_ClearITPendingBit  stm32f4xx_dcmi.o
    0x08001410   0x00000024   Code   RO         1197    i.DCMI_Cmd          stm32f4xx_dcmi.o
    0x08001434   0x00000070   Code   RO         6299    i.DCMI_DMA_Init     dcmi.o
    0x080014a4   0x0000001c   Code   RO         1198    i.DCMI_DeInit       stm32f4xx_dcmi.o
    0x080014c0   0x0000001c   Code   RO         1200    i.DCMI_GetITStatus  stm32f4xx_dcmi.o
    0x080014dc   0x00000114   Code   RO         6300    i.DCMI_IRQHandler   dcmi.o
    0x080015f0   0x00000024   Code   RO         1201    i.DCMI_ITConfig     stm32f4xx_dcmi.o
    0x08001614   0x00000040   Code   RO         1202    i.DCMI_Init         stm32f4xx_dcmi.o
    0x08001654   0x00000064   Code   RO         7945    i.DCMI_StartOneFrame  jpeg_serial.o
    0x080016b8   0x0000005c   Code   RO         5903    i.DHT11_Check       dht11.o
    0x08001714   0x00000024   Code   RO         5904    i.DHT11_IO_IN       dht11.o
    0x08001738   0x00000030   Code   RO         5905    i.DHT11_IO_OUT      dht11.o
    0x08001768   0x00000014   Code   RO         5906    i.DHT11_Init        dht11.o
    0x0800177c   0x0000005c   Code   RO         5907    i.DHT11_Read_Bit    dht11.o
    0x080017d8   0x0000001e   Code   RO         5908    i.DHT11_Read_Byte   dht11.o
    0x080017f6   0x00000058   Code   RO         5909    i.DHT11_Read_Data   dht11.o
    0x0800184e   0x00000002   PAD
    0x08001850   0x00000034   Code   RO         5910    i.DHT11_Rst         dht11.o
    0x08001884   0x00000014   Code   RO         7946    i.DMA2_Stream1_IRQHandler  jpeg_serial.o
    0x08001898   0x0000003c   Code   RO         5675    i.DMA2_Stream7_IRQHandler  usart.o
    0x080018d4   0x00000034   Code   RO         1321    i.DMA_ClearFlag     stm32f4xx_dma.o
    0x08001908   0x00000034   Code   RO         1322    i.DMA_ClearITPendingBit  stm32f4xx_dma.o
    0x0800193c   0x00000016   Code   RO         1323    i.DMA_Cmd           stm32f4xx_dma.o
    0x08001952   0x00000002   PAD
    0x08001954   0x00000158   Code   RO         1324    i.DMA_DeInit        stm32f4xx_dma.o
    0x08001aac   0x00000014   Code   RO         1328    i.DMA_GetCmdStatus  stm32f4xx_dma.o
    0x08001ac0   0x00000008   Code   RO         1329    i.DMA_GetCurrDataCounter  stm32f4xx_dma.o
    0x08001ac8   0x00000064   Code   RO         1333    i.DMA_GetITStatus   stm32f4xx_dma.o
    0x08001b2c   0x0000003a   Code   RO         1334    i.DMA_ITConfig      stm32f4xx_dma.o
    0x08001b66   0x00000002   PAD
    0x08001b68   0x00000058   Code   RO         1335    i.DMA_Init          stm32f4xx_dma.o
    0x08001bc0   0x00000002   Code   RO            5    i.DebugMon_Handler  stm32f4xx_it.o
    0x08001bc2   0x00000002   PAD
    0x08001bc4   0x0000001c   Code   RO         5963    i.ESP8266_CheckStatus  esp8266.o
    0x08001be0   0x000002c0   Code   RO         5973    i.ESP8266_Init      esp8266.o
    0x08001ea0   0x000000bc   Code   RO         7695    i.ESP8266_Report_CollectSensorData  esp8266_report.o
    0x08001f5c   0x00000044   Code   RO         7696    i.ESP8266_Report_Init  esp8266_report.o
    0x08001fa0   0x00000200   Code   RO         7697    i.ESP8266_Report_PackageJSON  esp8266_report.o
    0x080021a0   0x0000005c   Code   RO         7698    i.ESP8266_Report_PollCommands  esp8266_report.o
    0x080021fc   0x00000034   Code   RO         7699    i.ESP8266_Report_SendSensorData  esp8266_report.o
    0x08002230   0x000000ec   Code   RO         5974    i.ESP8266_SendATCommand  esp8266.o
    0x0800231c   0x00000034   Code   RO         5976    i.ESP8266_SetMode   esp8266.o
    0x08002350   0x00000064   Code   RO         5977    i.ESP8266_SetMuxMode  esp8266.o
    0x080023b4   0x00000370   Code   RO         6071    i.Extsram_Init      extsram.o
    0x08002724   0x00000034   Code   RO         1998    i.FSMC_NORSRAMCmd   stm32f4xx_fsmc.o
    0x08002758   0x00000124   Code   RO         2000    i.FSMC_NORSRAMInit  stm32f4xx_fsmc.o
    0x0800287c   0x00000090   Code   RO         2123    i.GPIO_Init         stm32f4xx_gpio.o
    0x0800290c   0x00000046   Code   RO         2124    i.GPIO_PinAFConfig  stm32f4xx_gpio.o
    0x08002952   0x00000012   Code   RO         2127    i.GPIO_ReadInputDataBit  stm32f4xx_gpio.o
    0x08002964   0x00000004   Code   RO         2130    i.GPIO_ResetBits    stm32f4xx_gpio.o
    0x08002968   0x00000004   Code   RO         2131    i.GPIO_SetBits      stm32f4xx_gpio.o
    0x0800296c   0x0000002c   Code   RO         5376    i.HMI_Task_Init     task_hmi.o
    0x08002998   0x00000004   Code   RO            6    i.HardFault_Handler  stm32f4xx_it.o
    0x0800299c   0x00000044   Code   RO         6107    i.KEY_Init          key.o
    0x080029e0   0x000000c8   Code   RO         6108    i.KEY_Scan          key.o
    0x08002aa8   0x00000038   Code   RO         6138    i.LED_Init          led.o
    0x08002ae0   0x00000004   Code   RO            7    i.MemManage_Handler  stm32f4xx_it.o
    0x08002ae4   0x00000130   Code   RO         6303    i.My_DCMI_Init      dcmi.o
    0x08002c14   0x00000002   Code   RO            8    i.NMI_Handler       stm32f4xx_it.o
    0x08002c16   0x00000002   PAD
    0x08002c18   0x00000078   Code   RO          222    i.NVIC_Init         misc.o
    0x08002c90   0x00000014   Code   RO          223    i.NVIC_PriorityGroupConfig  misc.o
    0x08002ca4   0x0000002c   Code   RO         5426    i.Network_Task_Init  task_network.o
    0x08002cd0   0x0000005a   Code   RO         6372    i.OV5640_Brightness  ov5640.o
    0x08002d2a   0x00000002   PAD
    0x08002d2c   0x00000084   Code   RO         6373    i.OV5640_Color_Saturation  ov5640.o
    0x08002db0   0x00000078   Code   RO         6374    i.OV5640_Contrast   ov5640.o
    0x08002e28   0x00000032   Code   RO         6375    i.OV5640_Flash_Ctrl  ov5640.o
    0x08002e5a   0x00000002   PAD
    0x08002e5c   0x00000068   Code   RO         6545    i.OV5640_HW_Reset   sccb.o
    0x08002ec4   0x0000018a   Code   RO         6376    i.OV5640_Hue_Set    ov5640.o
    0x0800304e   0x00000002   PAD
    0x08003050   0x00000418   Code   RO         6377    i.OV5640_Init       ov5640.o
    0x08003468   0x0000002e   Code   RO         6378    i.OV5640_Light_Mode  ov5640.o
    0x08003496   0x00000080   Code   RO         6379    i.OV5640_OutSize_Set  ov5640.o
    0x08003516   0x0000005a   Code   RO         6380    i.OV5640_RD_Reg     ov5640.o
    0x08003570   0x0000001e   Code   RO         6381    i.OV5640_Read_ID    ov5640.o
    0x0800358e   0x00000066   Code   RO         6382    i.OV5640_Sharpness  ov5640.o
    0x080035f4   0x0000004e   Code   RO         6383    i.OV5640_WR_Reg     ov5640.o
    0x08003642   0x00000002   PAD
    0x08003644   0x0000000c   Code   RO         2914    i.PWR_BackupAccessCmd  stm32f4xx_pwr.o
    0x08003650   0x00000020   Code   RO         3049    i.RCC_AHB1PeriphClockCmd  stm32f4xx_rcc.o
    0x08003670   0x00000020   Code   RO         3052    i.RCC_AHB2PeriphClockCmd  stm32f4xx_rcc.o
    0x08003690   0x00000020   Code   RO         3055    i.RCC_AHB3PeriphClockCmd  stm32f4xx_rcc.o
    0x080036b0   0x00000020   Code   RO         3058    i.RCC_APB1PeriphClockCmd  stm32f4xx_rcc.o
    0x080036d0   0x00000020   Code   RO         3061    i.RCC_APB2PeriphClockCmd  stm32f4xx_rcc.o
    0x080036f0   0x000000e8   Code   RO         3070    i.RCC_GetClocksFreq  stm32f4xx_rcc.o
    0x080037d8   0x00000040   Code   RO         3071    i.RCC_GetFlagStatus  stm32f4xx_rcc.o
    0x08003818   0x0000000c   Code   RO         3081    i.RCC_LSICmd        stm32f4xx_rcc.o
    0x08003824   0x0000000c   Code   RO         3093    i.RCC_RTCCLKCmd     stm32f4xx_rcc.o
    0x08003830   0x0000003c   Code   RO         3094    i.RCC_RTCCLKConfig  stm32f4xx_rcc.o
    0x0800386c   0x00000016   Code   RO         3456    i.RTC_Bcd2ToByte    stm32f4xx_rtc.o
    0x08003882   0x0000001c   Code   RO         3458    i.RTC_ByteToBcd2    stm32f4xx_rtc.o
    0x0800389e   0x00000002   PAD
    0x080038a0   0x00000050   Code   RO         3468    i.RTC_EnterInitMode  stm32f4xx_rtc.o
    0x080038f0   0x00000014   Code   RO         3469    i.RTC_ExitInitMode  stm32f4xx_rtc.o
    0x08003904   0x0000004c   Code   RO         3472    i.RTC_GetDate       stm32f4xx_rtc.o
    0x08003950   0x00000050   Code   RO         3477    i.RTC_GetTime       stm32f4xx_rtc.o
    0x080039a0   0x00000068   Code   RO         6174    i.RTC_Get_Time      rtc.o
    0x08003a08   0x00000064   Code   RO         3482    i.RTC_Init          stm32f4xx_rtc.o
    0x08003a6c   0x000001e4   Code   RO         6175    i.RTC_Init_Custom   rtc.o
    0x08003c50   0x000000c8   Code   RO         3488    i.RTC_SetDate       stm32f4xx_rtc.o
    0x08003d18   0x000000d0   Code   RO         3489    i.RTC_SetTime       stm32f4xx_rtc.o
    0x08003de8   0x0000008c   Code   RO         6176    i.RTC_Set_Time      rtc.o
    0x08003e74   0x00000060   Code   RO         3505    i.RTC_WaitForSynchro  stm32f4xx_rtc.o
    0x08003ed4   0x00000054   Code   RO         6546    i.SCCB_Init         sccb.o
    0x08003f28   0x00000040   Code   RO         6547    i.SCCB_No_Ack       sccb.o
    0x08003f68   0x00000070   Code   RO         6548    i.SCCB_RD_Byte      sccb.o
    0x08003fd8   0x00000034   Code   RO         6550    i.SCCB_Start        sccb.o
    0x0800400c   0x00000034   Code   RO         6551    i.SCCB_Stop         sccb.o
    0x08004040   0x000000a8   Code   RO         6552    i.SCCB_WR_Byte      sccb.o
    0x080040e8   0x0000002c   Code   RO         5555    i.Safe_Printf       main.o
    0x08004114   0x000000ec   Code   RO          174    i.SetSysClock       system_stm32f4xx.o
    0x08004200   0x0000006c   Code   RO         6214    i.Smoke_ADC_Init    smoke.o
    0x0800426c   0x00000058   Code   RO         6215    i.Smoke_Get_ADC_Value  smoke.o
    0x080042c4   0x000000b0   Code   RO         6216    i.Smoke_Get_Concentration  smoke.o
    0x08004374   0x00000008   Code   RO         6217    i.Smoke_Sensor_Init  smoke.o
    0x0800437c   0x00000028   Code   RO          226    i.SysTick_CLKSourceConfig  misc.o
    0x080043a4   0x00000034   Code   RO         7542    i.SysTick_Handler   port.o
    0x080043d8   0x00000068   Code   RO          176    i.SystemInit        system_stm32f4xx.o
    0x08004440   0x00000098   Code   RO         5676    i.USART1_IRQHandler  usart.o
    0x080044d8   0x00000034   Code   RO         5752    i.USART2_ConfigInterrupt  usart2.o
    0x0800450c   0x000000ac   Code   RO         5753    i.USART2_IRQHandler  usart2.o
    0x080045b8   0x0000008c   Code   RO         5754    i.USART2_Init       usart2.o
    0x08004644   0x000000e4   Code   RO         5755    i.USART2_Process_ESP32_Data  usart2.o
    0x08004728   0x00000030   Code   RO         5756    i.USART2_Send_Byte  usart2.o
    0x08004758   0x0000001c   Code   RO         5757    i.USART2_Send_String  usart2.o
    0x08004774   0x00000050   Code   RO         5814    i.USART3_ConfigInterrupt  usart3.o
    0x080047c4   0x00000154   Code   RO         5815    i.USART3_IRQHandler  usart3.o
    0x08004918   0x00000108   Code   RO         5816    i.USART3_Init       usart3.o
    0x08004a20   0x0000003c   Code   RO         5817    i.USART3_Send_Data  usart3.o
    0x08004a5c   0x00000038   Code   RO         5818    i.USART3_Send_String  usart3.o
    0x08004a94   0x00000012   Code   RO         4995    i.USART_ClearFlag   stm32f4xx_usart.o
    0x08004aa6   0x00000018   Code   RO         4999    i.USART_Cmd         stm32f4xx_usart.o
    0x08004abe   0x00000012   Code   RO         5000    i.USART_DMACmd      stm32f4xx_usart.o
    0x08004ad0   0x0000001a   Code   RO         5002    i.USART_GetFlagStatus  stm32f4xx_usart.o
    0x08004aea   0x00000054   Code   RO         5003    i.USART_GetITStatus  stm32f4xx_usart.o
    0x08004b3e   0x0000004a   Code   RO         5005    i.USART_ITConfig    stm32f4xx_usart.o
    0x08004b88   0x000000d4   Code   RO         5006    i.USART_Init        stm32f4xx_usart.o
    0x08004c5c   0x0000000a   Code   RO         5013    i.USART_ReceiveData  stm32f4xx_usart.o
    0x08004c66   0x00000008   Code   RO         5016    i.USART_SendData    stm32f4xx_usart.o
    0x08004c6e   0x00000004   Code   RO            9    i.UsageFault_Handler  stm32f4xx_it.o
    0x08004c72   0x00000002   PAD
    0x08004c74   0x00000030   Code   RO         5464    i.Vision_Task_Init  task_vision.o
    0x08004ca4   0x0000000c   Code   RO         6255    i.WaterPump_GetStatus  water_pump.o
    0x08004cb0   0x00000044   Code   RO         6256    i.WaterPump_Init    water_pump.o
    0x08004cf4   0x0000001c   Code   RO         6257    i.WaterPump_Off     water_pump.o
    0x08004d10   0x0000001c   Code   RO         6258    i.WaterPump_On      water_pump.o
    0x08004d2c   0x00000020   Code   RO         8309    i.__0printf         mc_w.l(printfa.o)
    0x08004d4c   0x00000030   Code   RO         8310    i.__0snprintf       mc_w.l(printfa.o)
    0x08004d7c   0x00000028   Code   RO         8311    i.__0sprintf        mc_w.l(printfa.o)
    0x08004da4   0x00000010   Code   RO         8313    i.__0vprintf        mc_w.l(printfa.o)
    0x08004db4   0x0000000e   Code   RO         8395    i.__scatterload_copy  mc_w.l(handlers.o)
    0x08004dc2   0x00000002   Code   RO         8396    i.__scatterload_null  mc_w.l(handlers.o)
    0x08004dc4   0x0000000e   Code   RO         8397    i.__scatterload_zeroinit  mc_w.l(handlers.o)
    0x08004dd2   0x00000002   PAD
    0x08004dd4   0x00000184   Code   RO         8316    i._fp_digits        mc_w.l(printfa.o)
    0x08004f58   0x000006dc   Code   RO         8317    i._printf_core      mc_w.l(printfa.o)
    0x08005634   0x00000024   Code   RO         8318    i._printf_post_padding  mc_w.l(printfa.o)
    0x08005658   0x0000002e   Code   RO         8319    i._printf_pre_padding  mc_w.l(printfa.o)
    0x08005686   0x00000016   Code   RO         8320    i._snputc           mc_w.l(printfa.o)
    0x0800569c   0x0000000a   Code   RO         8321    i._sputc            mc_w.l(printfa.o)
    0x080056a6   0x00000024   Code   RO         7621    i.alloc_pool        tjpgd.o
    0x080056ca   0x000000ac   Code   RO         7622    i.bitext            tjpgd.o
    0x08005776   0x000002a0   Code   RO         7623    i.block_idct        tjpgd.o
    0x08005a16   0x00000002   PAD
    0x08005a18   0x0000007c   Code   RO         5377    i.button_scan_task  task_hmi.o
    0x08005a94   0x00000170   Code   RO         5465    i.camera_task       task_vision.o
    0x08005c04   0x0000024e   Code   RO         7624    i.create_huffman_tbl  tjpgd.o
    0x08005e52   0x00000002   PAD
    0x08005e54   0x00000074   Code   RO         7625    i.create_qt_tbl     tjpgd.o
    0x08005ec8   0x0000002c   Code   RO         5511    i.delay_init        delay.o
    0x08005ef4   0x00000026   Code   RO         5512    i.delay_ms          delay.o
    0x08005f1a   0x00000002   PAD
    0x08005f1c   0x00000048   Code   RO         5513    i.delay_us          delay.o
    0x08005f64   0x0000003c   Code   RO         7746    i.fire_detection_check_flicker  fire_detection.o
    0x08005fa0   0x000000b4   Code   RO         7747    i.fire_detection_init  fire_detection.o
    0x08006054   0x00000038   Code   RO         7748    i.fire_detection_is_fire_pixel  fire_detection.o
    0x0800608c   0x00000124   Code   RO         7749    i.fire_detection_process_frame  fire_detection.o
    0x080061b0   0x00000028   Code   RO         7750    i.fire_detection_update_history  fire_detection.o
    0x080061d8   0x0000001c   Code   RO         5678    i.fputc             usart.o
    0x080061f4   0x00000194   Code   RO         7626    i.huffext           tjpgd.o
    0x08006388   0x00000042   Code   RO         7798    i.image_preprocess_frame_rgb_to_hsv  image_preprocess.o
    0x080063ca   0x000000e4   Code   RO         7800    i.image_preprocess_rgb_to_hsv  image_preprocess.o
    0x080064ae   0x00000056   Code   RO         7845    i.input_func        jpeg_decoder.o
    0x08006504   0x000000a2   Code   RO         7627    i.jd_decomp         tjpgd.o
    0x080065a6   0x0000035e   Code   RO         7628    i.jd_prepare        tjpgd.o
    0x08006904   0x000000d8   Code   RO         7847    i.jpeg_decoder_decode  jpeg_decoder.o
    0x080069dc   0x00000008   Code   RO         7850    i.jpeg_decoder_get_state  jpeg_decoder.o
    0x080069e4   0x00000024   Code   RO         7851    i.jpeg_decoder_init  jpeg_decoder.o
    0x08006a08   0x00000050   Code   RO         7852    i.jpeg_decoder_load_row  jpeg_decoder.o
    0x08006a58   0x0000003c   Code   RO         7853    i.jpeg_decoder_load_rows  jpeg_decoder.o
    0x08006a94   0x0000001c   Code   RO         7854    i.jpeg_decoder_process  jpeg_decoder.o
    0x08006ab0   0x000000dc   Code   RO         7855    i.jpeg_decoder_process_with_row_buffer  jpeg_decoder.o
    0x08006b8c   0x0000000c   Code   RO         7949    i.jpeg_serial_get_dropped_frames  jpeg_serial.o
    0x08006b98   0x0000000c   Code   RO         7950    i.jpeg_serial_get_frame_count  jpeg_serial.o
    0x08006ba4   0x00000288   Code   RO         7953    i.jpeg_serial_init  jpeg_serial.o
    0x08006e2c   0x00000044   Code   RO         6139    i.led_off           led.o
    0x08006e70   0x00000044   Code   RO         6140    i.led_on            led.o
    0x08006eb4   0x0000014c   Code   RO         5556    i.main              main.o
    0x08007000   0x000001cc   Code   RO         7629    i.mcu_load          tjpgd.o
    0x080071cc   0x000003a4   Code   RO         7630    i.mcu_output        tjpgd.o
    0x08007570   0x00000014   Code   RO         5514    i.millis            delay.o
    0x08007584   0x0000004c   Code   RO         7856    i.output_func       jpeg_decoder.o
    0x080075d0   0x00000064   Code   RO         6384    i.ov5640_apply_jpeg_regs  ov5640.o
    0x08007634   0x00000204   Code   RO         7954    i.process_jpeg_frame  jpeg_serial.o
    0x08007838   0x00000098   Code   RO         7035    i.prvAddCurrentTaskToDelayedList  tasks.o
    0x080078d0   0x000000b8   Code   RO         7036    i.prvAddNewTaskToReadyList  tasks.o
    0x08007988   0x0000004c   Code   RO         7411    i.prvCheckForValidListAndQueue  timers.o
    0x080079d4   0x00000064   Code   RO         7037    i.prvCheckTasksWaitingTermination  tasks.o
    0x08007a38   0x0000002a   Code   RO         6857    i.prvCopyDataFromQueue  queue.o
    0x08007a62   0x0000007c   Code   RO         6858    i.prvCopyDataToQueue  queue.o
    0x08007ade   0x00000012   Code   RO         7038    i.prvDeleteTCB      tasks.o
    0x08007af0   0x00000028   Code   RO         7412    i.prvGetNextExpireTime  timers.o
    0x08007b18   0x0000007c   Code   RO         6748    i.prvHeapInit       heap_4.o
    0x08007b94   0x00000028   Code   RO         7039    i.prvIdleTask       tasks.o
    0x08007bbc   0x0000001c   Code   RO         6859    i.prvInitialiseMutex  queue.o
    0x08007bd8   0x0000002a   Code   RO         6860    i.prvInitialiseNewQueue  queue.o
    0x08007c02   0x00000090   Code   RO         7040    i.prvInitialiseNewTask  tasks.o
    0x08007c92   0x00000002   PAD
    0x08007c94   0x00000068   Code   RO         7041    i.prvInitialiseTaskLists  tasks.o
    0x08007cfc   0x00000068   Code   RO         6749    i.prvInsertBlockIntoFreeList  heap_4.o
    0x08007d64   0x00000058   Code   RO         7414    i.prvInsertTimerInActiveList  timers.o
    0x08007dbc   0x0000001a   Code   RO         6861    i.prvIsQueueEmpty   queue.o
    0x08007dd6   0x0000001e   Code   RO         6862    i.prvIsQueueFull    queue.o
    0x08007df4   0x0000004c   Code   RO         7415    i.prvProcessExpiredTimer  timers.o
    0x08007e40   0x000000bc   Code   RO         7416    i.prvProcessReceivedCommands  timers.o
    0x08007efc   0x00000074   Code   RO         7417    i.prvProcessTimerOrBlockTask  timers.o
    0x08007f70   0x00000034   Code   RO         7043    i.prvResetNextTaskUnblockTime  tasks.o
    0x08007fa4   0x0000002c   Code   RO         7418    i.prvSampleTimeNow  timers.o
    0x08007fd0   0x00000084   Code   RO         7419    i.prvSwitchTimerLists  timers.o
    0x08008054   0x00000016   Code   RO         7543    i.prvTaskExitError  port.o
    0x0800806a   0x0000001a   Code   RO         7420    i.prvTimerTask      timers.o
    0x08008084   0x0000007e   Code   RO         6863    i.prvUnlockQueue    queue.o
    0x08008102   0x00000002   PAD
    0x08008104   0x000000d0   Code   RO         6750    i.pvPortMalloc      heap_4.o
    0x080081d4   0x00000020   Code   RO         7047    i.pvTaskIncrementMutexHeldCount  tasks.o
    0x080081f4   0x0000002c   Code   RO         7544    i.pxPortInitialiseStack  port.o
    0x08008220   0x00000060   Code   RO         5427    i.report_task       task_network.o
    0x08008280   0x00000088   Code   RO         7631    i.restart           tjpgd.o
    0x08008308   0x0000005c   Code   RO         7955    i.serial_display_init  jpeg_serial.o
    0x08008364   0x0000005a   Code   RO         7956    i.serial_send_jpeg_data  jpeg_serial.o
    0x080083be   0x00000024   Code   RO         5557    i.start_task        main.o
    0x080083e2   0x00000002   PAD
    0x080083e4   0x000000b8   Code   RO         5679    i.uart_init         usart.o
    0x0800849c   0x00000030   Code   RO         5680    i.uart_send_byte    usart.o
    0x080084cc   0x00000074   Code   RO         7048    i.ulTaskNotifyTake  tasks.o
    0x08008540   0x000000ac   Code   RO         5681    i.usart1_dma_init   usart.o
    0x080085ec   0x00000058   Code   RO         5682    i.usart1_dma_send   usart.o
    0x08008644   0x00000028   Code   RO         6809    i.uxListRemove      list.o
    0x0800866c   0x0000001a   Code   RO         6810    i.vListInitialise   list.o
    0x08008686   0x00000006   Code   RO         6811    i.vListInitialiseItem  list.o
    0x0800868c   0x00000034   Code   RO         6812    i.vListInsert       list.o
    0x080086c0   0x00000018   Code   RO         6813    i.vListInsertEnd    list.o
    0x080086d8   0x00000024   Code   RO         7546    i.vPortEnterCritical  port.o
    0x080086fc   0x00000020   Code   RO         7547    i.vPortExitCritical  port.o
    0x0800871c   0x00000048   Code   RO         6751    i.vPortFree         heap_4.o
    0x08008764   0x00000014   Code   RO         7548    i.vPortSetupTimerInterrupt  port.o
    0x08008778   0x0000004a   Code   RO         6871    i.vQueueWaitForMessageRestricted  queue.o
    0x080087c2   0x00000002   PAD
    0x080087c4   0x00000034   Code   RO         7055    i.vTaskDelay        tasks.o
    0x080087f8   0x000000cc   Code   RO         7057    i.vTaskDelete       tasks.o
    0x080088c4   0x0000000c   Code   RO         7061    i.vTaskMissedYield  tasks.o
    0x080088d0   0x000000b4   Code   RO         7062    i.vTaskNotifyGiveFromISR  tasks.o
    0x08008984   0x00000020   Code   RO         7063    i.vTaskPlaceOnEventList  tasks.o
    0x080089a4   0x00000028   Code   RO         7064    i.vTaskPlaceOnEventListRestricted  tasks.o
    0x080089cc   0x000000b0   Code   RO         7066    i.vTaskPriorityInherit  tasks.o
    0x08008a7c   0x00000018   Code   RO         7070    i.vTaskSetTimeOutState  tasks.o
    0x08008a94   0x00000070   Code   RO         7071    i.vTaskStartScheduler  tasks.o
    0x08008b04   0x00000010   Code   RO         7073    i.vTaskSuspendAll   tasks.o
    0x08008b14   0x00000060   Code   RO         7074    i.vTaskSwitchContext  tasks.o
    0x08008b74   0x00000048   Code   RO         7549    i.xPortStartScheduler  port.o
    0x08008bbc   0x00000022   Code   RO         6873    i.xQueueCreateMutex  queue.o
    0x08008bde   0x00000038   Code   RO         6874    i.xQueueGenericCreate  queue.o
    0x08008c16   0x00000002   PAD
    0x08008c18   0x0000015c   Code   RO         6875    i.xQueueGenericReceive  queue.o
    0x08008d74   0x00000080   Code   RO         6876    i.xQueueGenericReset  queue.o
    0x08008df4   0x00000118   Code   RO         6877    i.xQueueGenericSend  queue.o
    0x08008f0c   0x00000086   Code   RO         6878    i.xQueueGenericSendFromISR  queue.o
    0x08008f92   0x00000002   PAD
    0x08008f94   0x0000005c   Code   RO         7075    i.xTaskCheckForTimeOut  tasks.o
    0x08008ff0   0x00000060   Code   RO         7076    i.xTaskCreate       tasks.o
    0x08009050   0x00000020   Code   RO         7080    i.xTaskGetSchedulerState  tasks.o
    0x08009070   0x0000000c   Code   RO         7081    i.xTaskGetTickCount  tasks.o
    0x0800907c   0x0000011c   Code   RO         7083    i.xTaskIncrementTick  tasks.o
    0x08009198   0x00000084   Code   RO         7086    i.xTaskPriorityDisinherit  tasks.o
    0x0800921c   0x00000080   Code   RO         7087    i.xTaskRemoveFromEventList  tasks.o
    0x0800929c   0x000000e8   Code   RO         7089    i.xTaskResumeAll    tasks.o
    0x08009384   0x00000040   Code   RO         7424    i.xTimerCreateTimerTask  timers.o
    0x080093c4   0x0000006c   Code   RO         7425    i.xTimerGenericCommand  timers.o
    0x08009430   0x00000516   Data   RO         6396    .constdata          ov5640.o
    0x08009946   0x000004c0   Data   RO         7632    .constdata          tjpgd.o
    0x08009e06   0x00000040   Data   RO         8391    .constdata          mc_w.l(ctype_c.o)
    0x08009e46   0x00000002   PAD
    0x08009e48   0x0000004f   Data   RO         6177    .conststring        rtc.o
    0x08009e97   0x00000001   PAD
    0x08009e98   0x0000004e   Data   RO         6397    .conststring        ov5640.o
    0x08009ee6   0x00000002   PAD
    0x08009ee8   0x00000214   Data   RO         7701    .conststring        esp8266_report.o
    0x0800a0fc   0x00000020   Data   RO         8393    Region$$Table       anon$$obj.o


    Execution Region RW_IRAM1 (Base: 0x20000000, Size: 0x0001b348, Max: 0x00020000, ABSOLUTE, COMPRESSED[0x00000030])

    Base Addr    Size         Type   Attr      Idx    E Section Name        Object

    0x20000000   0x00000010   Data   RW         3102    .data               stm32f4xx_rcc.o
    0x20000010   0x00000004   Data   RW         5262    .data               ai_decision.o
    0x20000014   0x00000004   Data   RW         5378    .data               task_hmi.o
    0x20000018   0x00000004   Data   RW         5428    .data               task_network.o
    0x2000001c   0x0000000c   Data   RW         5466    .data               task_vision.o
    0x20000028   0x00000004   Data   RW         5515    .data               delay.o
    0x2000002c   0x00000008   Data   RW         5558    .data               main.o
    0x20000034   0x00000008   Data   RW         5684    .data               usart.o
    0x2000003c   0x00000002   Data   RW         5759    .data               usart2.o
    0x2000003e   0x00000004   Data   RW         5820    .data               usart3.o
    0x20000042   0x00000001   Data   RW         6109    .data               key.o
    0x20000043   0x00000008   Data   RW         6178    .data               rtc.o
    0x2000004b   0x00000001   Data   RW         6259    .data               water_pump.o
    0x2000004c   0x00000009   Data   RW         6307    .data               dcmi.o
    0x20000055   0x00000003   PAD
    0x20000058   0x00000018   Data   RW         6756    .data               heap_4.o
    0x20000070   0x0000003c   Data   RW         7092    .data               tasks.o
    0x200000ac   0x00000014   Data   RW         7431    .data               timers.o
    0x200000c0   0x00000004   Data   RW         7550    .data               port.o
    0x200000c4   0x00000002   Data   RW         7702    .data               esp8266_report.o
    0x200000c6   0x00000009   Data   RW         7752    .data               fire_detection.o
    0x200000cf   0x00000001   PAD
    0x200000d0   0x00000065   Data   RW         7959    .data               jpeg_serial.o
    0x20000135   0x00000003   PAD
    0x20000138   0x00000020   Zero   RW         5261    .bss                ai_decision.o
    0x20000158   0x000000c8   Zero   RW         5683    .bss                usart.o
    0x20000220   0x0000009e   Zero   RW         5758    .bss                usart2.o
    0x200002be   0x00000100   Zero   RW         5819    .bss                usart3.o
    0x200003be   0x0000000e   Zero   RW         6306    .bss                dcmi.o
    0x200003cc   0x00007800   Zero   RW         6755    .bss                heap_4.o
    0x20007bcc   0x000002e4   Zero   RW         7091    .bss                tasks.o
    0x20007eb0   0x00000028   Zero   RW         7430    .bss                timers.o
    0x20007ed8   0x00000452   Zero   RW         7700    .bss                esp8266_report.o
    0x2000832a   0x0000000a   Zero   RW         7751    .bss                fire_detection.o
    0x20008334   0x00001414   Zero   RW         7858    .bss                jpeg_decoder.o
    0x20009748   0x00011800   Zero   RW         7958    .bss                jpeg_serial.o
    0x2001af48   0x00000400   Zero   RW          212    STACK               startup_stm32f40_41xxx.o



  Load Region LR$$.ARM.__AT_0x10000000 (Base: 0x10000000, Size: 0x00000000, Max: 0x00004000, ABSOLUTE)

    Execution Region ER$$.ARM.__AT_0x10000000 (Base: 0x10000000, Size: 0x00004000, Max: 0x00004000, ABSOLUTE, UNINIT)

    Base Addr    Size         Type   Attr      Idx    E Section Name        Object

    0x10000000   0x00004000   Zero   RW         7857    .ARM.__AT_0x10000000  jpeg_decoder.o


==============================================================================

Image component sizes


      Code (inc. data)   RO Data    RW Data    ZI Data      Debug   Object Name

      1116        344          0          4         32      18596   ai_decision.o
       692         78          0          9         14       3797   dcmi.o
       174          8          0          4          0       2660   delay.o
       458         26          0          0          0       5411   dht11.o
      1120        744          0          0          0       3492   esp8266.o
       912        144        532          2       1106       4536   esp8266_report.o
         0          0          0          0          0      11940   event_groups.o
       880        162          0          0          0       1031   extsram.o
       628        142          0          9         10       5027   fire_detection.o
       508         62          0         24      30720       4175   heap_4.o
       294          0          0          0          0       2370   image_preprocess.o
       810        168          0          0      21524      10037   jpeg_decoder.o
      1490        638          0        101      71680       9477   jpeg_serial.o
       268         20          0          1          0       1350   key.o
       192         50          0          0          0       1770   led.o
       148          0          0          0          0       3670   list.o
       412        154          0          8          0       3239   main.o
       180         24          0          0          0     254593   misc.o
      2408        766       1380          0          0      11504   ov5640.o
       460         58          0          4          0      10176   port.o
      1472         16          0          0          0      13706   queue.o
       728        334         79          8          0       2420   rtc.o
       636         66          0          0          0       4319   sccb.o
       380         72          0          0          0       2756   smoke.o
        36          8        392          0       1024        864   startup_stm32f40_41xxx.o
       326         10          0          0          0       5261   stm32f4xx_adc.o
       240         36          0          0          0       4507   stm32f4xx_dcmi.o
       744         72          0          0          0       7387   stm32f4xx_dma.o
       344         16          0          0          0       2133   stm32f4xx_fsmc.o
       240          0          0          0          0       3775   stm32f4xx_gpio.o
        20          0          0          0          0      75917   stm32f4xx_it.o
        12          6          0          0          0        574   stm32f4xx_pwr.o
       540         74          0         16          0       8641   stm32f4xx_rcc.o
       910         56          0          0          0       7891   stm32f4xx_rtc.o
       474          8          0          0          0       7082   stm32f4xx_usart.o
       340         32          0          0          0       1653   system_stm32f4xx.o
       168         32          0          4          0       7747   task_hmi.o
       140         78          0          4          0       1444   task_network.o
       416         60          0         12          0       3864   task_vision.o
      2894        432          0         60        740      33403   tasks.o
       958        108          0         20         40       9599   timers.o
      4542         48       1216          0          0      17009   tjpgd.o
       732         76          0          8        200       6587   usart.o
       668        106          0          2        158       5511   usart2.o
       800        234          0          4        256       4189   usart3.o
       136         34          0          1          0       2522   water_pump.o

    ----------------------------------------------------------------------
     32092       5602       3634        312     127504     609612   Object Totals
         0          0         32          0          0          0   (incl. Generated)
        46          0          3          7          0          0   (incl. Padding)

    ----------------------------------------------------------------------

      Code (inc. data)   RO Data    RW Data    ZI Data      Debug   Library Member Name

        56          8          0          0          0         84   __0sscanf.o
        86          0          0          0          0          0   __dczerorl2.o
        28          0          0          0          0         68   _chval.o
       812          4          0          0          0        112   _scanf.o
       332          0          0          0          0         96   _scanf_int.o
        64          0          0          0          0         84   _sgetc.o
        40          6         64          0          0         68   ctype_c.o
         0          0          0          0          0          0   entry.o
         0          0          0          0          0          0   entry10a.o
         0          0          0          0          0          0   entry11a.o
         8          4          0          0          0          0   entry2.o
         4          0          0          0          0          0   entry5.o
         0          0          0          0          0          0   entry7b.o
         0          0          0          0          0          0   entry8b.o
         8          4          0          0          0          0   entry9a.o
        30          0          0          0          0          0   handlers.o
        36          8          0          0          0         68   init.o
        10          0          0          0          0         68   isspace_c.o
         0          0          0          0          0          0   iusefp.o
        30          0          0          0          0         68   llshl.o
        36          0          0          0          0         68   llsshr.o
        32          0          0          0          0         68   llushr.o
        36          0          0          0          0         68   memcpya.o
        36          0          0          0          0        108   memseta.o
      2394        108          0          0          0        824   printfa.o
        40          8          0          0          0         84   scanf_char.o
        28          0          0          0          0         76   strcmp.o
        30          0          0          0          0         80   strncmp.o
        24          0          0          0          0         76   strncpy.o
        36          0          0          0          0         80   strstr.o
        44          0          0          0          0         80   uidiv.o
        98          0          0          0          0         92   uldiv.o
        48          0          0          0          0         68   cdrcmple.o
       334          0          0          0          0        148   dadd.o
       222          0          0          0          0        100   ddiv.o
       186          0          0          0          0        176   depilogue.o
        48          0          0          0          0         68   dfixul.o
       228          0          0          0          0         96   dmul.o

    ----------------------------------------------------------------------
      5452        150         66          0          0       3076   Library Totals
         8          0          2          0          0          0   (incl. Padding)

    ----------------------------------------------------------------------

      Code (inc. data)   RO Data    RW Data    ZI Data      Debug   Library Name

      4378        150         64          0          0       2420   mc_w.l
      1066          0          0          0          0        656   mf_w.l

    ----------------------------------------------------------------------
      5452        150         66          0          0       3076   Library Totals

    ----------------------------------------------------------------------

==============================================================================


      Code (inc. data)   RO Data    RW Data    ZI Data      Debug   

     37544       5752       3700        312     127504     584556   Grand Totals
     37544       5752       3700         48     127504     584556   ELF Image Totals (compressed)
     37544       5752       3700         48          0          0   ROM Totals

==============================================================================

    Total RO  Size (Code + RO Data)                41244 (  40.28kB)
    Total RW  Size (RW Data + ZI Data)            127816 ( 124.82kB)
    Total ROM Size (Code + RO Data + RW Data)      41292 (  40.32kB)

==============================================================================

