Component: ARM Compiler 5.06 update 3 (build 300) Tool: armlink [4d35c9]

==============================================================================

Section Cross References

    system_stm32f4xx.o(i.SystemCoreClockUpdate) refers to system_stm32f4xx.o(.data) for SystemCoreClock
    system_stm32f4xx.o(i.SystemInit) refers to system_stm32f4xx.o(i.SetSysClock) for SetSysClock
    startup_stm32f40_41xxx.o(RESET) refers to startup_stm32f40_41xxx.o(STACK) for __initial_sp
    startup_stm32f40_41xxx.o(RESET) refers to startup_stm32f40_41xxx.o(.text) for Reset_Handler
    startup_stm32f40_41xxx.o(RESET) refers to stm32f4xx_it.o(i.NMI_Handler) for NMI_Handler
    startup_stm32f40_41xxx.o(RESET) refers to stm32f4xx_it.o(i.HardFault_Handler) for HardFault_Handler
    startup_stm32f40_41xxx.o(RESET) refers to stm32f4xx_it.o(i.MemManage_Handler) for MemManage_Handler
    startup_stm32f40_41xxx.o(RESET) refers to stm32f4xx_it.o(i.BusFault_Handler) for BusFault_Handler
    startup_stm32f40_41xxx.o(RESET) refers to stm32f4xx_it.o(i.UsageFault_Handler) for UsageFault_Handler
    startup_stm32f40_41xxx.o(RESET) refers to port.o(.emb_text) for SVC_Handler
    startup_stm32f40_41xxx.o(RESET) refers to stm32f4xx_it.o(i.DebugMon_Handler) for DebugMon_Handler
    startup_stm32f40_41xxx.o(RESET) refers to port.o(i.SysTick_Handler) for SysTick_Handler
    startup_stm32f40_41xxx.o(RESET) refers to usart.o(i.USART1_IRQHandler) for USART1_IRQHandler
    startup_stm32f40_41xxx.o(RESET) refers to usart2.o(i.USART2_IRQHandler) for USART2_IRQHandler
    startup_stm32f40_41xxx.o(RESET) refers to usart3.o(i.USART3_IRQHandler) for USART3_IRQHandler
    startup_stm32f40_41xxx.o(RESET) refers to sdio_sdcard.o(i.SDIO_IRQHandler) for SDIO_IRQHandler
    startup_stm32f40_41xxx.o(RESET) refers to jpeg_serial.o(i.DMA2_Stream1_IRQHandler) for DMA2_Stream1_IRQHandler
    startup_stm32f40_41xxx.o(RESET) refers to lan8720.o(i.ETH_IRQHandler) for ETH_IRQHandler
    startup_stm32f40_41xxx.o(RESET) refers to usart.o(i.DMA2_Stream7_IRQHandler) for DMA2_Stream7_IRQHandler
    startup_stm32f40_41xxx.o(RESET) refers to dcmi.o(i.DCMI_IRQHandler) for DCMI_IRQHandler
    startup_stm32f40_41xxx.o(.text) refers to system_stm32f4xx.o(i.SystemInit) for SystemInit
    startup_stm32f40_41xxx.o(.text) refers to entry.o(.ARM.Collect$$$$00000000) for __main
    stm32f4xx_adc.o(i.ADC_DeInit) refers to stm32f4xx_rcc.o(i.RCC_APB2PeriphResetCmd) for RCC_APB2PeriphResetCmd
    stm32f4xx_can.o(i.CAN_DeInit) refers to stm32f4xx_rcc.o(i.RCC_APB1PeriphResetCmd) for RCC_APB1PeriphResetCmd
    stm32f4xx_can.o(i.CAN_GetITStatus) refers to stm32f4xx_can.o(i.CheckITStatus) for CheckITStatus
    stm32f4xx_cryp.o(i.CRYP_DeInit) refers to stm32f4xx_rcc.o(i.RCC_AHB2PeriphResetCmd) for RCC_AHB2PeriphResetCmd
    stm32f4xx_cryp_aes.o(i.CRYP_AES_CBC) refers to stm32f4xx_cryp.o(i.CRYP_KeyStructInit) for CRYP_KeyStructInit
    stm32f4xx_cryp_aes.o(i.CRYP_AES_CBC) refers to stm32f4xx_cryp.o(i.CRYP_FIFOFlush) for CRYP_FIFOFlush
    stm32f4xx_cryp_aes.o(i.CRYP_AES_CBC) refers to stm32f4xx_cryp.o(i.CRYP_Init) for CRYP_Init
    stm32f4xx_cryp_aes.o(i.CRYP_AES_CBC) refers to stm32f4xx_cryp.o(i.CRYP_KeyInit) for CRYP_KeyInit
    stm32f4xx_cryp_aes.o(i.CRYP_AES_CBC) refers to stm32f4xx_cryp.o(i.CRYP_Cmd) for CRYP_Cmd
    stm32f4xx_cryp_aes.o(i.CRYP_AES_CBC) refers to stm32f4xx_cryp.o(i.CRYP_GetFlagStatus) for CRYP_GetFlagStatus
    stm32f4xx_cryp_aes.o(i.CRYP_AES_CBC) refers to stm32f4xx_cryp.o(i.CRYP_IVInit) for CRYP_IVInit
    stm32f4xx_cryp_aes.o(i.CRYP_AES_CBC) refers to stm32f4xx_cryp.o(i.CRYP_GetCmdStatus) for CRYP_GetCmdStatus
    stm32f4xx_cryp_aes.o(i.CRYP_AES_CBC) refers to stm32f4xx_cryp.o(i.CRYP_DataIn) for CRYP_DataIn
    stm32f4xx_cryp_aes.o(i.CRYP_AES_CBC) refers to stm32f4xx_cryp.o(i.CRYP_DataOut) for CRYP_DataOut
    stm32f4xx_cryp_aes.o(i.CRYP_AES_CCM) refers to stm32f4xx_cryp.o(i.CRYP_KeyStructInit) for CRYP_KeyStructInit
    stm32f4xx_cryp_aes.o(i.CRYP_AES_CCM) refers to stm32f4xx_cryp.o(i.CRYP_FIFOFlush) for CRYP_FIFOFlush
    stm32f4xx_cryp_aes.o(i.CRYP_AES_CCM) refers to stm32f4xx_cryp.o(i.CRYP_KeyInit) for CRYP_KeyInit
    stm32f4xx_cryp_aes.o(i.CRYP_AES_CCM) refers to stm32f4xx_cryp.o(i.CRYP_IVInit) for CRYP_IVInit
    stm32f4xx_cryp_aes.o(i.CRYP_AES_CCM) refers to stm32f4xx_cryp.o(i.CRYP_Init) for CRYP_Init
    stm32f4xx_cryp_aes.o(i.CRYP_AES_CCM) refers to stm32f4xx_cryp.o(i.CRYP_PhaseConfig) for CRYP_PhaseConfig
    stm32f4xx_cryp_aes.o(i.CRYP_AES_CCM) refers to stm32f4xx_cryp.o(i.CRYP_DataIn) for CRYP_DataIn
    stm32f4xx_cryp_aes.o(i.CRYP_AES_CCM) refers to stm32f4xx_cryp.o(i.CRYP_Cmd) for CRYP_Cmd
    stm32f4xx_cryp_aes.o(i.CRYP_AES_CCM) refers to stm32f4xx_cryp.o(i.CRYP_GetCmdStatus) for CRYP_GetCmdStatus
    stm32f4xx_cryp_aes.o(i.CRYP_AES_CCM) refers to stm32f4xx_cryp.o(i.CRYP_GetFlagStatus) for CRYP_GetFlagStatus
    stm32f4xx_cryp_aes.o(i.CRYP_AES_CCM) refers to stm32f4xx_cryp.o(i.CRYP_DataOut) for CRYP_DataOut
[...]
    my_mem_init                              0x0800ac75   Thumb Code    54  malloc.o(i.my_mem_init)
    my_mem_malloc                            0x0800acb9   Thumb Code   156  malloc.o(i.my_mem_malloc)
    my_mem_perused                           0x0800ad61   Thumb Code    54  malloc.o(i.my_mem_perused)
    myfree                                   0x0800ada1   Thumb Code    30  malloc.o(i.myfree)
    mymalloc                                 0x0800adc5   Thumb Code    34  malloc.o(i.mymalloc)
    mymemset                                 0x0800aded   Thumb Code    20  malloc.o(i.mymemset)
    netif_add                                0x0800ae01   Thumb Code   130  netif.o(i.netif_add)
    netif_init                               0x0800ae8d   Thumb Code     2  netif.o(i.netif_init)
    netif_set_addr                           0x0800ae8f   Thumb Code    40  netif.o(i.netif_set_addr)
    netif_set_default                        0x0800aeb9   Thumb Code    10  netif.o(i.netif_set_default)
    netif_set_down                           0x0800aec9   Thumb Code    42  netif.o(i.netif_set_down)
    netif_set_gw                             0x0800aef3   Thumb Code    16  netif.o(i.netif_set_gw)
    netif_set_ipaddr                         0x0800af05   Thumb Code   124  netif.o(i.netif_set_ipaddr)
    netif_set_netmask                        0x0800af89   Thumb Code    16  netif.o(i.netif_set_netmask)
    netif_set_up                             0x0800af99   Thumb Code    54  netif.o(i.netif_set_up)
    pbuf_alloc                               0x0800b081   Thumb Code   418  pbuf.o(i.pbuf_alloc)
    pbuf_alloced_custom                      0x0800b223   Thumb Code   116  pbuf.o(i.pbuf_alloced_custom)
    pbuf_cat                                 0x0800b297   Thumb Code    56  pbuf.o(i.pbuf_cat)
    pbuf_chain                               0x0800b2cf   Thumb Code    26  pbuf.o(i.pbuf_chain)
    pbuf_clen                                0x0800b2e9   Thumb Code    18  pbuf.o(i.pbuf_clen)
    pbuf_copy                                0x0800b2fb   Thumb Code   200  pbuf.o(i.pbuf_copy)
    pbuf_copy_partial                        0x0800b3c3   Thumb Code   146  pbuf.o(i.pbuf_copy_partial)
    pbuf_free                                0x0800b455   Thumb Code   162  pbuf.o(i.pbuf_free)
    pbuf_header                              0x0800b4f7   Thumb Code   134  pbuf.o(i.pbuf_header)
    pbuf_realloc                             0x0800b57d   Thumb Code   120  pbuf.o(i.pbuf_realloc)
    pbuf_ref                                 0x0800b5f5   Thumb Code    26  pbuf.o(i.pbuf_ref)
    process_jpeg_frame                       0x0800b699   Thumb Code   424  jpeg_serial.o(i.process_jpeg_frame)
    pvPortMalloc                             0x0800c201   Thumb Code   188  heap_4.o(i.pvPortMalloc)
    pvTaskIncrementMutexHeldCount            0x0800c2d1   Thumb Code    26  tasks.o(i.pvTaskIncrementMutexHeldCount)
    pxPortInitialiseStack                    0x0800c2f1   Thumb Code    38  port.o(i.pxPortInitialiseStack)
    raw_input                                0x0800c31d   Thumb Code   102  raw.o(i.raw_input)
    report_task                              0x0800c391   Thumb Code    16  main.o(i.report_task)
    serial_display_init                      0x0800c429   Thumb Code    16  jpeg_serial.o(i.serial_display_init)
    serial_send_jpeg_data                    0x0800c485   Thumb Code    90  jpeg_serial.o(i.serial_send_jpeg_data)
    start_task                               0x0800c4e1   Thumb Code    84  main.o(i.start_task)
    sys_arch_mbox_fetch                      0x0800c575   Thumb Code    98  sys_arch.o(i.sys_arch_mbox_fetch)
    sys_arch_protect                         0x0800c5d7   Thumb Code    10  sys_arch.o(i.sys_arch_protect)
    sys_arch_sem_wait                        0x0800c5e1   Thumb Code    86  sys_arch.o(i.sys_arch_sem_wait)
    sys_arch_unprotect                       0x0800c637   Thumb Code    10  sys_arch.o(i.sys_arch_unprotect)
    sys_init                                 0x0800c641   Thumb Code    34  sys_arch.o(i.sys_init)
    sys_mbox_new                             0x0800c66d   Thumb Code    32  sys_arch.o(i.sys_mbox_new)
    sys_mbox_trypost                         0x0800c68d   Thumb Code    32  sys_arch.o(i.sys_mbox_trypost)
    sys_mbox_valid                           0x0800c6ad   Thumb Code    14  sys_arch.o(i.sys_mbox_valid)
    sys_sem_new                              0x0800c6bb   Thumb Code    62  sys_arch.o(i.sys_sem_new)
    sys_sem_signal                           0x0800c6f9   Thumb Code    18  sys_arch.o(i.sys_sem_signal)
    sys_thread_new                           0x0800c70d   Thumb Code    86  sys_arch.o(i.sys_thread_new)
    sys_timeout                              0x0800c76d   Thumb Code   152  timers_1.o(i.sys_timeout)
    sys_timeouts_init                        0x0800c809   Thumb Code    52  timers_1.o(i.sys_timeouts_init)
    sys_timeouts_mbox_fetch                  0x0800c84d   Thumb Code   132  timers_1.o(i.sys_timeouts_mbox_fetch)
    sys_untimeout                            0x0800c8d5   Thumb Code    90  timers_1.o(i.sys_untimeout)
    tcp_abandon                              0x0800c935   Thumb Code   140  tcp.o(i.tcp_abandon)
    tcp_abort                                0x0800c9cd   Thumb Code    14  tcp.o(i.tcp_abort)
    tcp_alloc                                0x0800c9dd   Thumb Code   180  tcp.o(i.tcp_alloc)
    tcp_close                                0x0800caa1   Thumb Code    28  tcp.o(i.tcp_close)
    tcp_eff_send_mss                         0x0800cd3d   Thumb Code    46  tcp.o(i.tcp_eff_send_mss)
    tcp_enqueue_flags                        0x0800cd6b   Thumb Code   294  tcp_out.o(i.tcp_enqueue_flags)
    tcp_fasttmr                              0x0800ce91   Thumb Code   114  tcp.o(i.tcp_fasttmr)
    tcp_init                                 0x0800cf11   Thumb Code     2  tcp.o(i.tcp_init)
    tcp_input                                0x0800cf15   Thumb Code  1152  tcp_in.o(i.tcp_input)
    tcp_keepalive                            0x0800d3ad   Thumb Code    84  tcp_out.o(i.tcp_keepalive)
    tcp_next_iss                             0x0800d5d5   Thumb Code    20  tcp.o(i.tcp_next_iss)
    tcp_output                               0x0800d5f1   Thumb Code   444  tcp_out.o(i.tcp_output)
    tcp_pcb_purge                            0x0800d9d1   Thumb Code    88  tcp.o(i.tcp_pcb_purge)
    tcp_pcb_remove                           0x0800da29   Thumb Code   140  tcp.o(i.tcp_pcb_remove)
    tcp_process_refused_data                 0x0800e071   Thumb Code   148  tcp.o(i.tcp_process_refused_data)
    tcp_recv_null                            0x0800e77d   Thumb Code    46  tcp.o(i.tcp_recv_null)
    tcp_recved                               0x0800e7ab   Thumb Code    72  tcp.o(i.tcp_recved)
    tcp_rexmit                               0x0800e7f3   Thumb Code    90  tcp_out.o(i.tcp_rexmit)
    tcp_rexmit_fast                          0x0800e84d   Thumb Code   120  tcp_out.o(i.tcp_rexmit_fast)
    tcp_rexmit_rto                           0x0800e8c5   Thumb Code    58  tcp_out.o(i.tcp_rexmit_rto)
    tcp_rst                                  0x0800e8ff   Thumb Code   132  tcp_out.o(i.tcp_rst)
    tcp_seg_free                             0x0800e983   Thumb Code    26  tcp.o(i.tcp_seg_free)
    tcp_segs_free                            0x0800e99d   Thumb Code    24  tcp.o(i.tcp_segs_free)
    tcp_send_empty_ack                       0x0800e9b5   Thumb Code    86  tcp_out.o(i.tcp_send_empty_ack)
    tcp_send_fin                             0x0800ea0b   Thumb Code    74  tcp_out.o(i.tcp_send_fin)
    tcp_slowtmr                              0x0800ea55   Thumb Code   832  tcp.o(i.tcp_slowtmr)
    tcp_timer_needed                         0x0800edb5   Thumb Code    38  timers_1.o(i.tcp_timer_needed)
    tcp_tmr                                  0x0800ee99   Thumb Code    30  tcp.o(i.tcp_tmr)
    tcp_update_rcv_ann_wnd                   0x0800eebd   Thumb Code    78  tcp.o(i.tcp_update_rcv_ann_wnd)
    tcp_zero_window_probe                    0x0800ef0b   Thumb Code   180  tcp_out.o(i.tcp_zero_window_probe)
    tcpip_init                               0x0800efc1   Thumb Code    52  tcpip.o(i.tcpip_init)
    tcpip_input                              0x0800f015   Thumb Code    72  tcpip.o(i.tcpip_input)
    uart_init                                0x0800f17d   Thumb Code   174  usart.o(i.uart_init)
    uart_send_byte                           0x0800f235   Thumb Code    42  usart.o(i.uart_send_byte)
    udp_bind                                 0x0800f265   Thumb Code   146  udp.o(i.udp_bind)
    udp_init                                 0x0800f2fd   Thumb Code     2  udp.o(i.udp_init)
    udp_input                                0x0800f301   Thumb Code   470  udp.o(i.udp_input)
    udp_sendto_if                            0x0800f53d   Thumb Code   240  udp.o(i.udp_sendto_if)
    usart1_dma_init                          0x0800f62d   Thumb Code   158  usart.o(i.usart1_dma_init)
    usart1_dma_send                          0x0800f6d9   Thumb Code    80  usart.o(i.usart1_dma_send)
    uxListRemove                             0x0800f731   Thumb Code    40  list.o(i.uxListRemove)
    vListInitialise                          0x0800f759   Thumb Code    26  list.o(i.vListInitialise)
    vListInitialiseItem                      0x0800f773   Thumb Code     6  list.o(i.vListInitialiseItem)
    vListInsert                              0x0800f779   Thumb Code    52  list.o(i.vListInsert)
    vListInsertEnd                           0x0800f7ad   Thumb Code    24  list.o(i.vListInsertEnd)
    vPortEnterCritical                       0x0800f7c5   Thumb Code    30  port.o(i.vPortEnterCritical)
    vPortExitCritical                        0x0800f7e9   Thumb Code    28  port.o(i.vPortExitCritical)
    vPortFree                                0x0800f809   Thumb Code    64  heap_4.o(i.vPortFree)
    vPortSetupTimerInterrupt                 0x0800f851   Thumb Code    14  port.o(i.vPortSetupTimerInterrupt)
    vQueueWaitForMessageRestricted           0x0800f865   Thumb Code    74  queue.o(i.vQueueWaitForMessageRestricted)
    vTaskDelay                               0x0800f8b1   Thumb Code    46  tasks.o(i.vTaskDelay)
    vTaskDelete                              0x0800f8e5   Thumb Code   166  tasks.o(i.vTaskDelete)
    vTaskMissedYield                         0x0800f9b1   Thumb Code     8  tasks.o(i.vTaskMissedYield)
    vTaskPlaceOnEventList                    0x0800f9bd   Thumb Code    28  tasks.o(i.vTaskPlaceOnEventList)
    vTaskPlaceOnEventListRestricted          0x0800f9dd   Thumb Code    36  tasks.o(i.vTaskPlaceOnEventListRestricted)
    vTaskPriorityInherit                     0x0800fa05   Thumb Code   164  tasks.o(i.vTaskPriorityInherit)
    vTaskSetTimeOutState                     0x0800fab5   Thumb Code    14  tasks.o(i.vTaskSetTimeOutState)
    vTaskStartScheduler                      0x0800facd   Thumb Code    82  tasks.o(i.vTaskStartScheduler)
    vTaskSuspendAll                          0x0800fb3d   Thumb Code    12  tasks.o(i.vTaskSuspendAll)
    vTaskSwitchContext                       0x0800fb4d   Thumb Code    76  tasks.o(i.vTaskSwitchContext)
    xPortStartScheduler                      0x0800fbad   Thumb Code    58  port.o(i.xPortStartScheduler)
    xQueueCreateCountingSemaphore            0x0800fbf5   Thumb Code    26  queue.o(i.xQueueCreateCountingSemaphore)
    xQueueCreateMutex                        0x0800fc0f   Thumb Code    34  queue.o(i.xQueueCreateMutex)
    xQueueGenericCreate                      0x0800fc31   Thumb Code    56  queue.o(i.xQueueGenericCreate)
    xQueueGenericReceive                     0x0800fc69   Thumb Code   342  queue.o(i.xQueueGenericReceive)
    xQueueGenericReset                       0x0800fdc5   Thumb Code   122  queue.o(i.xQueueGenericReset)
    xQueueGenericSend                        0x0800fe45   Thumb Code   276  queue.o(i.xQueueGenericSend)
    xQueueGenericSendFromISR                 0x0800ff5d   Thumb Code   134  queue.o(i.xQueueGenericSendFromISR)
    xQueueGiveFromISR                        0x0800ffe3   Thumb Code   120  queue.o(i.xQueueGiveFromISR)
    xTaskCheckForTimeOut                     0x0801005d   Thumb Code    84  tasks.o(i.xTaskCheckForTimeOut)
    xTaskCreate                              0x080100b9   Thumb Code    96  tasks.o(i.xTaskCreate)
    xTaskGetSchedulerState                   0x08010119   Thumb Code    24  tasks.o(i.xTaskGetSchedulerState)
    xTaskGetTickCount                        0x08010139   Thumb Code     6  tasks.o(i.xTaskGetTickCount)
    xTaskIncrementTick                       0x08010145   Thumb Code   238  tasks.o(i.xTaskIncrementTick)
    xTaskPriorityDisinherit                  0x08010261   Thumb Code   122  tasks.o(i.xTaskPriorityDisinherit)
    xTaskRemoveFromEventList                 0x080102e5   Thumb Code   104  tasks.o(i.xTaskRemoveFromEventList)
    xTaskResumeAll                           0x08010365   Thumb Code   196  tasks.o(i.xTaskResumeAll)
    xTimerCreateTimerTask                    0x0801044d   Thumb Code    42  timers.o(i.xTimerCreateTimerTask)
    xTimerGenericCommand                     0x0801048d   Thumb Code   102  timers.o(i.xTimerGenericCommand)
    OV5640_SATURATION_TBL                    0x08010ea4   Data          42  ov5640.o(.constdata)
    tcp_state_str                            0x08010f08   Data          44  tcp.o(.constdata)
    tcp_backoff                              0x08010f34   Data          13  tcp.o(.constdata)
    tcp_persist_backoff                      0x08010f41   Data           7  tcp.o(.constdata)
    tcp_pcb_lists                            0x08010f48   Data          16  tcp.o(.constdata)
    ip_addr_any                              0x08010f58   Data           4  ip_addr.o(.constdata)
    ip_addr_broadcast                        0x08010f5c   Data           4  ip_addr.o(.constdata)
    ethbroadcast                             0x08010f60   Data           6  etharp.o(.constdata)
    ethzero                                  0x08010f66   Data           6  etharp.o(.constdata)
    memtblsize                               0x08010f6c   Data          12  malloc.o(.constdata)
    memblksize                               0x08010f78   Data          12  malloc.o(.constdata)
    memsize                                  0x08010f84   Data          12  malloc.o(.constdata)
    __ctype_categories                       0x08010f90   Data          64  ctype_c.o(.constdata)
    Region$$Table$$Base                      0x080113dc   Number         0  anon$$obj.o(Region$$Table)
    Region$$Table$$Limit                     0x080113fc   Number         0  anon$$obj.o(Region$$Table)
    work                                     0x10000000   Data       16384  jpeg_decoder.o(.ARM.__AT_0x10000000)
    mem3base                                 0x10004000   Data       40960  malloc.o(.ARM.__AT_0x10004000)
    mem3mapbase                              0x1000e000   Data        2560  malloc.o(.ARM.__AT_0x1000E000)
    __stdout                                 0x20000014   Data           4  usart.o(.data)
    USART_RX_STA                             0x20000018   Data           2  usart.o(.data)
    usart1_dma_busy                          0x2000001a   Data           1  usart.o(.data)
    usart1_dma_complete                      0x2000001b   Data           1  usart.o(.data)
    ESP32_RX_STA                             0x2000001c   Data           2  usart2.o(.data)
    USART3_RX_STA                            0x2000001e   Data           2  usart3.o(.data)
    RTC_TimeStruct                           0x20000020   Data           4  rtc.o(.data)
    RTC_DateStruct                           0x20000024   Data           4  rtc.o(.data)
    buf_ctrl_a                               0x20000028   Data          20  jpeg_serial.o(.data)
    buf_ctrl_b                               0x2000003c   Data          20  jpeg_serial.o(.data)
    current_capture_buf                      0x20000050   Data           4  jpeg_serial.o(.data)
    current_send_buf                         0x20000054   Data           4  jpeg_serial.o(.data)
    frame_info                               0x20000058   Data           8  jpeg_serial.o(.data)
    frame_valid                              0x20000060   Data           1  jpeg_serial.o(.data)
    jpeg_data_ok                             0x20000061   Data           1  jpeg_serial.o(.data)
    jpeg_data_len                            0x20000064   Data           4  jpeg_serial.o(.data)
    ovx_mode                                 0x20000068   Data           1  jpeg_serial.o(.data)
    frame_done                               0x20000069   Data           1  jpeg_serial.o(.data)
    frame_length                             0x2000006c   Data           4  jpeg_serial.o(.data)
    dropped_frames                           0x20000070   Data           4  jpeg_serial.o(.data)
    frame_count                              0x20000074   Data           4  jpeg_serial.o(.data)
    g_processed_frame_count                  0x20000078   Data           4  jpeg_serial.o(.data)
    fire_detection_frame_count               0x2000007c   Data           4  jpeg_serial.o(.data)
    dma_transfer_complete                    0x20000080   Data           1  jpeg_serial.o(.data)
    dma_transfer_count                       0x20000084   Data           4  jpeg_serial.o(.data)
    completed_buffer                         0x20000088   Data           4  jpeg_serial.o(.data)
    Mutex_USART1                             0x20000098   Data           4  main.o(.data)
    g_record_count                           0x2000009c   Data           4  main.o(.data)
    g_fire_alert_count                       0x200000a0   Data           4  main.o(.data)
    g_smoke_alert_count                      0x200000a4   Data           4  main.o(.data)
    g_temp_alert_count                       0x200000a8   Data           4  main.o(.data)
    g_smoke_adc_sum                          0x200000ac   Data           4  main.o(.data)
    g_max_smoke_adc                          0x200000b0   Data           2  main.o(.data)
    g_max_flame_adc                          0x200000b2   Data           2  main.o(.data)
    g_temp_sum                               0x200000b4   Data           4  main.o(.data)
    g_max_temperature                        0x200000b8   Data           4  main.o(.data)
    StartTask_Handler                        0x200000bc   Data           4  main.o(.data)
    CameraTask_Handler                       0x200000c0   Data           4  main.o(.data)
    ReportTask_Handler                       0x200000c4   Data           4  main.o(.data)
    ButtonTask_Handler                       0x200000c8   Data           4  main.o(.data)
    pxCurrentTCB                             0x200000e8   Data           4  tasks.o(.data)
    TransferError                            0x20000146   Data           1  sdio_sdcard.o(.data)
    TransferEnd                              0x20000147   Data           1  sdio_sdcard.o(.data)
    tempbuff                                 0x20000148   Data           4  sdio_sdcard.o(.data)
    g_system_mode                            0x2000014c   Data           1  esp8266_report.o(.data)
    g_main_power_status                      0x2000014d   Data           1  esp8266_report.o(.data)
    g_virtual_current                        0x20000150   Data           4  esp8266_report.o(.data)
    ov_frame                                 0x20000158   Data           1  dcmi.o(.data)
    g_raw_frame_count                        0x2000015c   Data           4  dcmi.o(.data)
    ram_heap                                 0x20000168   Data           4  mem.o(.data)
    memp_memory                              0x200001b4   Data           4  memp.o(.data)
    netif_list                               0x200001b8   Data           4  netif.o(.data)
    netif_default                            0x200001bc   Data           4  netif.o(.data)
    tcp_ticks                                0x200001cc   Data           4  tcp.o(.data)
    tcp_bound_pcbs                           0x200001d0   Data           4  tcp.o(.data)
    tcp_listen_pcbs                          0x200001d4   Data           4  tcp.o(.data)
    tcp_active_pcbs                          0x200001d8   Data           4  tcp.o(.data)
    tcp_tw_pcbs                              0x200001dc   Data           4  tcp.o(.data)
    tcp_tmp_pcb                              0x200001e0   Data           4  tcp.o(.data)
    tcp_active_pcbs_changed                  0x200001e4   Data           1  tcp.o(.data)
    tcp_input_pcb                            0x20000208   Data           4  tcp_in.o(.data)
    udp_pcbs                                 0x20000218   Data           4  udp.o(.data)
    current_netif                            0x2000021c   Data           4  ip.o(.data)
    current_header                           0x20000220   Data           4  ip.o(.data)
    current_iphdr_src                        0x20000224   Data           4  ip.o(.data)
    current_iphdr_dest                       0x20000228   Data           4  ip.o(.data)
    s_xSemaphore                             0x20000248   Data           4  ethernetif.o(.data)
    t_xSemaphore                             0x2000024c   Data           4  ethernetif.o(.data)
    Thread_intTask_Handler                   0x20000250   Data           4  ethernetif.o(.data)
    Thread_outTask_Handler                   0x20000254   Data           4  ethernetif.o(.data)
    tx_sem                                   0x20000258   Data           4  ethernetif.o(.data)
    eth_tx_mb                                0x2000025c   Data           4  ethernetif.o(.data)
    DMATxDescToSet                           0x20000260   Data           4  stm32f4x7_eth.o(.data)
    DMARxDescToGet                           0x20000264   Data           4  stm32f4x7_eth.o(.data)
    DMA_RX_FRAME_infos                       0x20000268   Data           4  stm32f4x7_eth.o(.data)
    Frame_Rx_index                           0x2000026c   Data           4  stm32f4x7_eth.o(.data)
    DMARxDscrTab                             0x20000270   Data           4  lan8720.o(.data)
    DMATxDscrTab                             0x20000274   Data           4  lan8720.o(.data)
    Rx_Buff                                  0x20000278   Data           4  lan8720.o(.data)
    Tx_Buff                                  0x2000027c   Data           4  lan8720.o(.data)
    TCPIP_THREAD_Task_Handler                0x20000280   Data           4  lwip_comm.o(.data)
    LWIP_DHCP_TASK_Handler                   0x20000284   Data           4  lwip_comm.o(.data)
    DHCPfineTimer                            0x20000288   Data           4  lwip_comm.o(.data)
    DHCPcoarseTimer                          0x2000028c   Data           4  lwip_comm.o(.data)
    mallco_dev                               0x20000290   Data          36  malloc.o(.data)
    USART_RX_BUF                             0x200002b4   Data         200  usart.o(.bss)
    g_esp32_data                             0x2000037c   Data          30  usart2.o(.bss)
    ESP32_RX_BUF                             0x2000039a   Data         128  usart2.o(.bss)
    USART3_RX_BUF                            0x2000041a   Data         256  usart3.o(.bss)
    row_buffer                               0x2000051c   Data        5120  jpeg_decoder.o(.bss)
    jpeg_buf_a                               0x20001930   Data       32768  jpeg_serial.o(.bss)
    jpeg_buf_b                               0x20009930   Data       32768  jpeg_serial.o(.bss)
    SDIO_InitStructure                       0x20016448   Data          24  sdio_sdcard.o(.bss)
    SDIO_CmdInitStructure                    0x20016460   Data          20  sdio_sdcard.o(.bss)
    SDIO_DataInitStructure                   0x20016474   Data          24  sdio_sdcard.o(.bss)
    SDCardInfo                               0x200164b0   Data          88  sdio_sdcard.o(.bss)
    SDIO_DATA_BUFFER                         0x20016508   Data         512  sdio_sdcard.o(.bss)
    g_latest_fire_result                     0x20016708   Data          16  esp8266_report.o(.bss)
    DCMI_InitStructure                       0x20016b6a   Data          14  dcmi.o(.bss)
    RX_Frame_Descriptor                      0x20016cbc   Data          12  stm32f4x7_eth.o(.bss)
    lwipdev                                  0x20016cc8   Data          23  lwip_comm.o(.bss)
    lwip_netif                               0x20016ce0   Data          52  lwip_comm.o(.bss)
    mem1base                                 0x20016d20   Data       20480  malloc.o(.bss)
    mem1mapbase                              0x2001bd20   Data        1280  malloc.o(.bss)
    __initial_sp                             0x2001c620   Data           0  startup_stm32f40_41xxx.o(STACK)
    mem2base                                 0x68080000   Data       409600  malloc.o(.ARM.__AT_0x68080000)
    mem2mapbase                              0x680e8000   Data       25600  malloc.o(.ARM.__AT_0x680E8000)



==============================================================================

Memory Map of the image

  Image Entry point : 0x08000189

  Load Region LR_IROM1 (Base: 0x08000000, Size: 0x000116b0, Max: 0x00100000, ABSOLUTE, COMPRESSED[0x00011490])

    Execution Region ER_IROM1 (Base: 0x08000000, Size: 0x000113fc, Max: 0x00100000, ABSOLUTE)

    Base Addr    Size         Type   Attr      Idx    E Section Name        Object

    0x08000000   0x00000188   Data   RO          214    RESET               startup_stm32f40_41xxx.o
    0x08000188   0x00000000   Code   RO        12873  * .ARM.Collect$$$$00000000  mc_w.l(entry.o)
    0x08000188   0x00000004   Code   RO        13240    .ARM.Collect$$$$00000001  mc_w.l(entry2.o)
    0x0800018c   0x00000004   Code   RO        13243    .ARM.Collect$$$$00000004  mc_w.l(entry5.o)
    0x08000190   0x00000000   Code   RO        13245    .ARM.Collect$$$$00000008  mc_w.l(entry7b.o)
    0x08000190   0x00000000   Code   RO        13247    .ARM.Collect$$$$0000000A  mc_w.l(entry8b.o)
    0x08000190   0x00000008   Code   RO        13248    .ARM.Collect$$$$0000000B  mc_w.l(entry9a.o)
    0x08000198   0x00000000   Code   RO        13250    .ARM.Collect$$$$0000000D  mc_w.l(entry10a.o)
    0x08000198   0x00000000   Code   RO        13252    .ARM.Collect$$$$0000000F  mc_w.l(entry11a.o)
    0x08000198   0x00000004   Code   RO        13241    .ARM.Collect$$$$00002712  mc_w.l(entry2.o)
    0x0800019c   0x000000b6   Code   RO         7975    .emb_text           port.o
    0x08000252   0x00000002   PAD
    0x08000254   0x00000024   Code   RO          215    .text               startup_stm32f40_41xxx.o
    0x08000278   0x00000024   Code   RO        12878    .text               mc_w.l(memcpya.o)
    0x0800029c   0x00000024   Code   RO        12880    .text               mc_w.l(memseta.o)
    0x080002c0   0x00000024   Code   RO        12882    .text               mc_w.l(strstr.o)
    0x080002e4   0x00000018   Code   RO        12884    .text               mc_w.l(strncpy.o)
    0x080002fc   0x0000001c   Code   RO        12890    .text               mc_w.l(strcmp.o)
    0x08000318   0x0000001a   Code   RO        12892    .text               mc_w.l(memcmp.o)
    0x08000332   0x0000001e   Code   RO        12896    .text               mc_w.l(strncmp.o)
    0x08000350   0x00000038   Code   RO        13191    .text               mc_w.l(__0sscanf.o)
    0x08000388   0x0000014c   Code   RO        13193    .text               mc_w.l(_scanf_int.o)
    0x080004d4   0x0000014e   Code   RO        13195    .text               mf_w.l(dadd.o)
    0x08000622   0x000000e4   Code   RO        13197    .text               mf_w.l(dmul.o)
    0x08000706   0x00000026   Code   RO        13203    .text               mf_w.l(f2d.o)
    0x0800072c   0x00000030   Code   RO        13207    .text               mf_w.l(cdrcmple.o)
    0x0800075c   0x0000002c   Code   RO        13254    .text               mc_w.l(uidiv.o)
    0x08000788   0x00000062   Code   RO        13256    .text               mc_w.l(uldiv.o)
    0x080007ea   0x0000001e   Code   RO        13258    .text               mc_w.l(llshl.o)
    0x08000808   0x00000020   Code   RO        13260    .text               mc_w.l(llushr.o)
    0x08000828   0x00000024   Code   RO        13262    .text               mc_w.l(llsshr.o)
    0x0800084c   0x0000001c   Code   RO        13273    .text               mc_w.l(_chval.o)
    0x08000868   0x00000028   Code   RO        13275    .text               mc_w.l(scanf_char.o)
    0x08000890   0x00000040   Code   RO        13277    .text               mc_w.l(_sgetc.o)
    0x080008d0   0x00000000   Code   RO        13279    .text               mc_w.l(iusefp.o)
    0x080008d0   0x000000ba   Code   RO        13280    .text               mf_w.l(depilogue.o)
    0x0800098a   0x000000de   Code   RO        13282    .text               mf_w.l(ddiv.o)
    0x08000a68   0x00000030   Code   RO        13288    .text               mf_w.l(dfixul.o)
    0x08000a98   0x00000024   Code   RO        13290    .text               mc_w.l(init.o)
    0x08000abc   0x0000000a   Code   RO        13292    .text               mc_w.l(isspace_c.o)
    0x08000ac6   0x00000002   PAD
    0x08000ac8   0x0000032c   Code   RO        13294    .text               mc_w.l(_scanf.o)
    0x08000df4   0x00000028   Code   RO        13298    .text               mc_w.l(ctype_c.o)
    0x08000e1c   0x00000056   Code   RO        13309    .text               mc_w.l(__dczerorl2.o)
    0x08000e72   0x00000016   Code   RO          302    i.ADC_Cmd           stm32f4xx_adc.o
    0x08000e88   0x00000008   Code   RO          314    i.ADC_GetConversionValue  stm32f4xx_adc.o
    0x08000e90   0x00000012   Code   RO          315    i.ADC_GetFlagStatus  stm32f4xx_adc.o
    0x08000ea2   0x00000002   PAD
    0x08000ea4   0x00000054   Code   RO          322    i.ADC_Init          stm32f4xx_adc.o
    0x08000ef8   0x000000b8   Code   RO          327    i.ADC_RegularChannelConfig  stm32f4xx_adc.o
    0x08000fb0   0x0000000a   Code   RO          329    i.ADC_SoftwareStartConv  stm32f4xx_adc.o
    0x08000fba   0x00000002   PAD
    0x08000fbc   0x00000158   Code   RO         8736    i.AI_Fire_Decision_Center  esp8266_report.o
    0x08001114   0x00000004   Code   RO            4    i.BusFault_Handler  stm32f4xx_it.o
    0x08001118   0x00000064   Code   RO         8415    i.CmdResp1Error     sdio_sdcard.o
    0x0800117c   0x00000024   Code   RO         1194    i.DCMI_CaptureCmd   stm32f4xx_dcmi.o
    0x080011a0   0x0000000c   Code   RO         1196    i.DCMI_ClearITPendingBit  stm32f4xx_dcmi.o
    0x080011ac   0x00000024   Code   RO         1197    i.DCMI_Cmd          stm32f4xx_dcmi.o
    0x080011d0   0x00000070   Code   RO         8805    i.DCMI_DMA_Init     dcmi.o
    0x08001240   0x0000001c   Code   RO         1198    i.DCMI_DeInit       stm32f4xx_dcmi.o
    0x0800125c   0x0000001c   Code   RO         1200    i.DCMI_GetITStatus  stm32f4xx_dcmi.o
    0x08001278   0x0000011c   Code   RO         8806    i.DCMI_IRQHandler   dcmi.o
    0x08001394   0x00000024   Code   RO         1201    i.DCMI_ITConfig     stm32f4xx_dcmi.o
    0x080013b8   0x00000040   Code   RO         1202    i.DCMI_Init         stm32f4xx_dcmi.o
    0x080013f8   0x00000064   Code   RO         5806    i.DCMI_StartOneFrame  jpeg_serial.o
    0x0800145c   0x0000005c   Code   RO         9147    i.DHT11_Check       dht11.o
    0x080014b8   0x00000024   Code   RO         9148    i.DHT11_IO_IN       dht11.o
    0x080014dc   0x00000030   Code   RO         9149    i.DHT11_IO_OUT      dht11.o
    0x0800150c   0x00000014   Code   RO         9150    i.DHT11_Init        dht11.o
    0x08001520   0x0000005c   Code   RO         9151    i.DHT11_Read_Bit    dht11.o
    0x0800157c   0x0000001e   Code   RO         9152    i.DHT11_Read_Byte   dht11.o
    0x0800159a   0x00000058   Code   RO         9153    i.DHT11_Read_Data   dht11.o
    0x080015f2   0x00000002   PAD
    0x080015f4   0x00000034   Code   RO         9154    i.DHT11_Rst         dht11.o
    0x08001628   0x00000014   Code   RO         5807    i.DMA2_Stream1_IRQHandler  jpeg_serial.o
    0x0800163c   0x0000003c   Code   RO         5355    i.DMA2_Stream7_IRQHandler  usart.o
    0x08001678   0x00000034   Code   RO         1321    i.DMA_ClearFlag     stm32f4xx_dma.o
    0x080016ac   0x00000034   Code   RO         1322    i.DMA_ClearITPendingBit  stm32f4xx_dma.o
    0x080016e0   0x00000016   Code   RO         1323    i.DMA_Cmd           stm32f4xx_dma.o
    0x080016f6   0x00000002   PAD
    0x080016f8   0x00000158   Code   RO         1324    i.DMA_DeInit        stm32f4xx_dma.o
    0x08001850   0x00000014   Code   RO         1328    i.DMA_GetCmdStatus  stm32f4xx_dma.o
    0x08001864   0x00000008   Code   RO         1329    i.DMA_GetCurrDataCounter  stm32f4xx_dma.o
    0x0800186c   0x00000064   Code   RO         1333    i.DMA_GetITStatus   stm32f4xx_dma.o
    0x080018d0   0x0000003a   Code   RO         1334    i.DMA_ITConfig      stm32f4xx_dma.o
    0x0800190a   0x00000002   PAD
    0x0800190c   0x00000058   Code   RO         1335    i.DMA_Init          stm32f4xx_dma.o
    0x08001964   0x00000002   Code   RO            5    i.DebugMon_Handler  stm32f4xx_it.o
    0x08001966   0x00000002   PAD
    0x08001968   0x0000001c   Code   RO         8625    i.ESP8266_CheckStatus  esp8266.o
    0x08001984   0x000002c0   Code   RO         8635    i.ESP8266_Init      esp8266.o
    0x08001c44   0x000000fc   Code   RO         8737    i.ESP8266_Report_CollectSensorData  esp8266_report.o
    0x08001d40   0x00000044   Code   RO         8738    i.ESP8266_Report_Init  esp8266_report.o
    0x08001d84   0x00000200   Code   RO         8739    i.ESP8266_Report_PackageJSON  esp8266_report.o
    0x08001f84   0x00000074   Code   RO         8740    i.ESP8266_Report_SendSensorData  esp8266_report.o
    0x08001ff8   0x00000024   Code   RO         8741    i.ESP8266_Report_UpdateFireDetectionResult  esp8266_report.o
    0x0800201c   0x000000ec   Code   RO         8636    i.ESP8266_SendATCommand  esp8266.o
    0x08002108   0x00000034   Code   RO         8638    i.ESP8266_SetMode   esp8266.o
    0x0800213c   0x00000064   Code   RO         8639    i.ESP8266_SetMuxMode  esp8266.o
    0x080021a0   0x00000022   Code   RO        12583    i.ETHERNET_NVICConfiguration  lan8720.o
    0x080021c2   0x00000002   PAD
    0x080021c4   0x0000000c   Code   RO        12052    i.ETH_DMAClearITPendingBit  stm32f4x7_eth.o
    0x080021d0   0x00000020   Code   RO        12053    i.ETH_DMAITConfig   stm32f4x7_eth.o
    0x080021f0   0x00000024   Code   RO        12054    i.ETH_DMAReceptionCmd  stm32f4x7_eth.o
    0x08002214   0x00000064   Code   RO        12055    i.ETH_DMARxDescChainInit  stm32f4x7_eth.o
    0x08002278   0x00000024   Code   RO        12057    i.ETH_DMATransmissionCmd  stm32f4x7_eth.o
    0x0800229c   0x00000050   Code   RO        12060    i.ETH_DMATxDescChainInit  stm32f4x7_eth.o
    0x080022ec   0x00000008   Code   RO        12061    i.ETH_DMATxDescChecksumInsertionConfig  stm32f4x7_eth.o
    0x080022f4   0x00000016   Code   RO        12066    i.ETH_DeInit        stm32f4x7_eth.o
    0x0800230a   0x0000001c   Code   RO        12067    i.ETH_Delay         stm32f4x7_eth.o
    0x08002326   0x00000002   PAD
    0x08002328   0x0000002c   Code   RO        12069    i.ETH_FlushTransmitFIFO  stm32f4x7_eth.o
    0x08002354   0x0000000c   Code   RO        12584    i.ETH_GetCurrentTxBuffer  lan8720.o
    0x08002360   0x0000000a   Code   RO        12081    i.ETH_GetDMARxDescFrameLength  stm32f4x7_eth.o
    0x0800236a   0x0000002a   Code   RO        12094    i.ETH_GetRxPktSize  stm32f4x7_eth.o
    0x08002394   0x00000018   Code   RO        12095    i.ETH_GetSoftwareResetStatus  stm32f4x7_eth.o
    0x080023ac   0x0000006c   Code   RO        12585    i.ETH_IRQHandler    lan8720.o
    0x08002418   0x00000328   Code   RO        12100    i.ETH_Init          stm32f4x7_eth.o
    0x08002740   0x00000034   Code   RO        12102    i.ETH_MACAddressConfig  stm32f4x7_eth.o
    0x08002774   0x0000008c   Code   RO        12586    i.ETH_MACDMA_Config  lan8720.o
    0x08002800   0x00000040   Code   RO        12107    i.ETH_MACReceptionCmd  stm32f4x7_eth.o
    0x08002840   0x00000040   Code   RO        12108    i.ETH_MACTransmissionCmd  stm32f4x7_eth.o
    0x08002880   0x0000003c   Code   RO        12587    i.ETH_Mem_Free      lan8720.o
    0x080028bc   0x0000006c   Code   RO        12588    i.ETH_Mem_Malloc    lan8720.o
    0x08002928   0x0000006c   Code   RO        12120    i.ETH_ReadPHYRegister  stm32f4x7_eth.o
    0x08002994   0x0000009c   Code   RO        12589    i.ETH_Rx_Packet     lan8720.o
    0x08002a30   0x00000014   Code   RO        12128    i.ETH_SoftwareReset  stm32f4x7_eth.o
    0x08002a44   0x00000020   Code   RO        12129    i.ETH_Start         stm32f4x7_eth.o
    0x08002a64   0x000000b2   Code   RO        12131    i.ETH_StructInit    stm32f4x7_eth.o
    0x08002b16   0x00000002   PAD
    0x08002b18   0x00000068   Code   RO        12590    i.ETH_Tx_Packet     lan8720.o
    0x08002b80   0x00000068   Code   RO        12133    i.ETH_WritePHYRegister  stm32f4x7_eth.o
    0x08002be8   0x00000370   Code   RO         5662    i.Extsram_Init      extsram.o
    0x08002f58   0x00000034   Code   RO         1998    i.FSMC_NORSRAMCmd   stm32f4xx_fsmc.o
    0x08002f8c   0x00000124   Code   RO         2000    i.FSMC_NORSRAMInit  stm32f4xx_fsmc.o
    0x080030b0   0x00000090   Code   RO         2123    i.GPIO_Init         stm32f4xx_gpio.o
    0x08003140   0x00000046   Code   RO         2124    i.GPIO_PinAFConfig  stm32f4xx_gpio.o
    0x08003186   0x00000012   Code   RO         2127    i.GPIO_ReadInputDataBit  stm32f4xx_gpio.o
    0x08003198   0x00000004   Code   RO         2130    i.GPIO_ResetBits    stm32f4xx_gpio.o
    0x0800319c   0x00000004   Code   RO         2131    i.GPIO_SetBits      stm32f4xx_gpio.o
    0x080031a0   0x00000004   Code   RO            6    i.HardFault_Handler  stm32f4xx_it.o
    0x080031a4   0x00000044   Code   RO         9210    i.KEY_Init          key.o
    0x080031e8   0x000000a4   Code   RO         9211    i.KEY_Scan          key.o
    0x0800328c   0x00000108   Code   RO        12592    i.LAN8720_Init      lan8720.o
    0x08003394   0x00000038   Code   RO         6043    i.LED_Init          led.o
    0x080033cc   0x00000004   Code   RO            7    i.MemManage_Handler  stm32f4xx_it.o
    0x080033d0   0x00000130   Code   RO         8809    i.My_DCMI_Init      dcmi.o
    0x08003500   0x00000002   Code   RO            8    i.NMI_Handler       stm32f4xx_it.o
    0x08003502   0x00000002   PAD
    0x08003504   0x00000078   Code   RO          222    i.NVIC_Init         misc.o
    0x0800357c   0x00000014   Code   RO          223    i.NVIC_PriorityGroupConfig  misc.o
    0x08003590   0x0000005a   Code   RO         8861    i.OV5640_Brightness  ov5640.o
    0x080035ea   0x00000002   PAD
    0x080035ec   0x00000084   Code   RO         8862    i.OV5640_Color_Saturation  ov5640.o
    0x08003670   0x00000078   Code   RO         8863    i.OV5640_Contrast   ov5640.o
    0x080036e8   0x00000032   Code   RO         8864    i.OV5640_Flash_Ctrl  ov5640.o
    0x0800371a   0x00000002   PAD
    0x0800371c   0x00000068   Code   RO         9028    i.OV5640_HW_Reset   sccb.o
    0x08003784   0x0000018a   Code   RO         6911    i.OV5640_Hue_Set    main.o
    0x0800390e   0x00000002   PAD
    0x08003910   0x0000041c   Code   RO         8865    i.OV5640_Init       ov5640.o
    0x08003d2c   0x0000002e   Code   RO         8866    i.OV5640_Light_Mode  ov5640.o
    0x08003d5a   0x00000080   Code   RO         8867    i.OV5640_OutSize_Set  ov5640.o
    0x08003dda   0x0000005a   Code   RO         8868    i.OV5640_RD_Reg     ov5640.o
    0x08003e34   0x0000001e   Code   RO         8869    i.OV5640_Read_ID    ov5640.o
    0x08003e52   0x00000066   Code   RO         8870    i.OV5640_Sharpness  ov5640.o
    0x08003eb8   0x0000004e   Code   RO         8871    i.OV5640_WR_Reg     ov5640.o
    0x08003f06   0x00000002   PAD
    0x08003f08   0x0000000c   Code   RO         2914    i.PWR_BackupAccessCmd  stm32f4xx_pwr.o
    0x08003f14   0x00000020   Code   RO         3049    i.RCC_AHB1PeriphClockCmd  stm32f4xx_rcc.o
    0x08003f34   0x00000020   Code   RO         3051    i.RCC_AHB1PeriphResetCmd  stm32f4xx_rcc.o
    0x08003f54   0x00000020   Code   RO         3052    i.RCC_AHB2PeriphClockCmd  stm32f4xx_rcc.o
    0x08003f74   0x00000020   Code   RO         3055    i.RCC_AHB3PeriphClockCmd  stm32f4xx_rcc.o
    0x08003f94   0x00000020   Code   RO         3058    i.RCC_APB1PeriphClockCmd  stm32f4xx_rcc.o
    0x08003fb4   0x00000020   Code   RO         3061    i.RCC_APB2PeriphClockCmd  stm32f4xx_rcc.o
    0x08003fd4   0x000000e8   Code   RO         3070    i.RCC_GetClocksFreq  stm32f4xx_rcc.o
    0x080040bc   0x00000040   Code   RO         3071    i.RCC_GetFlagStatus  stm32f4xx_rcc.o
    0x080040fc   0x0000000c   Code   RO         3081    i.RCC_LSICmd        stm32f4xx_rcc.o
    0x08004108   0x0000000c   Code   RO         3093    i.RCC_RTCCLKCmd     stm32f4xx_rcc.o
    0x08004114   0x0000003c   Code   RO         3094    i.RCC_RTCCLKConfig  stm32f4xx_rcc.o
    0x08004150   0x00000016   Code   RO         3456    i.RTC_Bcd2ToByte    stm32f4xx_rtc.o
    0x08004166   0x0000001c   Code   RO         3458    i.RTC_ByteToBcd2    stm32f4xx_rtc.o
    0x08004182   0x00000002   PAD
    0x08004184   0x00000050   Code   RO         3468    i.RTC_EnterInitMode  stm32f4xx_rtc.o
    0x080041d4   0x00000014   Code   RO         3469    i.RTC_ExitInitMode  stm32f4xx_rtc.o
    0x080041e8   0x0000004c   Code   RO         3472    i.RTC_GetDate       stm32f4xx_rtc.o
    0x08004234   0x00000050   Code   RO         3477    i.RTC_GetTime       stm32f4xx_rtc.o
    0x08004284   0x00000068   Code   RO         5619    i.RTC_Get_Time      rtc.o
    0x080042ec   0x00000064   Code   RO         3482    i.RTC_Init          stm32f4xx_rtc.o
    0x08004350   0x000001e4   Code   RO         5620    i.RTC_Init_Custom   rtc.o
    0x08004534   0x000000c8   Code   RO         3488    i.RTC_SetDate       stm32f4xx_rtc.o
    0x080045fc   0x000000d0   Code   RO         3489    i.RTC_SetTime       stm32f4xx_rtc.o
    0x080046cc   0x0000008c   Code   RO         5621    i.RTC_Set_Time      rtc.o
    0x08004758   0x00000060   Code   RO         3505    i.RTC_WaitForSynchro  stm32f4xx_rtc.o
    0x080047b8   0x00000054   Code   RO         9029    i.SCCB_Init         sccb.o
    0x0800480c   0x00000040   Code   RO         9030    i.SCCB_No_Ack       sccb.o
    0x0800484c   0x00000070   Code   RO         9031    i.SCCB_RD_Byte      sccb.o
    0x080048bc   0x00000034   Code   RO         9033    i.SCCB_Start        sccb.o
    0x080048f0   0x00000034   Code   RO         9034    i.SCCB_Stop         sccb.o
    0x08004924   0x000000a8   Code   RO         9035    i.SCCB_WR_Byte      sccb.o
    0x080049cc   0x0000000c   Code   RO         3983    i.SDIO_ClearFlag    stm32f4xx_sdio.o
    0x080049d8   0x00000018   Code   RO         3995    i.SDIO_GetFlagStatus  stm32f4xx_sdio.o
    0x080049f0   0x00000008   Code   RO         8424    i.SDIO_IRQHandler   sdio_sdcard.o
    0x080049f8   0x0000002c   Code   RO         4003    i.SDIO_SendCommand  stm32f4xx_sdio.o
    0x08004a24   0x00000154   Code   RO         8434    i.SD_ProcessIRQSrc  sdio_sdcard.o
    0x08004b78   0x0000000c   Code   RO         4371    i.SYSCFG_ETH_MediaInterfaceConfig  stm32f4xx_syscfg.o
    0x08004b84   0x00000064   Code   RO         6912    i.Safe_Printf       main.o
    0x08004be8   0x000000ec   Code   RO          174    i.SetSysClock       system_stm32f4xx.o
    0x08004cd4   0x0000006c   Code   RO         5575    i.Smoke_ADC_Init    smoke.o
    0x08004d40   0x00000058   Code   RO         5576    i.Smoke_Get_ADC_Value  smoke.o
    0x08004d98   0x000000b0   Code   RO         5577    i.Smoke_Get_Concentration  smoke.o
    0x08004e48   0x00000008   Code   RO         5578    i.Smoke_Sensor_Init  smoke.o
    0x08004e50   0x00000028   Code   RO          226    i.SysTick_CLKSourceConfig  misc.o
    0x08004e78   0x00000034   Code   RO         7976    i.SysTick_Handler   port.o
    0x08004eac   0x00000068   Code   RO          176    i.SystemInit        system_stm32f4xx.o
    0x08004f14   0x00000098   Code   RO         5356    i.USART1_IRQHandler  usart.o
    0x08004fac   0x00000034   Code   RO         5432    i.USART2_ConfigInterrupt  usart2.o
    0x08004fe0   0x000000ac   Code   RO         5433    i.USART2_IRQHandler  usart2.o
    0x0800508c   0x0000008c   Code   RO         5434    i.USART2_Init       usart2.o
    0x08005118   0x0000010c   Code   RO         5435    i.USART2_Process_ESP32_Data  usart2.o
    0x08005224   0x00000030   Code   RO         5436    i.USART2_Send_Byte  usart2.o
    0x08005254   0x0000001c   Code   RO         5437    i.USART2_Send_String  usart2.o
    0x08005270   0x00000058   Code   RO         5516    i.USART3_ConfigInterrupt  usart3.o
    0x080052c8   0x00000098   Code   RO         5517    i.USART3_IRQHandler  usart3.o
    0x08005360   0x0000012c   Code   RO         5518    i.USART3_Init       usart3.o
    0x0800548c   0x0000003c   Code   RO         5519    i.USART3_Send_Data  usart3.o
    0x080054c8   0x00000038   Code   RO         5520    i.USART3_Send_String  usart3.o
    0x08005500   0x00000012   Code   RO         4995    i.USART_ClearFlag   stm32f4xx_usart.o
    0x08005512   0x00000018   Code   RO         4999    i.USART_Cmd         stm32f4xx_usart.o
    0x0800552a   0x00000012   Code   RO         5000    i.USART_DMACmd      stm32f4xx_usart.o
    0x0800553c   0x0000001a   Code   RO         5002    i.USART_GetFlagStatus  stm32f4xx_usart.o
    0x08005556   0x00000054   Code   RO         5003    i.USART_GetITStatus  stm32f4xx_usart.o
    0x080055aa   0x0000004a   Code   RO         5005    i.USART_ITConfig    stm32f4xx_usart.o
    0x080055f4   0x000000d4   Code   RO         5006    i.USART_Init        stm32f4xx_usart.o
    0x080056c8   0x0000000a   Code   RO         5013    i.USART_ReceiveData  stm32f4xx_usart.o
    0x080056d2   0x00000008   Code   RO         5016    i.USART_SendData    stm32f4xx_usart.o
    0x080056da   0x00000004   Code   RO            9    i.UsageFault_Handler  stm32f4xx_it.o
    0x080056de   0x00000002   PAD
    0x080056e0   0x0000000c   Code   RO         9100    i.WaterPump_GetStatus  water_pump.o
    0x080056ec   0x00000044   Code   RO         9101    i.WaterPump_Init    water_pump.o
    0x08005730   0x0000001c   Code   RO         9102    i.WaterPump_Off     water_pump.o
    0x0800574c   0x0000001c   Code   RO         9103    i.WaterPump_On      water_pump.o
    0x08005768   0x00000020   Code   RO        13135    i.__0printf         mc_w.l(printfa.o)
    0x08005788   0x00000030   Code   RO        13136    i.__0snprintf       mc_w.l(printfa.o)
    0x080057b8   0x00000028   Code   RO        13137    i.__0sprintf        mc_w.l(printfa.o)
    0x080057e0   0x00000010   Code   RO        13139    i.__0vprintf        mc_w.l(printfa.o)
    0x080057f0   0x0000000e   Code   RO        13303    i.__scatterload_copy  mc_w.l(handlers.o)
    0x080057fe   0x00000002   Code   RO        13304    i.__scatterload_null  mc_w.l(handlers.o)
    0x08005800   0x0000000e   Code   RO        13305    i.__scatterload_zeroinit  mc_w.l(handlers.o)
    0x0800580e   0x00000002   PAD
    0x08005810   0x00000184   Code   RO        13142    i._fp_digits        mc_w.l(printfa.o)
    0x08005994   0x000006dc   Code   RO        13143    i._printf_core      mc_w.l(printfa.o)
    0x08006070   0x00000024   Code   RO        13144    i._printf_post_padding  mc_w.l(printfa.o)
    0x08006094   0x0000002e   Code   RO        13145    i._printf_pre_padding  mc_w.l(printfa.o)
    0x080060c2   0x00000016   Code   RO        13146    i._snputc           mc_w.l(printfa.o)
    0x080060d8   0x0000000a   Code   RO        13147    i._sputc            mc_w.l(printfa.o)
    0x080060e2   0x00000024   Code   RO         6837    i.alloc_pool        tjpgd.o
    0x08006106   0x00000002   PAD
    0x08006108   0x00000020   Code   RO        10537    i.arp_timer         timers_1.o
    0x08006128   0x000000ac   Code   RO         6838    i.bitext            tjpgd.o
    0x080061d4   0x000002a0   Code   RO         6839    i.block_idct        tjpgd.o
    0x08006474   0x00000180   Code   RO         8742    i.button_scan_task  esp8266_report.o
    0x080065f4   0x00000058   Code   RO         6913    i.camera_task       main.o
    0x0800664c   0x0000024e   Code   RO         6840    i.create_huffman_tbl  tjpgd.o
    0x0800689a   0x00000002   PAD
    0x0800689c   0x00000074   Code   RO         6841    i.create_qt_tbl     tjpgd.o
    0x08006910   0x0000002c   Code   RO         5253    i.delay_init        delay.o
    0x0800693c   0x00000026   Code   RO         5254    i.delay_ms          delay.o
    0x08006962   0x00000002   PAD
    0x08006964   0x00000048   Code   RO         5255    i.delay_us          delay.o
    0x080069ac   0x0000003a   Code   RO         9293    i.dhcp_arp_reply    dhcp.o
    0x080069e6   0x00000104   Code   RO         9294    i.dhcp_bind         dhcp.o
    0x08006aea   0x00000046   Code   RO         9295    i.dhcp_check        dhcp.o
    0x08006b30   0x00000050   Code   RO         9297    i.dhcp_coarse_tmr   dhcp.o
    0x08006b80   0x00000150   Code   RO         9298    i.dhcp_create_msg   dhcp.o
    0x08006cd0   0x00000094   Code   RO         9299    i.dhcp_decline      dhcp.o
    0x08006d64   0x00000028   Code   RO         9300    i.dhcp_delete_msg   dhcp.o
    0x08006d8c   0x000000e4   Code   RO         9301    i.dhcp_discover     dhcp.o
    0x08006e70   0x00000048   Code   RO         9302    i.dhcp_fine_tmr     dhcp.o
    0x08006eb8   0x00000020   Code   RO         9308    i.dhcp_option       dhcp.o
    0x08006ed8   0x00000012   Code   RO         9309    i.dhcp_option_byte  dhcp.o
    0x08006eea   0x00000042   Code   RO         9310    i.dhcp_option_long  dhcp.o
    0x08006f2c   0x00000022   Code   RO         9311    i.dhcp_option_short  dhcp.o
    0x08006f4e   0x00000046   Code   RO         9312    i.dhcp_option_trailer  dhcp.o
    0x08006f94   0x00000098   Code   RO         9314    i.dhcp_rebind       dhcp.o
    0x0800702c   0x000000b8   Code   RO         9315    i.dhcp_reboot       dhcp.o
    0x080070e4   0x000000b8   Code   RO         9317    i.dhcp_release      dhcp.o
    0x0800719c   0x00000096   Code   RO         9318    i.dhcp_renew        dhcp.o
    0x08007232   0x00000002   PAD
    0x08007234   0x00000104   Code   RO         9319    i.dhcp_select       dhcp.o
    0x08007338   0x00000010   Code   RO         9320    i.dhcp_set_state    dhcp.o
    0x08007348   0x00000028   Code   RO         9324    i.dhcp_t1_timeout   dhcp.o
    0x08007370   0x00000028   Code   RO         9325    i.dhcp_t2_timeout   dhcp.o
    0x08007398   0x000000c4   Code   RO         9326    i.dhcp_timeout      dhcp.o
    0x0800745c   0x00000020   Code   RO        10538    i.dhcp_timer_coarse  timers_1.o
    0x0800747c   0x00000020   Code   RO        10539    i.dhcp_timer_fine   timers_1.o
    0x0800749c   0x00000132   Code   RO        11885    i.etharp_arp_input  etharp.o
    0x080075ce   0x00000002   PAD
    0x080075d0   0x00000038   Code   RO        11886    i.etharp_cleanup_netif  etharp.o
    0x08007608   0x0000017c   Code   RO        11888    i.etharp_find_entry  etharp.o
    0x08007784   0x00000078   Code   RO        11889    i.etharp_free_entry  etharp.o
    0x080077fc   0x0000014c   Code   RO        11890    i.etharp_output     etharp.o
    0x08007948   0x0000006c   Code   RO        11891    i.etharp_output_to_arp_index  etharp.o
    0x080079b4   0x00000174   Code   RO        11892    i.etharp_query      etharp.o
    0x08007b28   0x000000ba   Code   RO        11893    i.etharp_raw        etharp.o
    0x08007be2   0x00000002   PAD
    0x08007be4   0x00000030   Code   RO        11894    i.etharp_request    etharp.o
    0x08007c14   0x0000003c   Code   RO        11895    i.etharp_send_ip    etharp.o
    0x08007c50   0x00000094   Code   RO        11896    i.etharp_tmr        etharp.o
    0x08007ce4   0x000000c4   Code   RO        11897    i.etharp_update_arp_entry  etharp.o
    0x08007da8   0x000000bc   Code   RO        11898    i.ethernet_input    etharp.o
    0x08007e64   0x00000030   Code   RO        11979    i.ethernetif_init   ethernetif.o
    0x08007e94   0x00000068   Code   RO        11980    i.ethernetif_input  ethernetif.o
    0x08007efc   0x0000003c   Code   RO         5992    i.fire_detection_check_flicker  fire_detection.o
    0x08007f38   0x000000b4   Code   RO         5993    i.fire_detection_init  fire_detection.o
    0x08007fec   0x00000038   Code   RO         5994    i.fire_detection_is_fire_pixel  fire_detection.o
    0x08008024   0x00000124   Code   RO         5995    i.fire_detection_process_frame  fire_detection.o
    0x08008148   0x00000028   Code   RO         5996    i.fire_detection_update_history  fire_detection.o
    0x08008170   0x0000001c   Code   RO         5358    i.fputc             usart.o
    0x0800818c   0x00000194   Code   RO         6842    i.huffext           tjpgd.o
    0x08008320   0x00000012   Code   RO        10742    i.icmp_dest_unreach  icmp.o
    0x08008332   0x00000002   PAD
    0x08008334   0x00000184   Code   RO        10743    i.icmp_input        icmp.o
    0x080084b8   0x00000088   Code   RO        10744    i.icmp_send_response  icmp.o
    0x08008540   0x00000012   Code   RO        10745    i.icmp_time_exceeded  icmp.o
    0x08008552   0x00000042   Code   RO         5945    i.image_preprocess_frame_rgb_to_hsv  image_preprocess.o
    0x08008594   0x000000e4   Code   RO         5947    i.image_preprocess_rgb_to_hsv  image_preprocess.o
    0x08008678   0x00000014   Code   RO        10790    i.inet_chksum       inet_chksum.o
    0x0800868c   0x00000056   Code   RO        10791    i.inet_chksum_pbuf  inet_chksum.o
    0x080086e2   0x00000056   Code   RO         5705    i.input_func        jpeg_decoder.o
    0x08008738   0x0000004e   Code   RO        10871    i.ip4_addr_isbroadcast  ip_addr.o
    0x08008786   0x00000002   PAD
    0x08008788   0x000001ac   Code   RO        10924    i.ip_frag           ip_frag.o
    0x08008934   0x0000000a   Code   RO        10925    i.ip_frag_alloc_pbuf_custom_ref  ip_frag.o
    0x0800893e   0x00000012   Code   RO        10926    i.ip_frag_free_pbuf_custom_ref  ip_frag.o
    0x08008950   0x000001f8   Code   RO        10825    i.ip_input          ip.o
    0x08008b48   0x0000003c   Code   RO        10826    i.ip_output         ip.o
    0x08008b84   0x000000d0   Code   RO        10827    i.ip_output_if      ip.o
    0x08008c54   0x000001a4   Code   RO        10927    i.ip_reass          ip_frag.o
    0x08008df8   0x00000164   Code   RO        10928    i.ip_reass_chain_frag_into_datagram_and_validate  ip_frag.o
    0x08008f5c   0x0000002c   Code   RO        10929    i.ip_reass_dequeue_datagram  ip_frag.o
    0x08008f88   0x00000058   Code   RO        10930    i.ip_reass_enqueue_new_datagram  ip_frag.o
    0x08008fe0   0x000000a0   Code   RO        10931    i.ip_reass_free_complete_datagram  ip_frag.o
    0x08009080   0x0000007c   Code   RO        10932    i.ip_reass_remove_oldest_datagram  ip_frag.o
    0x080090fc   0x00000020   Code   RO        10540    i.ip_reass_timer    timers_1.o
    0x0800911c   0x0000003c   Code   RO        10933    i.ip_reass_tmr      ip_frag.o
    0x08009158   0x00000058   Code   RO        10828    i.ip_route          ip.o
    0x080091b0   0x00000020   Code   RO        10934    i.ipfrag_free_pbuf_custom  ip_frag.o
    0x080091d0   0x000000a2   Code   RO         6843    i.jd_decomp         tjpgd.o
    0x08009272   0x0000035e   Code   RO         6844    i.jd_prepare        tjpgd.o
    0x080095d0   0x000001b8   Code   RO         5707    i.jpeg_decoder_decode  jpeg_decoder.o
    0x08009788   0x00000008   Code   RO         5710    i.jpeg_decoder_get_state  jpeg_decoder.o
    0x08009790   0x00000024   Code   RO         5711    i.jpeg_decoder_init  jpeg_decoder.o
    0x080097b4   0x00000050   Code   RO         5712    i.jpeg_decoder_load_row  jpeg_decoder.o
    0x08009804   0x0000003c   Code   RO         5713    i.jpeg_decoder_load_rows  jpeg_decoder.o
    0x08009840   0x0000001c   Code   RO         5714    i.jpeg_decoder_process  jpeg_decoder.o
    0x0800985c   0x000000dc   Code   RO         5715    i.jpeg_decoder_process_with_row_buffer  jpeg_decoder.o
    0x08009938   0x0000000c   Code   RO         5810    i.jpeg_serial_get_dropped_frames  jpeg_serial.o
    0x08009944   0x0000000c   Code   RO         5811    i.jpeg_serial_get_frame_count  jpeg_serial.o
    0x08009950   0x00000284   Code   RO         5814    i.jpeg_serial_init  jpeg_serial.o
    0x08009bd4   0x00000044   Code   RO         6044    i.led_off           led.o
    0x08009c18   0x00000044   Code   RO         6045    i.led_on            led.o
    0x08009c5c   0x000000f4   Code   RO        11981    i.low_level_init    ethernetif.o
    0x08009d50   0x00000074   Code   RO        11982    i.low_level_input   ethernetif.o
    0x08009dc4   0x0000003e   Code   RO        11983    i.low_level_output  ethernetif.o
    0x08009e02   0x00000002   PAD
    0x08009e04   0x00000060   Code   RO        12668    i.lwip_comm_default_ip_set  lwip_comm.o
    0x08009e64   0x0000008c   Code   RO        12671    i.lwip_comm_init    lwip_comm.o
    0x08009ef0   0x0000003c   Code   RO        12672    i.lwip_comm_mem_free  lwip_comm.o
    0x08009f2c   0x00000074   Code   RO        12673    i.lwip_comm_mem_malloc  lwip_comm.o
    0x08009fa0   0x0000001a   Code   RO         9241    i.lwip_htonl        def.o
    0x08009fba   0x0000000c   Code   RO         9242    i.lwip_htons        def.o
    0x08009fc6   0x00000024   Code   RO         9540    i.lwip_init         init.o
    0x08009fea   0x0000000c   Code   RO         9243    i.lwip_ntohl        def.o
    0x08009ff6   0x0000000c   Code   RO         9244    i.lwip_ntohs        def.o
    0x0800a002   0x00000002   Code   RO        11467    i.lwip_socket_init  sockets.o
    0x0800a004   0x0000005e   Code   RO        10794    i.lwip_standard_chksum  inet_chksum.o
    0x0800a062   0x00000002   PAD
    0x0800a064   0x0000020c   Code   RO         6915    i.main              main.o
    0x0800a270   0x000001cc   Code   RO         6845    i.mcu_load          tjpgd.o
    0x0800a43c   0x000003a4   Code   RO         6846    i.mcu_output        tjpgd.o
    0x0800a7e0   0x00000078   Code   RO         9679    i.mem_free          mem.o
    0x0800a858   0x00000074   Code   RO         9680    i.mem_init          mem.o
    0x0800a8cc   0x00000114   Code   RO         9681    i.mem_malloc        mem.o
    0x0800a9e0   0x0000012c   Code   RO         9682    i.mem_trim          mem.o
    0x0800ab0c   0x00000038   Code   RO         9746    i.memp_free         memp.o
    0x0800ab44   0x00000008   Code   RO         9747    i.memp_get_memorysize  memp.o
    0x0800ab4c   0x00000068   Code   RO         9748    i.memp_init         memp.o
    0x0800abb4   0x00000040   Code   RO         9749    i.memp_malloc       memp.o
    0x0800abf4   0x00000014   Code   RO         5256    i.millis            delay.o
    0x0800ac08   0x0000006c   Code   RO        12766    i.my_mem_free       malloc.o
    0x0800ac74   0x00000044   Code   RO        12767    i.my_mem_init       malloc.o
    0x0800acb8   0x000000a8   Code   RO        12768    i.my_mem_malloc     malloc.o
    0x0800ad60   0x00000040   Code   RO        12769    i.my_mem_perused    malloc.o
    0x0800ada0   0x00000024   Code   RO        12770    i.myfree            malloc.o
    0x0800adc4   0x00000028   Code   RO        12771    i.mymalloc          malloc.o
    0x0800adec   0x00000014   Code   RO        12773    i.mymemset          malloc.o
    0x0800ae00   0x0000008c   Code   RO         9848    i.netif_add         netif.o
    0x0800ae8c   0x00000002   Code   RO         9850    i.netif_init        netif.o
    0x0800ae8e   0x00000028   Code   RO         9852    i.netif_set_addr    netif.o
    0x0800aeb6   0x00000002   PAD
    0x0800aeb8   0x00000010   Code   RO         9853    i.netif_set_default  netif.o
    0x0800aec8   0x0000002a   Code   RO         9854    i.netif_set_down    netif.o
    0x0800aef2   0x00000010   Code   RO         9855    i.netif_set_gw      netif.o
    0x0800af02   0x00000002   PAD
    0x0800af04   0x00000084   Code   RO         9856    i.netif_set_ipaddr  netif.o
    0x0800af88   0x00000010   Code   RO         9859    i.netif_set_netmask  netif.o
    0x0800af98   0x00000036   Code   RO         9860    i.netif_set_up      netif.o
    0x0800afce   0x00000002   PAD
    0x0800afd0   0x0000004c   Code   RO         5716    i.output_func       jpeg_decoder.o
    0x0800b01c   0x00000064   Code   RO         8872    i.ov5640_apply_jpeg_regs  ov5640.o
    0x0800b080   0x000001a2   Code   RO         9958    i.pbuf_alloc        pbuf.o
    0x0800b222   0x00000074   Code   RO         9959    i.pbuf_alloced_custom  pbuf.o
    0x0800b296   0x00000038   Code   RO         9960    i.pbuf_cat          pbuf.o
    0x0800b2ce   0x0000001a   Code   RO         9961    i.pbuf_chain        pbuf.o
    0x0800b2e8   0x00000012   Code   RO         9962    i.pbuf_clen         pbuf.o
    0x0800b2fa   0x000000c8   Code   RO         9964    i.pbuf_copy         pbuf.o
    0x0800b3c2   0x00000092   Code   RO         9965    i.pbuf_copy_partial  pbuf.o
    0x0800b454   0x000000a2   Code   RO         9967    i.pbuf_free         pbuf.o
    0x0800b4f6   0x00000086   Code   RO         9969    i.pbuf_header       pbuf.o
    0x0800b57c   0x00000078   Code   RO         9972    i.pbuf_realloc      pbuf.o
    0x0800b5f4   0x0000001a   Code   RO         9973    i.pbuf_ref          pbuf.o
    0x0800b60e   0x00000002   PAD
    0x0800b610   0x00000088   Code   RO         9683    i.plug_holes        mem.o
    0x0800b698   0x0000029c   Code   RO         5815    i.process_jpeg_frame  jpeg_serial.o
    0x0800b934   0x00000098   Code   RO         7469    i.prvAddCurrentTaskToDelayedList  tasks.o
    0x0800b9cc   0x000000b8   Code   RO         7470    i.prvAddNewTaskToReadyList  tasks.o
    0x0800ba84   0x0000004c   Code   RO         7845    i.prvCheckForValidListAndQueue  timers.o
    0x0800bad0   0x00000064   Code   RO         7471    i.prvCheckTasksWaitingTermination  tasks.o
    0x0800bb34   0x0000002a   Code   RO         7294    i.prvCopyDataFromQueue  queue.o
    0x0800bb5e   0x0000007c   Code   RO         7295    i.prvCopyDataToQueue  queue.o
    0x0800bbda   0x00000012   Code   RO         7472    i.prvDeleteTCB      tasks.o
    0x0800bbec   0x00000028   Code   RO         7846    i.prvGetNextExpireTime  timers.o
    0x0800bc14   0x0000007c   Code   RO         7185    i.prvHeapInit       heap_4.o
    0x0800bc90   0x00000028   Code   RO         7473    i.prvIdleTask       tasks.o
    0x0800bcb8   0x0000001c   Code   RO         7296    i.prvInitialiseMutex  queue.o
    0x0800bcd4   0x0000002a   Code   RO         7297    i.prvInitialiseNewQueue  queue.o
    0x0800bcfe   0x00000090   Code   RO         7474    i.prvInitialiseNewTask  tasks.o
    0x0800bd8e   0x00000002   PAD
    0x0800bd90   0x00000068   Code   RO         7475    i.prvInitialiseTaskLists  tasks.o
    0x0800bdf8   0x00000068   Code   RO         7186    i.prvInsertBlockIntoFreeList  heap_4.o
    0x0800be60   0x00000058   Code   RO         7848    i.prvInsertTimerInActiveList  timers.o
    0x0800beb8   0x0000001a   Code   RO         7298    i.prvIsQueueEmpty   queue.o
    0x0800bed2   0x0000001e   Code   RO         7299    i.prvIsQueueFull    queue.o
    0x0800bef0   0x0000004c   Code   RO         7849    i.prvProcessExpiredTimer  timers.o
    0x0800bf3c   0x000000bc   Code   RO         7850    i.prvProcessReceivedCommands  timers.o
    0x0800bff8   0x00000074   Code   RO         7851    i.prvProcessTimerOrBlockTask  timers.o
    0x0800c06c   0x00000034   Code   RO         7477    i.prvResetNextTaskUnblockTime  tasks.o
    0x0800c0a0   0x0000002c   Code   RO         7852    i.prvSampleTimeNow  timers.o
    0x0800c0cc   0x00000084   Code   RO         7853    i.prvSwitchTimerLists  timers.o
    0x0800c150   0x00000016   Code   RO         7977    i.prvTaskExitError  port.o
    0x0800c166   0x0000001a   Code   RO         7854    i.prvTimerTask      timers.o
    0x0800c180   0x0000007e   Code   RO         7300    i.prvUnlockQueue    queue.o
    0x0800c1fe   0x00000002   PAD
    0x0800c200   0x000000d0   Code   RO         7187    i.pvPortMalloc      heap_4.o
    0x0800c2d0   0x00000020   Code   RO         7481    i.pvTaskIncrementMutexHeldCount  tasks.o
    0x0800c2f0   0x0000002c   Code   RO         7978    i.pxPortInitialiseStack  port.o
    0x0800c31c   0x00000074   Code   RO        10086    i.raw_input         raw.o
    0x0800c390   0x00000010   Code   RO         6916    i.report_task       main.o
    0x0800c3a0   0x00000088   Code   RO         6847    i.restart           tjpgd.o
    0x0800c428   0x0000005c   Code   RO         5816    i.serial_display_init  jpeg_serial.o
    0x0800c484   0x0000005a   Code   RO         5817    i.serial_send_jpeg_data  jpeg_serial.o
    0x0800c4de   0x00000002   PAD
    0x0800c4e0   0x00000094   Code   RO         6917    i.start_task        main.o
    0x0800c574   0x00000062   Code   RO        11744    i.sys_arch_mbox_fetch  sys_arch.o
    0x0800c5d6   0x0000000a   Code   RO        11746    i.sys_arch_protect  sys_arch.o
    0x0800c5e0   0x00000056   Code   RO        11747    i.sys_arch_sem_wait  sys_arch.o
    0x0800c636   0x0000000a   Code   RO        11749    i.sys_arch_unprotect  sys_arch.o
    0x0800c640   0x0000002c   Code   RO        11751    i.sys_init          sys_arch.o
    0x0800c66c   0x00000020   Code   RO        11753    i.sys_mbox_new      sys_arch.o
    0x0800c68c   0x00000020   Code   RO        11756    i.sys_mbox_trypost  sys_arch.o
    0x0800c6ac   0x0000000e   Code   RO        11757    i.sys_mbox_valid    sys_arch.o
    0x0800c6ba   0x0000003e   Code   RO        11759    i.sys_sem_new       sys_arch.o
    0x0800c6f8   0x00000012   Code   RO        11761    i.sys_sem_signal    sys_arch.o
    0x0800c70a   0x00000002   PAD
    0x0800c70c   0x00000060   Code   RO        11763    i.sys_thread_new    sys_arch.o
    0x0800c76c   0x0000009c   Code   RO        10541    i.sys_timeout       timers_1.o
    0x0800c808   0x00000044   Code   RO        10542    i.sys_timeouts_init  timers_1.o
    0x0800c84c   0x00000088   Code   RO        10543    i.sys_timeouts_mbox_fetch  timers_1.o
    0x0800c8d4   0x00000060   Code   RO        10544    i.sys_untimeout     timers_1.o
    0x0800c934   0x00000098   Code   RO        10146    i.tcp_abandon       tcp.o
    0x0800c9cc   0x0000000e   Code   RO        10147    i.tcp_abort         tcp.o
    0x0800c9da   0x00000002   PAD
    0x0800c9dc   0x000000c4   Code   RO        10150    i.tcp_alloc         tcp.o
    0x0800caa0   0x0000001c   Code   RO        10153    i.tcp_close         tcp.o
    0x0800cabc   0x000001c8   Code   RO        10154    i.tcp_close_shutdown  tcp.o
    0x0800cc84   0x000000b8   Code   RO        10437    i.tcp_create_segment  tcp_out.o
    0x0800cd3c   0x0000002e   Code   RO        10157    i.tcp_eff_send_mss  tcp.o
    0x0800cd6a   0x00000126   Code   RO        10438    i.tcp_enqueue_flags  tcp_out.o
    0x0800ce90   0x00000080   Code   RO        10159    i.tcp_fasttmr       tcp.o
    0x0800cf10   0x00000002   Code   RO        10160    i.tcp_init          tcp.o
    0x0800cf12   0x00000002   PAD
    0x0800cf14   0x00000498   Code   RO        10386    i.tcp_input         tcp_in.o
    0x0800d3ac   0x00000054   Code   RO        10439    i.tcp_keepalive     tcp_out.o
    0x0800d400   0x00000058   Code   RO        10161    i.tcp_kill_prio     tcp.o
    0x0800d458   0x00000040   Code   RO        10162    i.tcp_kill_timewait  tcp.o
    0x0800d498   0x0000013c   Code   RO        10387    i.tcp_listen_input  tcp_in.o
    0x0800d5d4   0x0000001c   Code   RO        10166    i.tcp_next_iss      tcp.o
    0x0800d5f0   0x000001c0   Code   RO        10440    i.tcp_output        tcp_out.o
    0x0800d7b0   0x00000078   Code   RO        10441    i.tcp_output_alloc_header  tcp_out.o
    0x0800d828   0x000000d8   Code   RO        10442    i.tcp_output_segment  tcp_out.o
    0x0800d900   0x000000d0   Code   RO        10388    i.tcp_parseopt      tcp_in.o
    0x0800d9d0   0x00000058   Code   RO        10167    i.tcp_pcb_purge     tcp.o
    0x0800da28   0x00000090   Code   RO        10168    i.tcp_pcb_remove    tcp.o
    0x0800dab8   0x000005b8   Code   RO        10389    i.tcp_process       tcp_in.o
    0x0800e070   0x00000094   Code   RO        10170    i.tcp_process_refused_data  tcp.o
    0x0800e104   0x00000678   Code   RO        10390    i.tcp_receive       tcp_in.o
    0x0800e77c   0x0000002e   Code   RO        10172    i.tcp_recv_null     tcp.o
    0x0800e7aa   0x00000048   Code   RO        10173    i.tcp_recved        tcp.o
    0x0800e7f2   0x0000005a   Code   RO        10444    i.tcp_rexmit        tcp_out.o
    0x0800e84c   0x00000078   Code   RO        10445    i.tcp_rexmit_fast   tcp_out.o
    0x0800e8c4   0x0000003a   Code   RO        10446    i.tcp_rexmit_rto    tcp_out.o
    0x0800e8fe   0x00000084   Code   RO        10447    i.tcp_rst           tcp_out.o
    0x0800e982   0x0000001a   Code   RO        10174    i.tcp_seg_free      tcp.o
    0x0800e99c   0x00000018   Code   RO        10175    i.tcp_segs_free     tcp.o
    0x0800e9b4   0x00000056   Code   RO        10448    i.tcp_send_empty_ack  tcp_out.o
    0x0800ea0a   0x0000004a   Code   RO        10449    i.tcp_send_fin      tcp_out.o
    0x0800ea54   0x00000360   Code   RO        10179    i.tcp_slowtmr       tcp.o
    0x0800edb4   0x00000038   Code   RO        10545    i.tcp_timer_needed  timers_1.o
    0x0800edec   0x000000ac   Code   RO        10391    i.tcp_timewait_input  tcp_in.o
    0x0800ee98   0x00000024   Code   RO        10180    i.tcp_tmr           tcp.o
    0x0800eebc   0x0000004e   Code   RO        10181    i.tcp_update_rcv_ann_wnd  tcp.o
    0x0800ef0a   0x000000b4   Code   RO        10452    i.tcp_zero_window_probe  tcp_out.o
    0x0800efbe   0x00000002   PAD
    0x0800efc0   0x00000054   Code   RO        11643    i.tcpip_init        tcpip.o
    0x0800f014   0x0000004c   Code   RO        11644    i.tcpip_input       tcpip.o
    0x0800f060   0x00000038   Code   RO        10546    i.tcpip_tcp_timer   timers_1.o
    0x0800f098   0x000000e4   Code   RO        11645    i.tcpip_thread      tcpip.o
    0x0800f17c   0x000000b8   Code   RO         5359    i.uart_init         usart.o
    0x0800f234   0x00000030   Code   RO         5360    i.uart_send_byte    usart.o
    0x0800f264   0x00000098   Code   RO        10642    i.udp_bind          udp.o
    0x0800f2fc   0x00000002   Code   RO        10645    i.udp_init          udp.o
    0x0800f2fe   0x00000002   PAD
    0x0800f300   0x000001e4   Code   RO        10646    i.udp_input         udp.o
    0x0800f4e4   0x00000058   Code   RO        10648    i.udp_new_port      udp.o
    0x0800f53c   0x000000f0   Code   RO        10653    i.udp_sendto_if     udp.o
    0x0800f62c   0x000000ac   Code   RO         5361    i.usart1_dma_init   usart.o
    0x0800f6d8   0x00000058   Code   RO         5362    i.usart1_dma_send   usart.o
    0x0800f730   0x00000028   Code   RO         7246    i.uxListRemove      list.o
    0x0800f758   0x0000001a   Code   RO         7247    i.vListInitialise   list.o
    0x0800f772   0x00000006   Code   RO         7248    i.vListInitialiseItem  list.o
    0x0800f778   0x00000034   Code   RO         7249    i.vListInsert       list.o
    0x0800f7ac   0x00000018   Code   RO         7250    i.vListInsertEnd    list.o
    0x0800f7c4   0x00000024   Code   RO         7980    i.vPortEnterCritical  port.o
    0x0800f7e8   0x00000020   Code   RO         7981    i.vPortExitCritical  port.o
    0x0800f808   0x00000048   Code   RO         7188    i.vPortFree         heap_4.o
    0x0800f850   0x00000014   Code   RO         7982    i.vPortSetupTimerInterrupt  port.o
    0x0800f864   0x0000004a   Code   RO         7308    i.vQueueWaitForMessageRestricted  queue.o
    0x0800f8ae   0x00000002   PAD
    0x0800f8b0   0x00000034   Code   RO         7489    i.vTaskDelay        tasks.o
    0x0800f8e4   0x000000cc   Code   RO         7491    i.vTaskDelete       tasks.o
    0x0800f9b0   0x0000000c   Code   RO         7495    i.vTaskMissedYield  tasks.o
    0x0800f9bc   0x00000020   Code   RO         7497    i.vTaskPlaceOnEventList  tasks.o
    0x0800f9dc   0x00000028   Code   RO         7498    i.vTaskPlaceOnEventListRestricted  tasks.o
    0x0800fa04   0x000000b0   Code   RO         7500    i.vTaskPriorityInherit  tasks.o
    0x0800fab4   0x00000018   Code   RO         7504    i.vTaskSetTimeOutState  tasks.o
    0x0800facc   0x00000070   Code   RO         7505    i.vTaskStartScheduler  tasks.o
    0x0800fb3c   0x00000010   Code   RO         7507    i.vTaskSuspendAll   tasks.o
    0x0800fb4c   0x00000060   Code   RO         7508    i.vTaskSwitchContext  tasks.o
    0x0800fbac   0x00000048   Code   RO         7983    i.xPortStartScheduler  port.o
    0x0800fbf4   0x0000001a   Code   RO         7309    i.xQueueCreateCountingSemaphore  queue.o
    0x0800fc0e   0x00000022   Code   RO         7310    i.xQueueCreateMutex  queue.o
    0x0800fc30   0x00000038   Code   RO         7311    i.xQueueGenericCreate  queue.o
    0x0800fc68   0x0000015c   Code   RO         7312    i.xQueueGenericReceive  queue.o
    0x0800fdc4   0x00000080   Code   RO         7313    i.xQueueGenericReset  queue.o
    0x0800fe44   0x00000118   Code   RO         7314    i.xQueueGenericSend  queue.o
    0x0800ff5c   0x00000086   Code   RO         7315    i.xQueueGenericSendFromISR  queue.o
    0x0800ffe2   0x00000078   Code   RO         7316    i.xQueueGiveFromISR  queue.o
    0x0801005a   0x00000002   PAD
    0x0801005c   0x0000005c   Code   RO         7509    i.xTaskCheckForTimeOut  tasks.o
    0x080100b8   0x00000060   Code   RO         7510    i.xTaskCreate       tasks.o
    0x08010118   0x00000020   Code   RO         7514    i.xTaskGetSchedulerState  tasks.o
    0x08010138   0x0000000c   Code   RO         7515    i.xTaskGetTickCount  tasks.o
    0x08010144   0x0000011c   Code   RO         7517    i.xTaskIncrementTick  tasks.o
    0x08010260   0x00000084   Code   RO         7520    i.xTaskPriorityDisinherit  tasks.o
    0x080102e4   0x00000080   Code   RO         7521    i.xTaskRemoveFromEventList  tasks.o
    0x08010364   0x000000e8   Code   RO         7523    i.xTaskResumeAll    tasks.o
    0x0801044c   0x00000040   Code   RO         7858    i.xTimerCreateTimerTask  timers.o
    0x0801048c   0x0000006c   Code   RO         7859    i.xTimerGenericCommand  timers.o
    0x080104f8   0x000004c0   Data   RO         6848    .constdata          tjpgd.o
    0x080109b8   0x00000516   Data   RO         8884    .constdata          ov5640.o
    0x08010ece   0x00000038   Data   RO         9751    .constdata          memp.o
    0x08010f06   0x00000002   PAD
    0x08010f08   0x00000050   Data   RO        10182    .constdata          tcp.o
    0x08010f58   0x00000008   Data   RO        10878    .constdata          ip_addr.o
    0x08010f60   0x0000000c   Data   RO        11900    .constdata          etharp.o
    0x08010f6c   0x00000024   Data   RO        12780    .constdata          malloc.o
    0x08010f90   0x00000040   Data   RO        13299    .constdata          mc_w.l(ctype_c.o)
    0x08010fd0   0x0000004f   Data   RO         5622    .conststring        rtc.o
    0x0801101f   0x00000001   PAD
    0x08011020   0x00000047   Data   RO         5719    .conststring        jpeg_decoder.o
    0x08011067   0x00000001   PAD
    0x08011068   0x00000214   Data   RO         8744    .conststring        esp8266_report.o
    0x0801127c   0x0000004e   Data   RO         8885    .conststring        ov5640.o
    0x080112ca   0x00000002   PAD
    0x080112cc   0x000000a0   Data   RO         9752    .conststring        memp.o
    0x0801136c   0x0000006d   Data   RO        10183    .conststring        tcp.o
    0x080113d9   0x00000003   PAD
    0x080113dc   0x00000020   Data   RO        13301    Region$$Table       anon$$obj.o


    Execution Region RW_IRAM1 (Base: 0x20000000, Size: 0x0001c620, Max: 0x00020000, ABSOLUTE, COMPRESSED[0x00000094])

    Base Addr    Size         Type   Attr      Idx    E Section Name        Object

    0x20000000   0x00000010   Data   RW         3102    .data               stm32f4xx_rcc.o
    0x20000010   0x00000004   Data   RW         5257    .data               delay.o
    0x20000014   0x00000008   Data   RW         5364    .data               usart.o
    0x2000001c   0x00000002   Data   RW         5439    .data               usart2.o
    0x2000001e   0x00000002   Data   RW         5522    .data               usart3.o
    0x20000020   0x00000008   Data   RW         5623    .data               rtc.o
    0x20000028   0x00000065   Data   RW         5820    .data               jpeg_serial.o
    0x2000008d   0x00000001   PAD
    0x2000008e   0x00000009   Data   RW         5998    .data               fire_detection.o
    0x20000097   0x00000001   PAD
    0x20000098   0x00000038   Data   RW         6919    .data               main.o
    0x200000d0   0x00000018   Data   RW         7193    .data               heap_4.o
    0x200000e8   0x0000003c   Data   RW         7526    .data               tasks.o
    0x20000124   0x00000014   Data   RW         7865    .data               timers.o
    0x20000138   0x00000004   Data   RW         7984    .data               port.o
    0x2000013c   0x00000010   Data   RW         8446    .data               sdio_sdcard.o
    0x2000014c   0x0000000a   Data   RW         8745    .data               esp8266_report.o
    0x20000156   0x00000002   PAD
    0x20000158   0x0000000a   Data   RW         8811    .data               dcmi.o
    0x20000162   0x00000001   Data   RW         9104    .data               water_pump.o
    0x20000163   0x00000001   Data   RW         9212    .data               key.o
    0x20000164   0x00000004   Data   RW         9328    .data               dhcp.o
    0x20000168   0x00000014   Data   RW         9684    .data               mem.o
    0x2000017c   0x0000003c   Data   RW         9753    .data               memp.o
    0x200001b8   0x00000009   Data   RW         9861    .data               netif.o
    0x200001c1   0x00000003   PAD
    0x200001c4   0x00000004   Data   RW        10092    .data               raw.o
    0x200001c8   0x00000024   Data   RW        10184    .data               tcp.o
    0x200001ec   0x00000020   Data   RW        10393    .data               tcp_in.o
    0x2000020c   0x00000008   Data   RW        10547    .data               timers_1.o
    0x20000214   0x00000008   Data   RW        10654    .data               udp.o
    0x2000021c   0x00000012   Data   RW        10829    .data               ip.o
    0x2000022e   0x00000002   PAD
    0x20000230   0x00000006   Data   RW        10935    .data               ip_frag.o
    0x20000236   0x00000002   PAD
    0x20000238   0x0000000c   Data   RW        11649    .data               tcpip.o
    0x20000244   0x00000002   Data   RW        11765    .data               sys_arch.o
    0x20000246   0x00000001   Data   RW        11901    .data               etharp.o
    0x20000247   0x00000001   PAD
    0x20000248   0x00000018   Data   RW        11984    .data               ethernetif.o
    0x20000260   0x00000010   Data   RW        12135    .data               stm32f4x7_eth.o
    0x20000270   0x00000010   Data   RW        12593    .data               lan8720.o
    0x20000280   0x00000010   Data   RW        12676    .data               lwip_comm.o
    0x20000290   0x00000024   Data   RW        12781    .data               malloc.o
    0x200002b4   0x000000c8   Zero   RW         5363    .bss                usart.o
    0x2000037c   0x0000009e   Zero   RW         5438    .bss                usart2.o
    0x2000041a   0x00000100   Zero   RW         5521    .bss                usart3.o
    0x2000051a   0x00000002   PAD
    0x2000051c   0x00001414   Zero   RW         5718    .bss                jpeg_decoder.o
    0x20001930   0x00010000   Zero   RW         5819    .bss                jpeg_serial.o
    0x20011930   0x0000000a   Zero   RW         5997    .bss                fire_detection.o
    0x2001193a   0x00004800   Zero   RW         7192    .bss                heap_4.o
    0x2001613a   0x00000002   PAD
    0x2001613c   0x000002e4   Zero   RW         7525    .bss                tasks.o
    0x20016420   0x00000028   Zero   RW         7864    .bss                timers.o
    0x20016448   0x000002c0   Zero   RW         8445    .bss                sdio_sdcard.o
    0x20016708   0x00000462   Zero   RW         8743    .bss                esp8266_report.o
    0x20016b6a   0x0000000e   Zero   RW         8810    .bss                dcmi.o
    0x20016b78   0x00000038   Zero   RW         9750    .bss                memp.o
    0x20016bb0   0x00000014   Zero   RW        10392    .bss                tcp_in.o
    0x20016bc4   0x00000030   Zero   RW        11764    .bss                sys_arch.o
    0x20016bf4   0x000000c8   Zero   RW        11899    .bss                etharp.o
    0x20016cbc   0x0000000c   Zero   RW        12134    .bss                stm32f4x7_eth.o
    0x20016cc8   0x0000004c   Zero   RW        12675    .bss                lwip_comm.o
    0x20016d14   0x0000000c   PAD
    0x20016d20   0x00005500   Zero   RW        12779    .bss                malloc.o
    0x2001c220   0x00000400   Zero   RW          212    STACK               startup_stm32f40_41xxx.o



  Load Region LR$$.ARM.__AT_0x10000000 (Base: 0x10000000, Size: 0x00000000, Max: 0x00004000, ABSOLUTE)

    Execution Region ER$$.ARM.__AT_0x10000000 (Base: 0x10000000, Size: 0x00004000, Max: 0x00004000, ABSOLUTE, UNINIT)

    Base Addr    Size         Type   Attr      Idx    E Section Name        Object

    0x10000000   0x00004000   Zero   RW         5717    .ARM.__AT_0x10000000  jpeg_decoder.o



  Load Region LR$$.ARM.__AT_0x10004000 (Base: 0x10004000, Size: 0x00000000, Max: 0x0000a000, ABSOLUTE)

    Execution Region ER$$.ARM.__AT_0x10004000 (Base: 0x10004000, Size: 0x0000a000, Max: 0x0000a000, ABSOLUTE, UNINIT)

    Base Addr    Size         Type   Attr      Idx    E Section Name        Object

    0x10004000   0x0000a000   Zero   RW        12775    .ARM.__AT_0x10004000  malloc.o



  Load Region LR$$.ARM.__AT_0x1000E000 (Base: 0x1000e000, Size: 0x00000000, Max: 0x00000a00, ABSOLUTE)

    Execution Region ER$$.ARM.__AT_0x1000E000 (Base: 0x1000e000, Size: 0x00000a00, Max: 0x00000a00, ABSOLUTE, UNINIT)

    Base Addr    Size         Type   Attr      Idx    E Section Name        Object

    0x1000e000   0x00000a00   Zero   RW        12776    .ARM.__AT_0x1000E000  malloc.o



  Load Region LR$$.ARM.__AT_0x68080000 (Base: 0x68080000, Size: 0x00000000, Max: 0x00064000, ABSOLUTE)

    Execution Region ER$$.ARM.__AT_0x68080000 (Base: 0x68080000, Size: 0x00064000, Max: 0x00064000, ABSOLUTE, UNINIT)

    Base Addr    Size         Type   Attr      Idx    E Section Name        Object

    0x68080000   0x00064000   Zero   RW        12777    .ARM.__AT_0x68080000  malloc.o



  Load Region LR$$.ARM.__AT_0x680E8000 (Base: 0x680e8000, Size: 0x00000000, Max: 0x00006400, ABSOLUTE)

    Execution Region ER$$.ARM.__AT_0x680E8000 (Base: 0x680e8000, Size: 0x00006400, Max: 0x00006400, ABSOLUTE, UNINIT)

    Base Addr    Size         Type   Attr      Idx    E Section Name        Object

    0x680e8000   0x00006400   Zero   RW        12778    .ARM.__AT_0x680E8000  malloc.o


==============================================================================

Image component sizes


      Code (inc. data)   RO Data    RW Data    ZI Data      Debug   Object Name

       700         82          0         10         14       3529   dcmi.o
        62          0          0          0          0       3092   def.o
       174          8          0          4          0      13228   delay.o
      2734         50          0          4          0      28793   dhcp.o
       458         26          0          0          0       5135   dht11.o
         0          0          0          0          0       1476   diskio.o
      1120        744          0          0          0       3812   esp8266.o
      1712        372        532         10       1122       7556   esp8266_report.o
      2500         70         12          1        200      14772   etharp.o
       574         78          0         24          0      40849   ethernetif.o
         0          0          0          0          0      10336   event_groups.o
       880        162          0          0          0       1007   extsram.o
       628        142          0          9         10       4891   fire_detection.o
       508         62          0         24      18432       3991   heap_4.o
       560          8          0          0          0       4078   icmp.o
       294          0          0          0          0       2298   image_preprocess.o
         0          0          0          0          0       3868   inet.o
       200          0          0          0          0       2889   inet_chksum.o
        36          0          0          0          0      16851   init.o
       860         32          0         18          0      12752   ip.o
        78          0          8          0          0       7378   ip_addr.o
      1740         40          0          6          0      11828   ip_frag.o
      1034        324         71          0      21524       9913   jpeg_decoder.o
      1638        778          0        101      65536      10285   jpeg_serial.o
       232         22          0          1          0       1262   key.o
       986         88          0         16          0       7149   lan8720.o
       192         50          0          0          0       1698   led.o
       148          0          0          0          0       3466   list.o
       412         54          0         16         76       4975   lwip_comm.o
      1270        382          0         56          0       9672   main.o
       504         60         36         36     500480       6946   malloc.o
       948         88          0         20          0       5617   mem.o
       232         30        216         60         56      15492   memp.o
       180         24          0          0          0     254549   misc.o
       458         24          0          9          0      18596   netif.o
      2018        760       1380          0          0      10275   ov5640.o
      1422          0          0          0          0      10367   pbuf.o
       460         58          0          4          0       9780   port.o
      1618         16          0          0          0      15094   queue.o
       116         14          0          4          0       1656   raw.o
       728        334         79          8          0       2340   rtc.o
       636         66          0          0          0       4095   sccb.o
       448         28          0         16        704      11630   sdio_sdcard.o
       380         72          0          0          0       2664   smoke.o
         2          0          0          0          0        531   sockets.o
        36          8        392          0       1024        856   startup_stm32f40_41xxx.o
      1904        148          0         16         12      52621   stm32f4x7_eth.o
       326         10          0          0          0       5217   stm32f4xx_adc.o
       240         36          0          0          0       4447   stm32f4xx_dcmi.o
       744         72          0          0          0       7319   stm32f4xx_dma.o
       344         16          0          0          0       2109   stm32f4xx_fsmc.o
       240          0          0          0          0       3735   stm32f4xx_gpio.o
        20          0          0          0          0      85085   stm32f4xx_it.o
        12          6          0          0          0        570   stm32f4xx_pwr.o
       572         80          0         16          0       9190   stm32f4xx_rcc.o
       910         56          0          0          0       7823   stm32f4xx_rtc.o
        80         14          0          0          0       3637   stm32f4xx_sdio.o
        12          6          0          0          0        614   stm32f4xx_syscfg.o
       474          8          0          0          0       7010   stm32f4xx_usart.o
       502         20          0          2         48       8572   sys_arch.o
       340         32          0          0          0       1629   system_stm32f4xx.o
      2598        398          0         60        740      30487   tasks.o
      2728        142        189         36          0      30156   tcp.o
      4992        296          0         32         20      17215   tcp_in.o
      2086         10          0          0          0      12023   tcp_out.o
       388         56          0         12          0       8435   tcpip.o
       958        108          0         20         40       9191   timers.o
       696         88          0          8          0       8339   timers_1.o
      4542         48       1216          0          0      16569   tjpgd.o
       966         28          0          8          0      14248   udp.o
       732         76          0          8        200       6607   usart.o
       708        138          0          2        158      10291   usart2.o
       656        214          0          2        256       4005   usart3.o
       136         34          0          1          0       2430   water_pump.o

    ----------------------------------------------------------------------
     60904       7296       4172        692     610668     992891   Object Totals
         0          0         32          0          0          0   (incl. Generated)
        82          0          9         12         16          0   (incl. Padding)

    ----------------------------------------------------------------------

      Code (inc. data)   RO Data    RW Data    ZI Data      Debug   Library Member Name

        56          8          0          0          0         84   __0sscanf.o
        86          0          0          0          0          0   __dczerorl2.o
        28          0          0          0          0         68   _chval.o
       812          4          0          0          0        112   _scanf.o
       332          0          0          0          0         96   _scanf_int.o
        64          0          0          0          0         84   _sgetc.o
        40          6         64          0          0         68   ctype_c.o
         0          0          0          0          0          0   entry.o
         0          0          0          0          0          0   entry10a.o
         0          0          0          0          0          0   entry11a.o
         8          4          0          0          0          0   entry2.o
         4          0          0          0          0          0   entry5.o
         0          0          0          0          0          0   entry7b.o
         0          0          0          0          0          0   entry8b.o
         8          4          0          0          0          0   entry9a.o
        30          0          0          0          0          0   handlers.o
        36          8          0          0          0         68   init.o
        10          0          0          0          0         68   isspace_c.o
         0          0          0          0          0          0   iusefp.o
        30          0          0          0          0         68   llshl.o
        36          0          0          0          0         68   llsshr.o
        32          0          0          0          0         68   llushr.o
        26          0          0          0          0         80   memcmp.o
        36          0          0          0          0         68   memcpya.o
        36          0          0          0          0        108   memseta.o
      2394        108          0          0          0        824   printfa.o
        40          8          0          0          0         84   scanf_char.o
        28          0          0          0          0         76   strcmp.o
        30          0          0          0          0         80   strncmp.o
        24          0          0          0          0         76   strncpy.o
        36          0          0          0          0         80   strstr.o
        44          0          0          0          0         80   uidiv.o
        98          0          0          0          0         92   uldiv.o
        48          0          0          0          0         68   cdrcmple.o
       334          0          0          0          0        148   dadd.o
       222          0          0          0          0        100   ddiv.o
       186          0          0          0          0        176   depilogue.o
        48          0          0          0          0         68   dfixul.o
       228          0          0          0          0         96   dmul.o
        38          0          0          0          0         68   f2d.o

    ----------------------------------------------------------------------
      5512        150         64          0          0       3224   Library Totals
         4          0          0          0          0          0   (incl. Padding)

    ----------------------------------------------------------------------

      Code (inc. data)   RO Data    RW Data    ZI Data      Debug   Library Name

      4404        150         64          0          0       2500   mc_w.l
      1104          0          0          0          0        724   mf_w.l

    ----------------------------------------------------------------------
      5512        150         64          0          0       3224   Library Totals

    ----------------------------------------------------------------------

==============================================================================


      Code (inc. data)   RO Data    RW Data    ZI Data      Debug   

     66416       7446       4236        692     610668     946979   Grand Totals
     66416       7446       4236        148     610668     946979   ELF Image Totals (compressed)
     66416       7446       4236        148          0          0   ROM Totals

==============================================================================

    Total RO  Size (Code + RO Data)                70652 (  69.00kB)
    Total RW  Size (RW Data + ZI Data)            611360 ( 597.03kB)
    Total ROM Size (Code + RO Data + RW Data)      70800 (  69.14kB)

==============================================================================

